Archive member included to satisfy reference by file (symbol)

/usr/lib/gcc/arm-none-eabi/9.2.1/thumb/v6-m/nofp/libgcc.a(_dvmd_tls.o)
                              CMakeFiles/RPI_PICO_SDK.dir/home/pibs/.local/opt/pico/pico-sdk/src/rp2_common/pico_divider/divider.S.obj (__aeabi_idiv0)
/usr/lib/gcc/arm-none-eabi/9.2.1/../../../arm-none-eabi/lib/thumb/v6-m/nofp/libc.a(lib_a-atexit.o)
                              /usr/lib/gcc/arm-none-eabi/9.2.1/../../../arm-none-eabi/lib/thumb/v6-m/nofp/crt0.o (atexit)
/usr/lib/gcc/arm-none-eabi/9.2.1/../../../arm-none-eabi/lib/thumb/v6-m/nofp/libc.a(lib_a-calloc.o)
                              CMakeFiles/RPI_PICO_SDK.dir/home/pibs/.local/opt/pico/pico-sdk/src/rp2_common/pico_malloc/pico_malloc.c.obj (calloc)
/usr/lib/gcc/arm-none-eabi/9.2.1/../../../arm-none-eabi/lib/thumb/v6-m/nofp/libc.a(lib_a-callocr.o)
                              /usr/lib/gcc/arm-none-eabi/9.2.1/../../../arm-none-eabi/lib/thumb/v6-m/nofp/libc.a(lib_a-calloc.o) (_calloc_r)
/usr/lib/gcc/arm-none-eabi/9.2.1/../../../arm-none-eabi/lib/thumb/v6-m/nofp/libc.a(lib_a-fini.o)
                              /usr/lib/gcc/arm-none-eabi/9.2.1/../../../arm-none-eabi/lib/thumb/v6-m/nofp/crt0.o (__libc_fini_array)
/usr/lib/gcc/arm-none-eabi/9.2.1/../../../arm-none-eabi/lib/thumb/v6-m/nofp/libc.a(lib_a-impure.o)
                              /usr/lib/gcc/arm-none-eabi/9.2.1/../../../arm-none-eabi/lib/thumb/v6-m/nofp/libc.a(lib_a-calloc.o) (_impure_ptr)
/usr/lib/gcc/arm-none-eabi/9.2.1/../../../arm-none-eabi/lib/thumb/v6-m/nofp/libc.a(lib_a-init.o)
                              /usr/lib/gcc/arm-none-eabi/9.2.1/../../../arm-none-eabi/lib/thumb/v6-m/nofp/crt0.o (__libc_init_array)
/usr/lib/gcc/arm-none-eabi/9.2.1/../../../arm-none-eabi/lib/thumb/v6-m/nofp/libc.a(lib_a-malloc.o)
                              CMakeFiles/RPI_PICO_SDK.dir/home/pibs/.local/opt/pico/pico-sdk/src/rp2_common/pico_malloc/pico_malloc.c.obj (malloc)
/usr/lib/gcc/arm-none-eabi/9.2.1/../../../arm-none-eabi/lib/thumb/v6-m/nofp/libc.a(lib_a-mallocr.o)
                              /usr/lib/gcc/arm-none-eabi/9.2.1/../../../arm-none-eabi/lib/thumb/v6-m/nofp/libc.a(lib_a-callocr.o) (_malloc_r)
/usr/lib/gcc/arm-none-eabi/9.2.1/../../../arm-none-eabi/lib/thumb/v6-m/nofp/libc.a(lib_a-mlock.o)
                              /usr/lib/gcc/arm-none-eabi/9.2.1/../../../arm-none-eabi/lib/thumb/v6-m/nofp/libc.a(lib_a-mallocr.o) (__malloc_lock)
/usr/lib/gcc/arm-none-eabi/9.2.1/../../../arm-none-eabi/lib/thumb/v6-m/nofp/libc.a(lib_a-realloc.o)
                              CMakeFiles/RPI_PICO_SDK.dir/home/pibs/.local/opt/pico/pico-sdk/src/rp2_common/pico_malloc/pico_malloc.c.obj (realloc)
/usr/lib/gcc/arm-none-eabi/9.2.1/../../../arm-none-eabi/lib/thumb/v6-m/nofp/libc.a(lib_a-reallocr.o)
                              /usr/lib/gcc/arm-none-eabi/9.2.1/../../../arm-none-eabi/lib/thumb/v6-m/nofp/libc.a(lib_a-realloc.o) (_realloc_r)
/usr/lib/gcc/arm-none-eabi/9.2.1/../../../arm-none-eabi/lib/thumb/v6-m/nofp/libc.a(lib_a-sbrkr.o)
                              /usr/lib/gcc/arm-none-eabi/9.2.1/../../../arm-none-eabi/lib/thumb/v6-m/nofp/libc.a(lib_a-mallocr.o) (_sbrk_r)
/usr/lib/gcc/arm-none-eabi/9.2.1/../../../arm-none-eabi/lib/thumb/v6-m/nofp/libc.a(lib_a-strlen-stub.o)
                              CMakeFiles/RPI_PICO_SDK.dir/home/pibs/.local/opt/pico/pico-sdk/src/rp2_common/pico_stdio/stdio.c.obj (strlen)
/usr/lib/gcc/arm-none-eabi/9.2.1/../../../arm-none-eabi/lib/thumb/v6-m/nofp/libc.a(lib_a-__atexit.o)
                              /usr/lib/gcc/arm-none-eabi/9.2.1/../../../arm-none-eabi/lib/thumb/v6-m/nofp/libc.a(lib_a-atexit.o) (__register_exitproc)
/usr/lib/gcc/arm-none-eabi/9.2.1/../../../arm-none-eabi/lib/thumb/v6-m/nofp/libc.a(lib_a-freer.o)
                              /usr/lib/gcc/arm-none-eabi/9.2.1/../../../arm-none-eabi/lib/thumb/v6-m/nofp/libc.a(lib_a-malloc.o) (_free_r)
/usr/lib/gcc/arm-none-eabi/9.2.1/../../../arm-none-eabi/lib/thumb/v6-m/nofp/libc.a(lib_a-memmove.o)
                              /usr/lib/gcc/arm-none-eabi/9.2.1/../../../arm-none-eabi/lib/thumb/v6-m/nofp/libc.a(lib_a-reallocr.o) (memmove)
/usr/lib/gcc/arm-none-eabi/9.2.1/../../../arm-none-eabi/lib/thumb/v6-m/nofp/libc.a(lib_a-reent.o)
                              /usr/lib/gcc/arm-none-eabi/9.2.1/../../../arm-none-eabi/lib/thumb/v6-m/nofp/libc.a(lib_a-sbrkr.o) (errno)

Allocating common symbols
Common symbol       size              file

sf_table            0x100             CMakeFiles/RPI_PICO_SDK.dir/home/pibs/.local/opt/pico/pico-sdk/src/rp2_common/pico_float/float_init_rom.c.obj
errno               0x4               /usr/lib/gcc/arm-none-eabi/9.2.1/../../../arm-none-eabi/lib/thumb/v6-m/nofp/libc.a(lib_a-reent.o)
sd_table            0x100             CMakeFiles/RPI_PICO_SDK.dir/home/pibs/.local/opt/pico/pico-sdk/src/rp2_common/pico_double/double_init_rom.c.obj
uart_char_to_line_feed
[...]
Memory Configuration

Name             Origin             Length             Attributes
FLASH            0x0000000010000000 0x0000000000200000 xr
RAM              0x0000000020000000 0x0000000000040000 xrw
SCRATCH_X        0x0000000020040000 0x0000000000001000 xrw
SCRATCH_Y        0x0000000020041000 0x0000000000001000 xrw
*default*        0x0000000000000000 0xffffffffffffffff

Linker script and memory map

LOAD /usr/lib/gcc/arm-none-eabi/9.2.1/thumb/v6-m/nofp/crti.o
LOAD /usr/lib/gcc/arm-none-eabi/9.2.1/thumb/v6-m/nofp/crtbegin.o
LOAD /usr/lib/gcc/arm-none-eabi/9.2.1/../../../arm-none-eabi/lib/thumb/v6-m/nofp/crt0.o

.flash_begin    0x0000000010000000        0x0
                0x0000000010000000                __flash_binary_start = .

.boot2          0x0000000010000000      0x100
                0x0000000010000000                __boot2_start__ = .
 *(.boot2)
 .boot2         0x0000000010000000      0x100 /tmp/ccBbJUlj.o
                0x0000000010000100                __boot2_end__ = .
                0x0000000000000001                ASSERT (((__boot2_end__ - __boot2_start__) == 0x100), ERROR: Pico second stage bootloader must be 256 bytes in size)

.text           0x0000000010000100     0x1da8
                0x0000000010000100                __logical_binary_start = .
 *(.vectors)
 .vectors       0x0000000010000100       0xd4 CMakeFiles/RPI_PICO_SDK.dir/home/pibs/.local/opt/pico/pico-sdk/src/rp2_common/pico_standard_link/crt0.S.obj
                0x0000000010000100                __vectors
                0x0000000010000100                __VECTOR_TABLE
                0x00000000100001c0                isr_invalid
                0x00000000100001c0                __default_isrs_start
                0x00000000100001c2                isr_nmi
                0x00000000100001c4                isr_hardfault
                0x00000000100001c6                isr_svcall
                0x00000000100001c8                isr_pendsv
                0x00000000100001ca                isr_systick
                0x00000000100001cc                isr_irq30
                0x00000000100001cc                __unhandled_user_irq
                0x00000000100001cc                isr_irq13
                0x00000000100001cc                isr_irq27
                0x00000000100001cc                isr_irq31
                0x00000000100001cc                isr_irq5
                0x00000000100001cc                isr_irq11
                0x00000000100001cc                isr_irq23
                0x00000000100001cc                isr_irq18
                0x00000000100001cc                isr_irq28
                0x00000000100001cc                isr_irq19
                0x00000000100001cc                isr_irq0
                0x00000000100001cc                isr_irq6
                0x00000000100001cc                isr_irq22
                0x00000000100001cc                isr_irq17
                0x00000000100001cc                isr_irq14
                0x00000000100001cc                isr_irq2
                0x00000000100001cc                isr_irq10
                0x00000000100001cc                isr_irq8
                0x00000000100001cc                isr_irq24
                0x00000000100001cc                isr_irq1
                0x00000000100001cc                isr_irq7
                0x00000000100001cc                isr_irq21
                0x00000000100001cc                isr_irq20
                0x00000000100001cc                isr_irq15
                0x00000000100001cc                isr_irq25
                0x00000000100001cc                isr_irq4
                0x00000000100001cc                isr_irq16
                0x00000000100001cc                isr_irq29
                0x00000000100001cc                isr_irq26
                0x00000000100001cc                __default_isrs_end
                0x00000000100001cc                isr_irq3
                0x00000000100001cc                isr_irq12
                0x00000000100001cc                isr_irq9
                0x00000000100001d2                unhandled_user_irq_num_in_r0
 *(.binary_info_header)
 .binary_info_header
                0x00000000100001d4       0x14 CMakeFiles/RPI_PICO_SDK.dir/home/pibs/.local/opt/pico/pico-sdk/src/rp2_common/pico_standard_link/crt0.S.obj
                0x00000000100001e8                __binary_info_header_end = .
 *(.reset)
 .reset         0x00000000100001e8       0xa8 CMakeFiles/RPI_PICO_SDK.dir/home/pibs/.local/opt/pico/pico-sdk/src/rp2_common/pico_standard_link/crt0.S.obj
                0x00000000100001e8                _entry_point
                0x0000000010000266                __get_current_exception
 .reset         0x0000000010000290       0x30 CMakeFiles/RPI_PICO_SDK.dir/home/pibs/.local/opt/pico/pico-sdk/src/rp2_common/pico_standard_link/binary_info.c.obj
 *(.init)
 .init          0x00000000100002c0        0x4 /usr/lib/gcc/arm-none-eabi/9.2.1/thumb/v6-m/nofp/crti.o
                0x00000000100002c0                _init
 *(EXCLUDE_FILE(*libm.a: *libc.a:*lib_a-mem*.o *libgcc.a:) .text*)
 .text          0x00000000100002c4       0x98 /usr/lib/gcc/arm-none-eabi/9.2.1/thumb/v6-m/nofp/crtbegin.o
 .text.startup.main
                0x000000001000035c       0x28 CMakeFiles/RPI_PICO_SDK.dir/src/main.c.obj
                0x000000001000035c                main
 .text.gpio_init
                0x0000000010000384       0x3c CMakeFiles/RPI_PICO_SDK.dir/home/pibs/.local/opt/pico/pico-sdk/src/rp2_common/hardware_gpio/gpio.c.obj
                0x0000000010000384                gpio_init
 .text.hw_claim_or_assert
                0x00000000100003c0       0x48 CMakeFiles/RPI_PICO_SDK.dir/home/pibs/.local/opt/pico/pico-sdk/src/rp2_common/hardware_claim/claim.c.obj
                0x00000000100003c0                hw_claim_or_assert
 .text.running_on_fpga
                0x0000000010000408       0x10 CMakeFiles/RPI_PICO_SDK.dir/home/pibs/.local/opt/pico/pico-sdk/src/rp2_common/pico_platform/platform.c.obj
                0x0000000010000408                running_on_fpga
 .text.spin_locks_reset
                0x0000000010000418       0x1c CMakeFiles/RPI_PICO_SDK.dir/home/pibs/.local/opt/pico/pico-sdk/src/rp2_common/hardware_sync/sync.c.obj
                0x0000000010000418                spin_locks_reset
 .text.next_striped_spin_lock_num
                0x0000000010000434       0x18 CMakeFiles/RPI_PICO_SDK.dir/home/pibs/.local/opt/pico/pico-sdk/src/rp2_common/hardware_sync/sync.c.obj
                0x0000000010000434                next_striped_spin_lock_num
 .text.irq_set_enabled
                0x000000001000044c       0x24 CMakeFiles/RPI_PICO_SDK.dir/home/pibs/.local/opt/pico/pico-sdk/src/rp2_common/hardware_irq/irq.c.obj
                0x000000001000044c                irq_set_enabled
 .text.irq_get_vtable_handler
                0x0000000010000470       0x10 CMakeFiles/RPI_PICO_SDK.dir/home/pibs/.local/opt/pico/pico-sdk/src/rp2_common/hardware_irq/irq.c.obj
                0x0000000010000470                irq_get_vtable_handler
 .text.irq_set_exclusive_handler
                0x0000000010000480       0x54 CMakeFiles/RPI_PICO_SDK.dir/home/pibs/.local/opt/pico/pico-sdk/src/rp2_common/hardware_irq/irq.c.obj
                0x0000000010000480                irq_set_exclusive_handler
 .text.irq_remove_handler
                0x00000000100004d4      0x1b4 CMakeFiles/RPI_PICO_SDK.dir/home/pibs/.local/opt/pico/pico-sdk/src/rp2_common/hardware_irq/irq.c.obj
                0x00000000100004d4                irq_remove_handler
 .text.irq_add_tail_to_free_list
                0x0000000010000688       0xb8 CMakeFiles/RPI_PICO_SDK.dir/home/pibs/.local/opt/pico/pico-sdk/src/rp2_common/hardware_irq/irq.c.obj
                0x0000000010000688                irq_add_tail_to_free_list
 .text.irq_init_priorities
                0x0000000010000740       0x24 CMakeFiles/RPI_PICO_SDK.dir/home/pibs/.local/opt/pico/pico-sdk/src/rp2_common/hardware_irq/irq.c.obj
                0x0000000010000740                irq_init_priorities
 .text.lock_init
                0x0000000010000764       0x10 CMakeFiles/RPI_PICO_SDK.dir/home/pibs/.local/opt/pico/pico-sdk/src/common/pico_sync/lock_core.c.obj
                0x0000000010000764                lock_init
 .text.timer_pool_entry_comparator
                0x0000000010000774       0x34 CMakeFiles/RPI_PICO_SDK.dir/home/pibs/.local/opt/pico/pico-sdk/src/common/pico_time/time.c.obj
                0x0000000010000774                timer_pool_entry_comparator
 .text.sleep_until_callback
                0x00000000100007a8       0x30 CMakeFiles/RPI_PICO_SDK.dir/home/pibs/.local/opt/pico/pico-sdk/src/common/pico_time/time.c.obj
 .text.alarm_pool_add_alarm_at.constprop.0
                0x00000000100007d8      0x128 CMakeFiles/RPI_PICO_SDK.dir/home/pibs/.local/opt/pico/pico-sdk/src/common/pico_time/time.c.obj
 .text.add_alarm_under_lock
                0x0000000010000900      0x108 CMakeFiles/RPI_PICO_SDK.dir/home/pibs/.local/opt/pico/pico-sdk/src/common/pico_time/time.c.obj
 .text.alarm_pool_alarm_callback
                0x0000000010000a08      0x1c8 CMakeFiles/RPI_PICO_SDK.dir/home/pibs/.local/opt/pico/pico-sdk/src/common/pico_time/time.c.obj
 .text.alarm_pool_init_default
                0x0000000010000bd0       0x64 CMakeFiles/RPI_PICO_SDK.dir/home/pibs/.local/opt/pico/pico-sdk/src/common/pico_time/time.c.obj
                0x0000000010000bd0                alarm_pool_init_default
 .text.sleep_until
                0x0000000010000c34       0xac CMakeFiles/RPI_PICO_SDK.dir/home/pibs/.local/opt/pico/pico-sdk/src/common/pico_time/time.c.obj
                0x0000000010000c34                sleep_until
 .text.sleep_ms
                0x0000000010000ce0       0x38 CMakeFiles/RPI_PICO_SDK.dir/home/pibs/.local/opt/pico/pico-sdk/src/common/pico_time/time.c.obj
                0x0000000010000ce0                sleep_ms
 .text.hardware_alarm_irq_handler
                0x0000000010000d18       0xb8 CMakeFiles/RPI_PICO_SDK.dir/home/pibs/.local/opt/pico/pico-sdk/src/rp2_common/hardware_timer/timer.c.obj
 .text.hardware_alarm_claim
                0x0000000010000dd0       0x18 CMakeFiles/RPI_PICO_SDK.dir/home/pibs/.local/opt/pico/pico-sdk/src/rp2_common/hardware_timer/timer.c.obj
                0x0000000010000dd0                hardware_alarm_claim
 .text.time_us_64
                0x0000000010000de8       0x14 CMakeFiles/RPI_PICO_SDK.dir/home/pibs/.local/opt/pico/pico-sdk/src/rp2_common/hardware_timer/timer.c.obj
                0x0000000010000de8                time_us_64
 .text.busy_wait_until
                0x0000000010000dfc       0x20 CMakeFiles/RPI_PICO_SDK.dir/home/pibs/.local/opt/pico/pico-sdk/src/rp2_common/hardware_timer/timer.c.obj
                0x0000000010000dfc                busy_wait_until
 .text.hardware_alarm_set_callback
                0x0000000010000e1c       0x8c CMakeFiles/RPI_PICO_SDK.dir/home/pibs/.local/opt/pico/pico-sdk/src/rp2_common/hardware_timer/timer.c.obj
                0x0000000010000e1c                hardware_alarm_set_callback
 .text.hardware_alarm_set_target
                0x0000000010000ea8       0xe4 CMakeFiles/RPI_PICO_SDK.dir/home/pibs/.local/opt/pico/pico-sdk/src/rp2_common/hardware_timer/timer.c.obj
                0x0000000010000ea8                hardware_alarm_set_target
 .text.hardware_alarm_cancel
                0x0000000010000f8c       0x40 CMakeFiles/RPI_PICO_SDK.dir/home/pibs/.local/opt/pico/pico-sdk/src/rp2_common/hardware_timer/timer.c.obj
                0x0000000010000f8c                hardware_alarm_cancel
 .text.ph_merge_nodes
                0x0000000010000fcc       0x68 CMakeFiles/RPI_PICO_SDK.dir/home/pibs/.local/opt/pico/pico-sdk/src/common/pico_util/pheap.c.obj
 .text.ph_post_alloc_init
                0x0000000010001034       0x3c CMakeFiles/RPI_PICO_SDK.dir/home/pibs/.local/opt/pico/pico-sdk/src/common/pico_util/pheap.c.obj
                0x0000000010001034                ph_post_alloc_init
 .text.ph_merge_two_pass
                0x0000000010001070       0x90 CMakeFiles/RPI_PICO_SDK.dir/home/pibs/.local/opt/pico/pico-sdk/src/common/pico_util/pheap.c.obj
                0x0000000010001070                ph_merge_two_pass
 .text.ph_remove_any_head
                0x0000000010001100       0xf8 CMakeFiles/RPI_PICO_SDK.dir/home/pibs/.local/opt/pico/pico-sdk/src/common/pico_util/pheap.c.obj
 .text.ph_remove_head
                0x00000000100011f8      0x13c CMakeFiles/RPI_PICO_SDK.dir/home/pibs/.local/opt/pico/pico-sdk/src/common/pico_util/pheap.c.obj
                0x00000000100011f8                ph_remove_head
 .text.ph_remove_and_free_node
                0x0000000010001334       0x7c CMakeFiles/RPI_PICO_SDK.dir/home/pibs/.local/opt/pico/pico-sdk/src/common/pico_util/pheap.c.obj
                0x0000000010001334                ph_remove_and_free_node
 .text.mutex_init
                0x00000000100013b0       0x1c CMakeFiles/RPI_PICO_SDK.dir/home/pibs/.local/opt/pico/pico-sdk/src/common/pico_sync/mutex.c.obj
                0x00000000100013b0                mutex_init
 .text.recursive_mutex_init
                0x00000000100013cc       0x1c CMakeFiles/RPI_PICO_SDK.dir/home/pibs/.local/opt/pico/pico-sdk/src/common/pico_sync/mutex.c.obj
                0x00000000100013cc                recursive_mutex_init
 .text.runtime_init
                0x00000000100013e8       0xf0 CMakeFiles/RPI_PICO_SDK.dir/home/pibs/.local/opt/pico/pico-sdk/src/rp2_common/pico_runtime/runtime.c.obj
                0x00000000100013e8                runtime_init
 .text.exit     0x00000000100014d8        0x4 CMakeFiles/RPI_PICO_SDK.dir/home/pibs/.local/opt/pico/pico-sdk/src/rp2_common/pico_runtime/runtime.c.obj
                0x00000000100014d8                exit
 .text.panic    0x00000000100014dc       0x30 CMakeFiles/RPI_PICO_SDK.dir/home/pibs/.local/opt/pico/pico-sdk/src/rp2_common/pico_runtime/runtime.c.obj
                0x00000000100014dc                panic
 .text.hard_assertion_failure
                0x000000001000150c        0xc CMakeFiles/RPI_PICO_SDK.dir/home/pibs/.local/opt/pico/pico-sdk/src/rp2_common/pico_runtime/runtime.c.obj
                0x000000001000150c                hard_assertion_failure
 .text.clocks_init
                0x0000000010001518      0x2bc CMakeFiles/RPI_PICO_SDK.dir/home/pibs/.local/opt/pico/pico-sdk/src/rp2_common/hardware_clocks/clocks.c.obj
                0x0000000010001518                clocks_init
 .text.pll_init
                0x00000000100017d4       0xa8 CMakeFiles/RPI_PICO_SDK.dir/home/pibs/.local/opt/pico/pico-sdk/src/rp2_common/hardware_pll/pll.c.obj
                0x00000000100017d4                pll_init
 .text.watchdog_start_tick
                0x000000001000187c       0x10 CMakeFiles/RPI_PICO_SDK.dir/home/pibs/.local/opt/pico/pico-sdk/src/rp2_common/hardware_watchdog/watchdog.c.obj
                0x000000001000187c                watchdog_start_tick
 .text.xosc_init
                0x000000001000188c       0x28 CMakeFiles/RPI_PICO_SDK.dir/home/pibs/.local/opt/pico/pico-sdk/src/rp2_common/hardware_xosc/xosc.c.obj
                0x000000001000188c                xosc_init
 .text._out_char
                0x00000000100018b4       0x10 CMakeFiles/RPI_PICO_SDK.dir/home/pibs/.local/opt/pico/pico-sdk/src/rp2_common/pico_printf/printf.c.obj
 .text.weak_raw_vprintf
                0x00000000100018c4       0x30 CMakeFiles/RPI_PICO_SDK.dir/home/pibs/.local/opt/pico/pico-sdk/src/rp2_common/pico_printf/printf.c.obj
                0x00000000100018c4                weak_raw_vprintf
 .text          0x00000000100018f4       0x10 CMakeFiles/RPI_PICO_SDK.dir/home/pibs/.local/opt/pico/pico-sdk/src/rp2_common/pico_bit_ops/bit_ops_aeabi.S.obj
 .text.rom_func_lookup
                0x0000000010001904       0x10 CMakeFiles/RPI_PICO_SDK.dir/home/pibs/.local/opt/pico/pico-sdk/src/rp2_common/pico_bootrom/bootrom.c.obj
                0x0000000010001904                rom_func_lookup
 .text.rom_data_lookup
                0x0000000010001914       0x10 CMakeFiles/RPI_PICO_SDK.dir/home/pibs/.local/opt/pico/pico-sdk/src/rp2_common/pico_bootrom/bootrom.c.obj
                0x0000000010001914                rom_data_lookup
 .text.rom_funcs_lookup
                0x0000000010001924       0x3c CMakeFiles/RPI_PICO_SDK.dir/home/pibs/.local/opt/pico/pico-sdk/src/rp2_common/pico_bootrom/bootrom.c.obj
                0x0000000010001924                rom_funcs_lookup
 .text.__wrap___aeabi_uidiv
                0x0000000010001960       0x4c CMakeFiles/RPI_PICO_SDK.dir/home/pibs/.local/opt/pico/pico-sdk/src/rp2_common/pico_divider/divider.S.obj
                0x0000000010001960                __wrap___aeabi_uidiv
                0x0000000010001960                __wrap___aeabi_uidivmod
                0x0000000010001960                div_u32u32
                0x0000000010001960                divmod_u32u32
                0x0000000010001968                divmod_u32u32_unsafe
                0x0000000010001990                divmod_u32u32_savestate
 .text.__aeabi_double_init
                0x00000000100019ac       0xc0 CMakeFiles/RPI_PICO_SDK.dir/home/pibs/.local/opt/pico/pico-sdk/src/rp2_common/pico_double/double_init_rom.c.obj
                0x00000000100019ac                __aeabi_double_init
 .text.double_table_shim_on_use_helper
                0x0000000010001a6c       0x2c CMakeFiles/RPI_PICO_SDK.dir/home/pibs/.local/opt/pico/pico-sdk/src/rp2_common/pico_double/double_v1_rom_shim.S.obj
                0x0000000010001a6c                double_table_shim_on_use_helper
 .text.__aeabi_lmul
                0x0000000010001a98       0x32 CMakeFiles/RPI_PICO_SDK.dir/home/pibs/.local/opt/pico/pico-sdk/src/rp2_common/pico_int64_ops/pico_int64_ops_aeabi.S.obj
                0x0000000010001a98                __wrap___aeabi_lmul
 *fill*         0x0000000010001aca        0x2 
 .text.__aeabi_float_init
                0x0000000010001acc       0x64 CMakeFiles/RPI_PICO_SDK.dir/home/pibs/.local/opt/pico/pico-sdk/src/rp2_common/pico_float/float_init_rom.c.obj
                0x0000000010001acc                __aeabi_float_init
 .text.float_table_shim_on_use_helper
                0x0000000010001b30       0x2c CMakeFiles/RPI_PICO_SDK.dir/home/pibs/.local/opt/pico/pico-sdk/src/rp2_common/pico_float/float_v1_rom_shim.S.obj
                0x0000000010001b30                float_table_shim_on_use_helper
 .text          0x0000000010001b5c       0x10 CMakeFiles/RPI_PICO_SDK.dir/home/pibs/.local/opt/pico/pico-sdk/src/rp2_common/pico_mem_ops/mem_ops_aeabi.S.obj
                0x0000000010001b5c                __aeabi_mem_init
 .text.memcpy   0x0000000010001b6c        0xc CMakeFiles/RPI_PICO_SDK.dir/home/pibs/.local/opt/pico/pico-sdk/src/rp2_common/pico_mem_ops/mem_ops_aeabi.S.obj
                0x0000000010001b6c                __wrap___aeabi_memcpy
                0x0000000010001b6c                __wrap_memcpy
 .text.stdio_out_chars_no_crlf
                0x0000000010001b78       0x10 CMakeFiles/RPI_PICO_SDK.dir/home/pibs/.local/opt/pico/pico-sdk/src/rp2_common/pico_stdio/stdio.c.obj
 .text.stdio_out_chars_crlf
                0x0000000010001b88       0x94 CMakeFiles/RPI_PICO_SDK.dir/home/pibs/.local/opt/pico/pico-sdk/src/rp2_common/pico_stdio/stdio.c.obj
 .text.stdio_put_string
                0x0000000010001c1c      0x100 CMakeFiles/RPI_PICO_SDK.dir/home/pibs/.local/opt/pico/pico-sdk/src/rp2_common/pico_stdio/stdio.c.obj
 .text.__wrap_putchar
                0x0000000010001d1c       0xa4 CMakeFiles/RPI_PICO_SDK.dir/home/pibs/.local/opt/pico/pico-sdk/src/rp2_common/pico_stdio/stdio.c.obj
                0x0000000010001d1c                __wrap_putchar
 .text.__wrap_puts
                0x0000000010001dc0       0x3c CMakeFiles/RPI_PICO_SDK.dir/home/pibs/.local/opt/pico/pico-sdk/src/rp2_common/pico_stdio/stdio.c.obj
                0x0000000010001dc0                __wrap_puts
 .text          0x0000000010001dfc       0x68 /usr/lib/gcc/arm-none-eabi/9.2.1/../../../arm-none-eabi/lib/thumb/v6-m/nofp/libc.a(lib_a-strlen-stub.o)
                0x0000000010001dfc                strlen
 *(.fini)
 .fini          0x0000000010001e64        0x4 /usr/lib/gcc/arm-none-eabi/9.2.1/thumb/v6-m/nofp/crti.o
                0x0000000010001e64                _fini
 .fini.__stub   0x0000000010001e68       0x40 linker stubs
 *crtbegin.o(.ctors)
 *crtbegin?.o(.ctors)
 *(EXCLUDE_FILE(*crtend.o *crtend?.o) .ctors)
 *(SORT_BY_NAME(.ctors.*))
 *(.ctors)
 *crtbegin.o(.dtors)
 *crtbegin?.o(.dtors)
 *(EXCLUDE_FILE(*crtend.o *crtend?.o) .dtors)
 *(SORT_BY_NAME(.dtors.*))
 *(.dtors)
 *(.eh_frame*)
 .eh_frame      0x0000000010001ea8        0x0 /usr/lib/gcc/arm-none-eabi/9.2.1/thumb/v6-m/nofp/crtbegin.o
                0x0000000010001ea8                . = ALIGN (0x4)

.glue_7         0x0000000010001ea8        0x0
 .glue_7        0x0000000010001ea8        0x0 linker stubs

.glue_7t        0x0000000010001ea8        0x0
 .glue_7t       0x0000000010001ea8        0x0 linker stubs

.vfp11_veneer   0x0000000010001ea8        0x0
 .vfp11_veneer  0x0000000010001ea8        0x0 linker stubs

.v4_bx          0x0000000010001ea8        0x0
 .v4_bx         0x0000000010001ea8        0x0 linker stubs

.iplt           0x0000000010001ea8        0x0
 .iplt          0x0000000010001ea8        0x0 /usr/lib/gcc/arm-none-eabi/9.2.1/thumb/v6-m/nofp/crtbegin.o

.rodata         0x0000000010001ea8       0xb0
 *(EXCLUDE_FILE(*libm.a: *libc.a:*lib_a-mem*.o *libgcc.a:) .rodata*)
 .rodata.hardware_alarm_claim.str1.4
                0x0000000010001ea8       0x22 CMakeFiles/RPI_PICO_SDK.dir/home/pibs/.local/opt/pico/pico-sdk/src/rp2_common/hardware_timer/timer.c.obj
 *fill*         0x0000000010001eca        0x2 
 .rodata.panic.str1.4
                0x0000000010001ecc       0x12 CMakeFiles/RPI_PICO_SDK.dir/home/pibs/.local/opt/pico/pico-sdk/src/rp2_common/pico_runtime/runtime.c.obj
 *fill*         0x0000000010001ede        0x2 
 .rodata.hard_assertion_failure.str1.4
                0x0000000010001ee0        0xc CMakeFiles/RPI_PICO_SDK.dir/home/pibs/.local/opt/pico/pico-sdk/src/rp2_common/pico_runtime/runtime.c.obj
 .rodata.str1.4
                0x0000000010001eec       0x44 CMakeFiles/RPI_PICO_SDK.dir/home/pibs/.local/opt/pico/pico-sdk/src/rp2_common/pico_standard_link/binary_info.c.obj
 .rodata.__bi_44
                0x0000000010001f30        0xc CMakeFiles/RPI_PICO_SDK.dir/home/pibs/.local/opt/pico/pico-sdk/src/rp2_common/pico_standard_link/binary_info.c.obj
 .rodata.__bi_75
                0x0000000010001f3c        0xc CMakeFiles/RPI_PICO_SDK.dir/home/pibs/.local/opt/pico/pico-sdk/src/rp2_common/pico_standard_link/binary_info.c.obj
 .rodata.__bi_81
                0x0000000010001f48        0xc CMakeFiles/RPI_PICO_SDK.dir/home/pibs/.local/opt/pico/pico-sdk/src/rp2_common/pico_standard_link/binary_info.c.obj
 .rodata.crlf_str.6060
                0x0000000010001f54        0x2 CMakeFiles/RPI_PICO_SDK.dir/home/pibs/.local/opt/pico/pico-sdk/src/rp2_common/pico_stdio/stdio.c.obj
                0x0000000010001f58                . = ALIGN (0x4)
 *fill*         0x0000000010001f56        0x2 
 *(SORT_BY_ALIGNMENT(SORT_BY_NAME(.flashdata*)))
                0x0000000010001f58                . = ALIGN (0x4)

.rel.dyn        0x0000000010001f58        0x0
 .rel.iplt      0x0000000010001f58        0x0 /usr/lib/gcc/arm-none-eabi/9.2.1/thumb/v6-m/nofp/crtbegin.o

.ARM.extab
 *(.ARM.extab* .gnu.linkonce.armextab.*)
                0x0000000010001f58                __exidx_start = .

.ARM.exidx
 *(.ARM.exidx* .gnu.linkonce.armexidx.*)
                0x0000000010001f58                __exidx_end = .
                0x0000000010001f58                . = ALIGN (0x4)
                0x0000000010001f58                __binary_info_start = .

.binary_info    0x0000000010001f58       0x1c
 *(.binary_info.keep.*)
 .binary_info.keep.__bi_ptr22
                0x0000000010001f58        0x4 CMakeFiles/RPI_PICO_SDK.dir/home/pibs/.local/opt/pico/pico-sdk/src/rp2_common/pico_standard_link/binary_info.c.obj
 .binary_info.keep.__bi_ptr30
                0x0000000010001f5c        0x4 CMakeFiles/RPI_PICO_SDK.dir/home/pibs/.local/opt/pico/pico-sdk/src/rp2_common/pico_standard_link/binary_info.c.obj
 .binary_info.keep.__bi_ptr38
                0x0000000010001f60        0x4 CMakeFiles/RPI_PICO_SDK.dir/home/pibs/.local/opt/pico/pico-sdk/src/rp2_common/pico_standard_link/binary_info.c.obj
 .binary_info.keep.__bi_ptr44
                0x0000000010001f64        0x4 CMakeFiles/RPI_PICO_SDK.dir/home/pibs/.local/opt/pico/pico-sdk/src/rp2_common/pico_standard_link/binary_info.c.obj
 .binary_info.keep.__bi_ptr50
                0x0000000010001f68        0x4 CMakeFiles/RPI_PICO_SDK.dir/home/pibs/.local/opt/pico/pico-sdk/src/rp2_common/pico_standard_link/binary_info.c.obj
 .binary_info.keep.__bi_ptr75
                0x0000000010001f6c        0x4 CMakeFiles/RPI_PICO_SDK.dir/home/pibs/.local/opt/pico/pico-sdk/src/rp2_common/pico_standard_link/binary_info.c.obj
 .binary_info.keep.__bi_ptr81
                0x0000000010001f70        0x4 CMakeFiles/RPI_PICO_SDK.dir/home/pibs/.local/opt/pico/pico-sdk/src/rp2_common/pico_standard_link/binary_info.c.obj
 *(.binary_info.*)
                0x0000000010001f74                __binary_info_end = .
                0x0000000010001f74                . = ALIGN (0x4)
                0x0000000010001f74                __etext = .

.ram_vector_table
                0x0000000020000000       0xc0
 *(.ram_vector_table)
 .ram_vector_table
                0x0000000020000000       0xc0 CMakeFiles/RPI_PICO_SDK.dir/home/pibs/.local/opt/pico/pico-sdk/src/rp2_common/pico_runtime/runtime.c.obj
                0x0000000020000000                ram_vector_table

.data           0x00000000200000c0      0x16c load address 0x0000000010001f74
                0x00000000200000c0                __data_start__ = .
 *(vtable)
 *(.time_critical*)
 .time_critical.mutex_enter_blocking
                0x00000000200000c0       0x48 CMakeFiles/RPI_PICO_SDK.dir/home/pibs/.local/opt/pico/pico-sdk/src/common/pico_sync/mutex.c.obj
                0x00000000200000c0                mutex_enter_blocking
 .time_critical.mutex_try_enter
                0x0000000020000108       0x48 CMakeFiles/RPI_PICO_SDK.dir/home/pibs/.local/opt/pico/pico-sdk/src/common/pico_sync/mutex.c.obj
                0x0000000020000108                mutex_try_enter
 .time_critical.mutex_exit
                0x0000000020000150       0x28 CMakeFiles/RPI_PICO_SDK.dir/home/pibs/.local/opt/pico/pico-sdk/src/common/pico_sync/mutex.c.obj
                0x0000000020000150                mutex_exit
 *(.text*)
 .text          0x0000000020000178        0x4 /usr/lib/gcc/arm-none-eabi/9.2.1/thumb/v6-m/nofp/libgcc.a(_dvmd_tls.o)
                0x0000000020000178                __aeabi_ldiv0
                0x0000000020000178                __aeabi_idiv0
                0x000000002000017c                . = ALIGN (0x4)
 *(.rodata*)
                0x000000002000017c                . = ALIGN (0x4)
 *(.data*)
 .data.striped_spin_lock_num
                0x000000002000017c        0x1 CMakeFiles/RPI_PICO_SDK.dir/home/pibs/.local/opt/pico/pico-sdk/src/rp2_common/hardware_sync/sync.c.obj
 *fill*         0x000000002000017d        0x3 
 .data          0x0000000020000180       0x48 CMakeFiles/RPI_PICO_SDK.dir/home/pibs/.local/opt/pico/pico-sdk/src/rp2_common/hardware_irq/irq_handler_chain.S.obj
                0x0000000020000180                irq_handler_chain_slots
                0x00000000200001b0                irq_handler_chain_first_slot
                0x00000000200001ba                irq_handler_chain_remove_tail
 .data.default_alarm_pool
                0x00000000200001c8       0x18 CMakeFiles/RPI_PICO_SDK.dir/home/pibs/.local/opt/pico/pico-sdk/src/common/pico_time/time.c.obj
 .data.default_alarm_pool_heap
                0x00000000200001e0       0x10 CMakeFiles/RPI_PICO_SDK.dir/home/pibs/.local/opt/pico/pico-sdk/src/common/pico_time/time.c.obj
 .data.aeabi_bits_funcs
                0x00000000200001f0       0x10 CMakeFiles/RPI_PICO_SDK.dir/home/pibs/.local/opt/pico/pico-sdk/src/rp2_common/pico_bit_ops/bit_ops_aeabi.S.obj
                0x00000000200001f0                aeabi_bits_funcs
                0x0000000020000200                aeabi_bits_funcs_end
 .data.aeabi_mem_funcs
                0x0000000020000200       0x10 CMakeFiles/RPI_PICO_SDK.dir/home/pibs/.local/opt/pico/pico-sdk/src/rp2_common/pico_mem_ops/mem_ops_aeabi.S.obj
                0x0000000020000200                aeabi_mem_funcs
                0x0000000020000210                aeabi_mem_funcs_end
                0x0000000020000210                . = ALIGN (0x4)
 *(.after_data.*)
                0x0000000020000210                . = ALIGN (0x4)
                0x0000000020000210                PROVIDE (__mutex_array_start = .)
 *(SORT_BY_NAME(.mutex_array.*))
 *(.mutex_array)
 .mutex_array   0x0000000020000210        0x8 CMakeFiles/RPI_PICO_SDK.dir/home/pibs/.local/opt/pico/pico-sdk/src/rp2_common/pico_stdio/stdio.c.obj
                0x0000000020000218                PROVIDE (__mutex_array_end = .)
                0x0000000020000218                . = ALIGN (0x4)
                0x0000000020000218                PROVIDE (__preinit_array_start = .)
 *(SORT_BY_NAME(.preinit_array.*))
 .preinit_array.00001
                0x0000000020000218        0x4 CMakeFiles/RPI_PICO_SDK.dir/home/pibs/.local/opt/pico/pico-sdk/src/rp2_common/pico_mem_ops/mem_ops_aeabi.S.obj
 .preinit_array.00010
                0x000000002000021c        0x4 CMakeFiles/RPI_PICO_SDK.dir/home/pibs/.local/opt/pico/pico-sdk/src/rp2_common/pico_bit_ops/bit_ops_aeabi.S.obj
 .preinit_array.00020
                0x0000000020000220        0x4 CMakeFiles/RPI_PICO_SDK.dir/home/pibs/.local/opt/pico/pico-sdk/src/rp2_common/pico_double/double_aeabi.S.obj
 .preinit_array.00020
                0x0000000020000224        0x4 CMakeFiles/RPI_PICO_SDK.dir/home/pibs/.local/opt/pico/pico-sdk/src/rp2_common/pico_float/float_aeabi.S.obj
 *(.preinit_array)
                0x0000000020000228                PROVIDE (__preinit_array_end = .)
                0x0000000020000228                . = ALIGN (0x4)
                0x0000000020000228                PROVIDE (__init_array_start = .)
 *(SORT_BY_NAME(.init_array.*))
 *(.init_array)
 .init_array    0x0000000020000228        0x4 /usr/lib/gcc/arm-none-eabi/9.2.1/thumb/v6-m/nofp/crtbegin.o
                0x000000002000022c                PROVIDE (__init_array_end = .)
                0x000000002000022c                . = ALIGN (0x4)
                0x000000002000022c                PROVIDE (__fini_array_start = .)
 *(SORT_BY_NAME(.fini_array.*))
 *(.fini_array)
                0x000000002000022c                PROVIDE (__fini_array_end = .)
 *(.jcr)
                0x000000002000022c                . = ALIGN (0x4)
                0x000000002000022c                __data_end__ = .

.tm_clone_table
                0x000000002000022c        0x0 load address 0x00000000100020e0
 .tm_clone_table
                0x000000002000022c        0x0 /usr/lib/gcc/arm-none-eabi/9.2.1/thumb/v6-m/nofp/crtbegin.o
 .tm_clone_table
                0x000000002000022c        0x0 /usr/lib/gcc/arm-none-eabi/9.2.1/thumb/v6-m/nofp/crtend.o

.igot.plt       0x000000002000022c        0x0 load address 0x00000000100020e0
 .igot.plt      0x000000002000022c        0x0 /usr/lib/gcc/arm-none-eabi/9.2.1/thumb/v6-m/nofp/crtbegin.o

.uninitialized_data
                0x000000002000022c        0x0 load address 0x00000000100020e0
                0x000000002000022c                . = ALIGN (0x4)
 *(.uninitialized_data*)

.scratch_x      0x0000000020040000        0x0 load address 0x00000000100020e0
                0x0000000020040000                __scratch_x_start__ = .
 *(.scratch_x.*)
                0x0000000020040000                . = ALIGN (0x4)
                0x0000000020040000                __scratch_x_end__ = .
                0x00000000100020e0                __scratch_x_source__ = LOADADDR (.scratch_x)

.scratch_y      0x0000000020041000        0x0 load address 0x00000000100020e0
                0x0000000020041000                __scratch_y_start__ = .
 *(.scratch_y.*)
                0x0000000020041000                . = ALIGN (0x4)
                0x0000000020041000                __scratch_y_end__ = .
                0x00000000100020e0                __scratch_y_source__ = LOADADDR (.scratch_y)

.bss            0x0000000020000230      0x3cc
                0x0000000020000230                . = ALIGN (0x4)
                0x0000000020000230                __bss_start__ = .
 *(SORT_BY_ALIGNMENT(SORT_BY_NAME(.bss*)))
 .bss.default_alarm_pool_entries
                0x0000000020000230      0x100 CMakeFiles/RPI_PICO_SDK.dir/home/pibs/.local/opt/pico/pico-sdk/src/common/pico_time/time.c.obj
 .bss           0x0000000020000330       0x1c /usr/lib/gcc/arm-none-eabi/9.2.1/thumb/v6-m/nofp/crtbegin.o
 .bss.alarm_callbacks
                0x000000002000034c       0x10 CMakeFiles/RPI_PICO_SDK.dir/home/pibs/.local/opt/pico/pico-sdk/src/rp2_common/hardware_timer/timer.c.obj
 .bss.configured_freq
                0x000000002000035c       0x28 CMakeFiles/RPI_PICO_SDK.dir/home/pibs/.local/opt/pico/pico-sdk/src/rp2_common/hardware_clocks/clocks.c.obj
 .bss.default_alarm_pool_entry_ids_high
                0x0000000020000384       0x10 CMakeFiles/RPI_PICO_SDK.dir/home/pibs/.local/opt/pico/pico-sdk/src/common/pico_time/time.c.obj
 .bss.default_alarm_pool_heap_nodes
                0x0000000020000394       0x30 CMakeFiles/RPI_PICO_SDK.dir/home/pibs/.local/opt/pico/pico-sdk/src/common/pico_time/time.c.obj
 .bss.drivers   0x00000000200003c4        0x4 CMakeFiles/RPI_PICO_SDK.dir/home/pibs/.local/opt/pico/pico-sdk/src/rp2_common/pico_stdio/stdio.c.obj
 .bss.filter    0x00000000200003c8        0x4 CMakeFiles/RPI_PICO_SDK.dir/home/pibs/.local/opt/pico/pico-sdk/src/rp2_common/pico_stdio/stdio.c.obj
 .bss.lazy_vsnprintf
                0x00000000200003cc        0x4 CMakeFiles/RPI_PICO_SDK.dir/home/pibs/.local/opt/pico/pico-sdk/src/rp2_common/pico_printf/printf.c.obj
 .bss.pools     0x00000000200003d0       0x10 CMakeFiles/RPI_PICO_SDK.dir/home/pibs/.local/opt/pico/pico-sdk/src/common/pico_time/time.c.obj
 .bss.sf_clz_func
                0x00000000200003e0        0x4 CMakeFiles/RPI_PICO_SDK.dir/home/pibs/.local/opt/pico/pico-sdk/src/rp2_common/pico_double/double_init_rom.c.obj
                0x00000000200003e0                sf_clz_func
 .bss.sleep_notifier
                0x00000000200003e4        0x4 CMakeFiles/RPI_PICO_SDK.dir/home/pibs/.local/opt/pico/pico-sdk/src/common/pico_time/time.c.obj
 .bss.target_hi
                0x00000000200003e8       0x10 CMakeFiles/RPI_PICO_SDK.dir/home/pibs/.local/opt/pico/pico-sdk/src/rp2_common/hardware_timer/timer.c.obj
 .bss.claimed   0x00000000200003f8        0x1 CMakeFiles/RPI_PICO_SDK.dir/home/pibs/.local/opt/pico/pico-sdk/src/rp2_common/hardware_timer/timer.c.obj
 .bss.irq_hander_chain_free_slot_head
                0x00000000200003f9        0x1 CMakeFiles/RPI_PICO_SDK.dir/home/pibs/.local/opt/pico/pico-sdk/src/rp2_common/hardware_irq/irq.c.obj
 .bss.timer_callbacks_pending
                0x00000000200003fa        0x1 CMakeFiles/RPI_PICO_SDK.dir/home/pibs/.local/opt/pico/pico-sdk/src/rp2_common/hardware_timer/timer.c.obj
 *(COMMON)
 *fill*         0x00000000200003fb        0x1 
 COMMON         0x00000000200003fc      0x100 CMakeFiles/RPI_PICO_SDK.dir/home/pibs/.local/opt/pico/pico-sdk/src/rp2_common/pico_double/double_init_rom.c.obj
                0x00000000200003fc                sd_table
 COMMON         0x00000000200004fc      0x100 CMakeFiles/RPI_PICO_SDK.dir/home/pibs/.local/opt/pico/pico-sdk/src/rp2_common/pico_float/float_init_rom.c.obj
                0x00000000200004fc                sf_table
                0x00000000200005fc                . = ALIGN (0x4)
                0x00000000200005fc                __bss_end__ = .

.heap           0x00000000200005fc      0x800
                0x00000000200005fc                __end__ = .
                0x00000000200005fc                end = __end__
 *(.heap*)
 .heap          0x00000000200005fc      0x800 CMakeFiles/RPI_PICO_SDK.dir/home/pibs/.local/opt/pico/pico-sdk/src/rp2_common/pico_standard_link/crt0.S.obj
                0x0000000020000dfc                __HeapLimit = .

.stack1_dummy   0x0000000020040000        0x0
 *(.stack1*)

.stack_dummy    0x0000000020041000      0x800
 *(.stack*)
 .stack         0x0000000020041000      0x800 CMakeFiles/RPI_PICO_SDK.dir/home/pibs/.local/opt/pico/pico-sdk/src/rp2_common/pico_standard_link/crt0.S.obj

.flash_end      0x00000000100020e0        0x0
                0x00000000100020e0                __flash_binary_end = .
                0x0000000020040000                __StackLimit = (ORIGIN (RAM) + LENGTH (RAM))
                0x0000000020041000                __StackOneTop = (ORIGIN (SCRATCH_X) + LENGTH (SCRATCH_X))
                0x0000000020042000                __StackTop = (ORIGIN (SCRATCH_Y) + LENGTH (SCRATCH_Y))
                0x0000000020041000                __StackOneBottom = (__StackOneTop - SIZEOF (.stack1_dummy))
                0x0000000020041800                __StackBottom = (__StackTop - SIZEOF (.stack_dummy))
                0x0000000020042000                PROVIDE (__stack = __StackTop)
                0x0000000000000001                ASSERT ((__StackLimit >= __HeapLimit), region RAM overflowed)
                0x0000000000000001                ASSERT (((__binary_info_header_end - __logical_binary_start) <= 0x100), Binary info must be in first 256 bytes of the binary)
LOAD CMakeFiles/RPI_PICO_SDK.dir/src/main.c.obj
LOAD CMakeFiles/RPI_PICO_SDK.dir/lib/uart/simple_uart.c.obj
LOAD CMakeFiles/RPI_PICO_SDK.dir/home/pibs/.local/opt/pico/pico-sdk/src/rp2_common/pico_stdlib/stdlib.c.obj
LOAD CMakeFiles/RPI_PICO_SDK.dir/home/pibs/.local/opt/pico/pico-sdk/src/rp2_common/hardware_gpio/gpio.c.obj
LOAD CMakeFiles/RPI_PICO_SDK.dir/home/pibs/.local/opt/pico/pico-sdk/src/rp2_common/hardware_claim/claim.c.obj
LOAD CMakeFiles/RPI_PICO_SDK.dir/home/pibs/.local/opt/pico/pico-sdk/src/rp2_common/pico_platform/platform.c.obj
LOAD CMakeFiles/RPI_PICO_SDK.dir/home/pibs/.local/opt/pico/pico-sdk/src/rp2_common/hardware_sync/sync.c.obj
LOAD CMakeFiles/RPI_PICO_SDK.dir/home/pibs/.local/opt/pico/pico-sdk/src/rp2_common/hardware_irq/irq.c.obj
LOAD CMakeFiles/RPI_PICO_SDK.dir/home/pibs/.local/opt/pico/pico-sdk/src/rp2_common/hardware_irq/irq_handler_chain.S.obj
LOAD CMakeFiles/RPI_PICO_SDK.dir/home/pibs/.local/opt/pico/pico-sdk/src/common/pico_sync/sem.c.obj
LOAD CMakeFiles/RPI_PICO_SDK.dir/home/pibs/.local/opt/pico/pico-sdk/src/common/pico_sync/lock_core.c.obj
LOAD CMakeFiles/RPI_PICO_SDK.dir/home/pibs/.local/opt/pico/pico-sdk/src/common/pico_time/time.c.obj
LOAD CMakeFiles/RPI_PICO_SDK.dir/home/pibs/.local/opt/pico/pico-sdk/src/common/pico_time/timeout_helper.c.obj
LOAD CMakeFiles/RPI_PICO_SDK.dir/home/pibs/.local/opt/pico/pico-sdk/src/rp2_common/hardware_timer/timer.c.obj
LOAD CMakeFiles/RPI_PICO_SDK.dir/home/pibs/.local/opt/pico/pico-sdk/src/common/pico_util/datetime.c.obj
LOAD CMakeFiles/RPI_PICO_SDK.dir/home/pibs/.local/opt/pico/pico-sdk/src/common/pico_util/pheap.c.obj
LOAD CMakeFiles/RPI_PICO_SDK.dir/home/pibs/.local/opt/pico/pico-sdk/src/common/pico_util/queue.c.obj
LOAD CMakeFiles/RPI_PICO_SDK.dir/home/pibs/.local/opt/pico/pico-sdk/src/common/pico_sync/mutex.c.obj
LOAD CMakeFiles/RPI_PICO_SDK.dir/home/pibs/.local/opt/pico/pico-sdk/src/common/pico_sync/critical_section.c.obj
LOAD CMakeFiles/RPI_PICO_SDK.dir/home/pibs/.local/opt/pico/pico-sdk/src/rp2_common/hardware_uart/uart.c.obj
LOAD CMakeFiles/RPI_PICO_SDK.dir/home/pibs/.local/opt/pico/pico-sdk/src/rp2_common/hardware_divider/divider.S.obj
LOAD CMakeFiles/RPI_PICO_SDK.dir/home/pibs/.local/opt/pico/pico-sdk/src/rp2_common/pico_runtime/runtime.c.obj
LOAD CMakeFiles/RPI_PICO_SDK.dir/home/pibs/.local/opt/pico/pico-sdk/src/rp2_common/hardware_clocks/clocks.c.obj
LOAD CMakeFiles/RPI_PICO_SDK.dir/home/pibs/.local/opt/pico/pico-sdk/src/rp2_common/hardware_pll/pll.c.obj
LOAD CMakeFiles/RPI_PICO_SDK.dir/home/pibs/.local/opt/pico/pico-sdk/src/rp2_common/hardware_vreg/vreg.c.obj
LOAD CMakeFiles/RPI_PICO_SDK.dir/home/pibs/.local/opt/pico/pico-sdk/src/rp2_common/hardware_watchdog/watchdog.c.obj
LOAD CMakeFiles/RPI_PICO_SDK.dir/home/pibs/.local/opt/pico/pico-sdk/src/rp2_common/hardware_xosc/xosc.c.obj
LOAD CMakeFiles/RPI_PICO_SDK.dir/home/pibs/.local/opt/pico/pico-sdk/src/rp2_common/pico_printf/printf.c.obj
LOAD CMakeFiles/RPI_PICO_SDK.dir/home/pibs/.local/opt/pico/pico-sdk/src/rp2_common/pico_bit_ops/bit_ops_aeabi.S.obj
LOAD CMakeFiles/RPI_PICO_SDK.dir/home/pibs/.local/opt/pico/pico-sdk/src/rp2_common/pico_bootrom/bootrom.c.obj
LOAD CMakeFiles/RPI_PICO_SDK.dir/home/pibs/.local/opt/pico/pico-sdk/src/rp2_common/pico_divider/divider.S.obj
LOAD CMakeFiles/RPI_PICO_SDK.dir/home/pibs/.local/opt/pico/pico-sdk/src/rp2_common/pico_double/double_aeabi.S.obj
LOAD CMakeFiles/RPI_PICO_SDK.dir/home/pibs/.local/opt/pico/pico-sdk/src/rp2_common/pico_double/double_init_rom.c.obj
LOAD CMakeFiles/RPI_PICO_SDK.dir/home/pibs/.local/opt/pico/pico-sdk/src/rp2_common/pico_double/double_math.c.obj
LOAD CMakeFiles/RPI_PICO_SDK.dir/home/pibs/.local/opt/pico/pico-sdk/src/rp2_common/pico_double/double_v1_rom_shim.S.obj
LOAD CMakeFiles/RPI_PICO_SDK.dir/home/pibs/.local/opt/pico/pico-sdk/src/rp2_common/pico_int64_ops/pico_int64_ops_aeabi.S.obj
LOAD CMakeFiles/RPI_PICO_SDK.dir/home/pibs/.local/opt/pico/pico-sdk/src/rp2_common/pico_float/float_aeabi.S.obj
LOAD CMakeFiles/RPI_PICO_SDK.dir/home/pibs/.local/opt/pico/pico-sdk/src/rp2_common/pico_float/float_init_rom.c.obj
LOAD CMakeFiles/RPI_PICO_SDK.dir/home/pibs/.local/opt/pico/pico-sdk/src/rp2_common/pico_float/float_math.c.obj
LOAD CMakeFiles/RPI_PICO_SDK.dir/home/pibs/.local/opt/pico/pico-sdk/src/rp2_common/pico_float/float_v1_rom_shim.S.obj
LOAD CMakeFiles/RPI_PICO_SDK.dir/home/pibs/.local/opt/pico/pico-sdk/src/rp2_common/pico_malloc/pico_malloc.c.obj
LOAD CMakeFiles/RPI_PICO_SDK.dir/home/pibs/.local/opt/pico/pico-sdk/src/rp2_common/pico_mem_ops/mem_ops_aeabi.S.obj
LOAD CMakeFiles/RPI_PICO_SDK.dir/home/pibs/.local/opt/pico/pico-sdk/src/rp2_common/pico_standard_link/crt0.S.obj
LOAD CMakeFiles/RPI_PICO_SDK.dir/home/pibs/.local/opt/pico/pico-sdk/src/rp2_common/pico_standard_link/new_delete.cpp.obj
LOAD CMakeFiles/RPI_PICO_SDK.dir/home/pibs/.local/opt/pico/pico-sdk/src/rp2_common/pico_standard_link/binary_info.c.obj
LOAD CMakeFiles/RPI_PICO_SDK.dir/home/pibs/.local/opt/pico/pico-sdk/src/rp2_common/pico_stdio/stdio.c.obj
LOAD CMakeFiles/RPI_PICO_SDK.dir/home/pibs/.local/opt/pico/pico-sdk/src/rp2_common/pico_stdio_uart/stdio_uart.c.obj
LOAD /tmp/ccBbJUlj.o
LOAD /usr/lib/gcc/arm-none-eabi/9.2.1/../../../arm-none-eabi/lib/thumb/v6-m/nofp/libstdc++.a
LOAD /usr/lib/gcc/arm-none-eabi/9.2.1/../../../arm-none-eabi/lib/thumb/v6-m/nofp/libm.a
START GROUP
LOAD /usr/lib/gcc/arm-none-eabi/9.2.1/thumb/v6-m/nofp/libgcc.a
LOAD /usr/lib/gcc/arm-none-eabi/9.2.1/../../../arm-none-eabi/lib/thumb/v6-m/nofp/libc.a
END GROUP
START GROUP
LOAD /usr/lib/gcc/arm-none-eabi/9.2.1/thumb/v6-m/nofp/libgcc.a
LOAD /usr/lib/gcc/arm-none-eabi/9.2.1/../../../arm-none-eabi/lib/thumb/v6-m/nofp/libc.a
LOAD /usr/lib/gcc/arm-none-eabi/9.2.1/../../../arm-none-eabi/lib/thumb/v6-m/nofp/libnosys.a
END GROUP
LOAD /usr/lib/gcc/arm-none-eabi/9.2.1/thumb/v6-m/nofp/crtend.o
LOAD /usr/lib/gcc/arm-none-eabi/9.2.1/thumb/v6-m/nofp/crtn.o
OUTPUT(RPI_PICO_SDK.elf elf32-littlearm)
LOAD linker stubs

.ARM.attributes
                0x0000000000000000       0x28
 .ARM.attributes
                0x0000000000000000       0x1e /usr/lib/gcc/arm-none-eabi/9.2.1/thumb/v6-m/nofp/crti.o
 .ARM.attributes
                0x000000000000001e       0x2c /usr/lib/gcc/arm-none-eabi/9.2.1/thumb/v6-m/nofp/crtbegin.o
 .ARM.attributes
                0x000000000000004a       0x2c CMakeFiles/RPI_PICO_SDK.dir/src/main.c.obj
 .ARM.attributes
                0x0000000000000076       0x2c CMakeFiles/RPI_PICO_SDK.dir/home/pibs/.local/opt/pico/pico-sdk/src/rp2_common/hardware_gpio/gpio.c.obj
 .ARM.attributes
                0x00000000000000a2       0x2c CMakeFiles/RPI_PICO_SDK.dir/home/pibs/.local/opt/pico/pico-sdk/src/rp2_common/hardware_claim/claim.c.obj
 .ARM.attributes
                0x00000000000000ce       0x2c CMakeFiles/RPI_PICO_SDK.dir/home/pibs/.local/opt/pico/pico-sdk/src/rp2_common/pico_platform/platform.c.obj
 .ARM.attributes
                0x00000000000000fa       0x2c CMakeFiles/RPI_PICO_SDK.dir/home/pibs/.local/opt/pico/pico-sdk/src/rp2_common/hardware_sync/sync.c.obj
 .ARM.attributes
                0x0000000000000126       0x2c CMakeFiles/RPI_PICO_SDK.dir/home/pibs/.local/opt/pico/pico-sdk/src/rp2_common/hardware_irq/irq.c.obj
 .ARM.attributes
                0x0000000000000152       0x22 CMakeFiles/RPI_PICO_SDK.dir/home/pibs/.local/opt/pico/pico-sdk/src/rp2_common/hardware_irq/irq_handler_chain.S.obj
 .ARM.attributes
                0x0000000000000174       0x2c CMakeFiles/RPI_PICO_SDK.dir/home/pibs/.local/opt/pico/pico-sdk/src/common/pico_sync/lock_core.c.obj
 .ARM.attributes
                0x00000000000001a0       0x2c CMakeFiles/RPI_PICO_SDK.dir/home/pibs/.local/opt/pico/pico-sdk/src/common/pico_time/time.c.obj
 .ARM.attributes
                0x00000000000001cc       0x2c CMakeFiles/RPI_PICO_SDK.dir/home/pibs/.local/opt/pico/pico-sdk/src/rp2_common/hardware_timer/timer.c.obj
 .ARM.attributes
                0x00000000000001f8       0x2c CMakeFiles/RPI_PICO_SDK.dir/home/pibs/.local/opt/pico/pico-sdk/src/common/pico_util/pheap.c.obj
 .ARM.attributes
                0x0000000000000224       0x2c CMakeFiles/RPI_PICO_SDK.dir/home/pibs/.local/opt/pico/pico-sdk/src/common/pico_sync/mutex.c.obj
 .ARM.attributes
                0x0000000000000250       0x2c CMakeFiles/RPI_PICO_SDK.dir/home/pibs/.local/opt/pico/pico-sdk/src/rp2_common/pico_runtime/runtime.c.obj
 .ARM.attributes
                0x000000000000027c       0x2c CMakeFiles/RPI_PICO_SDK.dir/home/pibs/.local/opt/pico/pico-sdk/src/rp2_common/hardware_clocks/clocks.c.obj
 .ARM.attributes
                0x00000000000002a8       0x2c CMakeFiles/RPI_PICO_SDK.dir/home/pibs/.local/opt/pico/pico-sdk/src/rp2_common/hardware_pll/pll.c.obj
 .ARM.attributes
                0x00000000000002d4       0x2c CMakeFiles/RPI_PICO_SDK.dir/home/pibs/.local/opt/pico/pico-sdk/src/rp2_common/hardware_watchdog/watchdog.c.obj
 .ARM.attributes
                0x0000000000000300       0x2c CMakeFiles/RPI_PICO_SDK.dir/home/pibs/.local/opt/pico/pico-sdk/src/rp2_common/hardware_xosc/xosc.c.obj
 .ARM.attributes
                0x000000000000032c       0x2c CMakeFiles/RPI_PICO_SDK.dir/home/pibs/.local/opt/pico/pico-sdk/src/rp2_common/pico_printf/printf.c.obj
 .ARM.attributes
                0x0000000000000358       0x22 CMakeFiles/RPI_PICO_SDK.dir/home/pibs/.local/opt/pico/pico-sdk/src/rp2_common/pico_bit_ops/bit_ops_aeabi.S.obj
 .ARM.attributes
                0x000000000000037a       0x2c CMakeFiles/RPI_PICO_SDK.dir/home/pibs/.local/opt/pico/pico-sdk/src/rp2_common/pico_bootrom/bootrom.c.obj
 .ARM.attributes
                0x00000000000003a6       0x22 CMakeFiles/RPI_PICO_SDK.dir/home/pibs/.local/opt/pico/pico-sdk/src/rp2_common/pico_divider/divider.S.obj
 .ARM.attributes
                0x00000000000003c8       0x22 CMakeFiles/RPI_PICO_SDK.dir/home/pibs/.local/opt/pico/pico-sdk/src/rp2_common/pico_double/double_aeabi.S.obj
 .ARM.attributes
                0x00000000000003ea       0x2c CMakeFiles/RPI_PICO_SDK.dir/home/pibs/.local/opt/pico/pico-sdk/src/rp2_common/pico_double/double_init_rom.c.obj
 .ARM.attributes
                0x0000000000000416       0x22 CMakeFiles/RPI_PICO_SDK.dir/home/pibs/.local/opt/pico/pico-sdk/src/rp2_common/pico_double/double_v1_rom_shim.S.obj
 .ARM.attributes
                0x0000000000000438       0x22 CMakeFiles/RPI_PICO_SDK.dir/home/pibs/.local/opt/pico/pico-sdk/src/rp2_common/pico_int64_ops/pico_int64_ops_aeabi.S.obj
 .ARM.attributes
                0x000000000000045a       0x22 CMakeFiles/RPI_PICO_SDK.dir/home/pibs/.local/opt/pico/pico-sdk/src/rp2_common/pico_float/float_aeabi.S.obj
 .ARM.attributes
                0x000000000000047c       0x2c CMakeFiles/RPI_PICO_SDK.dir/home/pibs/.local/opt/pico/pico-sdk/src/rp2_common/pico_float/float_init_rom.c.obj
 .ARM.attributes
                0x00000000000004a8       0x22 CMakeFiles/RPI_PICO_SDK.dir/home/pibs/.local/opt/pico/pico-sdk/src/rp2_common/pico_float/float_v1_rom_shim.S.obj
 .ARM.attributes
                0x00000000000004ca       0x22 CMakeFiles/RPI_PICO_SDK.dir/home/pibs/.local/opt/pico/pico-sdk/src/rp2_common/pico_mem_ops/mem_ops_aeabi.S.obj
 .ARM.attributes
                0x00000000000004ec       0x22 CMakeFiles/RPI_PICO_SDK.dir/home/pibs/.local/opt/pico/pico-sdk/src/rp2_common/pico_standard_link/crt0.S.obj
 .ARM.attributes
                0x000000000000050e       0x32 CMakeFiles/RPI_PICO_SDK.dir/home/pibs/.local/opt/pico/pico-sdk/src/rp2_common/pico_standard_link/binary_info.c.obj
 .ARM.attributes
                0x0000000000000540       0x2c CMakeFiles/RPI_PICO_SDK.dir/home/pibs/.local/opt/pico/pico-sdk/src/rp2_common/pico_stdio/stdio.c.obj
 .ARM.attributes
                0x000000000000056c       0x22 /tmp/ccBbJUlj.o
 .ARM.attributes
                0x000000000000058e       0x1e /usr/lib/gcc/arm-none-eabi/9.2.1/thumb/v6-m/nofp/libgcc.a(_dvmd_tls.o)
 .ARM.attributes
                0x00000000000005ac       0x2c /usr/lib/gcc/arm-none-eabi/9.2.1/../../../arm-none-eabi/lib/thumb/v6-m/nofp/libc.a(lib_a-strlen-stub.o)
 .ARM.attributes
                0x00000000000005d8       0x2c /usr/lib/gcc/arm-none-eabi/9.2.1/thumb/v6-m/nofp/crtend.o

.comment        0x0000000000000000       0xa7
 .comment       0x0000000000000000       0x59 /usr/lib/gcc/arm-none-eabi/9.2.1/thumb/v6-m/nofp/crtbegin.o
                                         0x5a (size before relaxing)
 .comment       0x0000000000000059       0x5a CMakeFiles/RPI_PICO_SDK.dir/src/main.c.obj
 .comment       0x0000000000000059       0x5a CMakeFiles/RPI_PICO_SDK.dir/home/pibs/.local/opt/pico/pico-sdk/src/rp2_common/hardware_gpio/gpio.c.obj
 .comment       0x0000000000000059       0x5a CMakeFiles/RPI_PICO_SDK.dir/home/pibs/.local/opt/pico/pico-sdk/src/rp2_common/hardware_claim/claim.c.obj
 .comment       0x0000000000000059       0x5a CMakeFiles/RPI_PICO_SDK.dir/home/pibs/.local/opt/pico/pico-sdk/src/rp2_common/pico_platform/platform.c.obj
 .comment       0x0000000000000059       0x5a CMakeFiles/RPI_PICO_SDK.dir/home/pibs/.local/opt/pico/pico-sdk/src/rp2_common/hardware_sync/sync.c.obj
 .comment       0x0000000000000059       0x5a CMakeFiles/RPI_PICO_SDK.dir/home/pibs/.local/opt/pico/pico-sdk/src/rp2_common/hardware_irq/irq.c.obj
 .comment       0x0000000000000059       0x5a CMakeFiles/RPI_PICO_SDK.dir/home/pibs/.local/opt/pico/pico-sdk/src/common/pico_sync/lock_core.c.obj
 .comment       0x0000000000000059       0x5a CMakeFiles/RPI_PICO_SDK.dir/home/pibs/.local/opt/pico/pico-sdk/src/common/pico_time/time.c.obj
 .comment       0x0000000000000059       0x5a CMakeFiles/RPI_PICO_SDK.dir/home/pibs/.local/opt/pico/pico-sdk/src/rp2_common/hardware_timer/timer.c.obj
 .comment       0x0000000000000059       0x5a CMakeFiles/RPI_PICO_SDK.dir/home/pibs/.local/opt/pico/pico-sdk/src/common/pico_util/pheap.c.obj
 .comment       0x0000000000000059       0x5a CMakeFiles/RPI_PICO_SDK.dir/home/pibs/.local/opt/pico/pico-sdk/src/common/pico_sync/mutex.c.obj
 .comment       0x0000000000000059       0x5a CMakeFiles/RPI_PICO_SDK.dir/home/pibs/.local/opt/pico/pico-sdk/src/rp2_common/pico_runtime/runtime.c.obj
 .comment       0x0000000000000059       0x5a CMakeFiles/RPI_PICO_SDK.dir/home/pibs/.local/opt/pico/pico-sdk/src/rp2_common/hardware_clocks/clocks.c.obj
 .comment       0x0000000000000059       0x5a CMakeFiles/RPI_PICO_SDK.dir/home/pibs/.local/opt/pico/pico-sdk/src/rp2_common/hardware_pll/pll.c.obj
 .comment       0x0000000000000059       0x5a CMakeFiles/RPI_PICO_SDK.dir/home/pibs/.local/opt/pico/pico-sdk/src/rp2_common/hardware_watchdog/watchdog.c.obj
 .comment       0x0000000000000059       0x5a CMakeFiles/RPI_PICO_SDK.dir/home/pibs/.local/opt/pico/pico-sdk/src/rp2_common/hardware_xosc/xosc.c.obj
 .comment       0x0000000000000059       0x5a CMakeFiles/RPI_PICO_SDK.dir/home/pibs/.local/opt/pico/pico-sdk/src/rp2_common/pico_printf/printf.c.obj
 .comment       0x0000000000000059       0x5a CMakeFiles/RPI_PICO_SDK.dir/home/pibs/.local/opt/pico/pico-sdk/src/rp2_common/pico_bootrom/bootrom.c.obj
 .comment       0x0000000000000059       0x5a CMakeFiles/RPI_PICO_SDK.dir/home/pibs/.local/opt/pico/pico-sdk/src/rp2_common/pico_double/double_init_rom.c.obj
 .comment       0x0000000000000059       0x5a CMakeFiles/RPI_PICO_SDK.dir/home/pibs/.local/opt/pico/pico-sdk/src/rp2_common/pico_float/float_init_rom.c.obj
 .comment       0x0000000000000059       0x5a CMakeFiles/RPI_PICO_SDK.dir/home/pibs/.local/opt/pico/pico-sdk/src/rp2_common/pico_standard_link/binary_info.c.obj
 .comment       0x0000000000000059       0x5a CMakeFiles/RPI_PICO_SDK.dir/home/pibs/.local/opt/pico/pico-sdk/src/rp2_common/pico_stdio/stdio.c.obj
 .comment       0x0000000000000059       0x4e /usr/lib/gcc/arm-none-eabi/9.2.1/../../../arm-none-eabi/lib/thumb/v6-m/nofp/libc.a(lib_a-strlen-stub.o)
                                         0x4f (size before relaxing)
 .comment       0x00000000000000a7       0x5a /usr/lib/gcc/arm-none-eabi/9.2.1/thumb/v6-m/nofp/crtend.o

.debug_line     0x0000000000000000      0x222
 .debug_line    0x0000000000000000       0x60 /usr/lib/gcc/arm-none-eabi/9.2.1/thumb/v6-m/nofp/libgcc.a(_dvmd_tls.o)
 .debug_line    0x0000000000000060      0x1c2 /usr/lib/gcc/arm-none-eabi/9.2.1/../../../arm-none-eabi/lib/thumb/v6-m/nofp/libc.a(lib_a-strlen-stub.o)

.debug_info     0x0000000000000000      0x999
 .debug_info    0x0000000000000000       0x26 /usr/lib/gcc/arm-none-eabi/9.2.1/thumb/v6-m/nofp/libgcc.a(_dvmd_tls.o)
 .debug_info    0x0000000000000026      0x973 /usr/lib/gcc/arm-none-eabi/9.2.1/../../../arm-none-eabi/lib/thumb/v6-m/nofp/libc.a(lib_a-strlen-stub.o)

.debug_abbrev   0x0000000000000000      0x1fc
 .debug_abbrev  0x0000000000000000       0x14 /usr/lib/gcc/arm-none-eabi/9.2.1/thumb/v6-m/nofp/libgcc.a(_dvmd_tls.o)
 .debug_abbrev  0x0000000000000014      0x1e8 /usr/lib/gcc/arm-none-eabi/9.2.1/../../../arm-none-eabi/lib/thumb/v6-m/nofp/libc.a(lib_a-strlen-stub.o)

.debug_aranges  0x0000000000000000       0x40
 .debug_aranges
                0x0000000000000000       0x20 /usr/lib/gcc/arm-none-eabi/9.2.1/thumb/v6-m/nofp/libgcc.a(_dvmd_tls.o)
 .debug_aranges
                0x0000000000000020       0x20 /usr/lib/gcc/arm-none-eabi/9.2.1/../../../arm-none-eabi/lib/thumb/v6-m/nofp/libc.a(lib_a-strlen-stub.o)

.debug_str      0x0000000000000000      0x613
 .debug_str     0x0000000000000000       0xa3 /usr/lib/gcc/arm-none-eabi/9.2.1/thumb/v6-m/nofp/libgcc.a(_dvmd_tls.o)
 .debug_str     0x00000000000000a3      0x570 /usr/lib/gcc/arm-none-eabi/9.2.1/../../../arm-none-eabi/lib/thumb/v6-m/nofp/libc.a(lib_a-strlen-stub.o)
                                        0x5c2 (size before relaxing)

.debug_loc      0x0000000000000000       0xa3
 .debug_loc     0x0000000000000000       0xa3 /usr/lib/gcc/arm-none-eabi/9.2.1/../../../arm-none-eabi/lib/thumb/v6-m/nofp/libc.a(lib_a-strlen-stub.o)

.debug_frame    0x0000000000000000       0x28
 .debug_frame   0x0000000000000000       0x28 /usr/lib/gcc/arm-none-eabi/9.2.1/../../../arm-none-eabi/lib/thumb/v6-m/nofp/libc.a(lib_a-strlen-stub.o)
