Archive member included to satisfy reference by file (symbol)

app/libapp.a(main.c.obj)      (--whole-archive)
app/libapp.a(motor.c.obj)     (--whole-archive)
app/libapp.a(led.c.obj)       (--whole-archive)
app/libapp.a(comm.c.obj)      (--whole-archive)
app/libapp.a(gprs.c.obj)      (--whole-archive)
app/libapp.a(textProtocol.c.obj)
                              (--whole-archive)
zephyr/libzephyr.a(cbprintf_packaged.c.obj)
                              (--whole-archive)
zephyr/libzephyr.a(crc32c_sw.c.obj)
                              (--whole-archive)
zephyr/libzephyr.a(crc32_sw.c.obj)
                              (--whole-archive)
zephyr/libzephyr.a(crc16_sw.c.obj)
                              (--whole-archive)
zephyr/libzephyr.a(crc8_sw.c.obj)
                              (--whole-archive)
zephyr/libzephyr.a(crc7_sw.c.obj)
                              (--whole-archive)
zephyr/libzephyr.a(dec.c.obj)
                              (--whole-archive)
zephyr/libzephyr.a(fdtable.c.obj)
                              (--whole-archive)
zephyr/libzephyr.a(hex.c.obj)
                              (--whole-archive)
zephyr/libzephyr.a(notify.c.obj)
                              (--whole-archive)
zephyr/libzephyr.a(printk.c.obj)
                              (--whole-archive)
zephyr/libzephyr.a(onoff.c.obj)
                              (--whole-archive)
zephyr/libzephyr.a(rb.c.obj)  (--whole-archive)
zephyr/libzephyr.a(sem.c.obj)
                              (--whole-archive)
zephyr/libzephyr.a(thread_entry.c.obj)
                              (--whole-archive)
zephyr/libzephyr.a(timeutil.c.obj)
                              (--whole-archive)
zephyr/libzephyr.a(heap.c.obj)
                              (--whole-archive)
zephyr/libzephyr.a(heap-validate.c.obj)
                              (--whole-archive)
zephyr/libzephyr.a(bitarray.c.obj)
                              (--whole-archive)
zephyr/libzephyr.a(multi_heap.c.obj)
                              (--whole-archive)
zephyr/libzephyr.a(cbprintf_complete.c.obj)
                              (--whole-archive)
zephyr/libzephyr.a(cbprintf.c.obj)
                              (--whole-archive)
zephyr/libzephyr.a(assert.c.obj)
                              (--whole-archive)
zephyr/libzephyr.a(configs.c.obj)
                              (--whole-archive)
zephyr/libzephyr.a(tracing_none.c.obj)
                              (--whole-archive)
zephyr/arch/common/libarch__common.a(sw_isr_common.c.obj)
                              (--whole-archive)
zephyr/arch/arch/arm/core/aarch32/libarch__arm__core__aarch32.a(cpu_idle.S.obj)
                              (--whole-archive)
zephyr/arch/arch/arm/core/aarch32/libarch__arm__core__aarch32.a(fatal.c.obj)
                              (--whole-archive)
zephyr/arch/arch/arm/core/aarch32/libarch__arm__core__aarch32.a(irq_manage.c.obj)
                              (--whole-archive)
zephyr/arch/arch/arm/core/aarch32/libarch__arm__core__aarch32.a(nmi.c.obj)
                              (--whole-archive)
zephyr/arch/arch/arm/core/aarch32/libarch__arm__core__aarch32.a(nmi_on_reset.S.obj)
                              (--whole-archive)
zephyr/arch/arch/arm/core/aarch32/libarch__arm__core__aarch32.a(prep_c.c.obj)
                              (--whole-archive)
zephyr/arch/arch/arm/core/aarch32/libarch__arm__core__aarch32.a(swap.c.obj)
                              (--whole-archive)
zephyr/arch/arch/arm/core/aarch32/libarch__arm__core__aarch32.a(swap_helper.S.obj)
                              (--whole-archive)
zephyr/arch/arch/arm/core/aarch32/libarch__arm__core__aarch32.a(thread.c.obj)
                              (--whole-archive)
zephyr/arch/arch/arm/core/aarch32/libarch__arm__core__aarch32.a(isr_wrapper.S.obj)
                              (--whole-archive)
zephyr/arch/arch/arm/core/aarch32/cortex_m/libarch__arm__core__aarch32__cortex_m.a(exc_exit.S.obj)
                              (--whole-archive)
zephyr/arch/arch/arm/core/aarch32/cortex_m/libarch__arm__core__aarch32__cortex_m.a(fault.c.obj)
                              (--whole-archive)
zephyr/arch/arch/arm/core/aarch32/cortex_m/libarch__arm__core__aarch32__cortex_m.a(fault_s.S.obj)
                              (--whole-archive)
zephyr/arch/arch/arm/core/aarch32/cortex_m/libarch__arm__core__aarch32__cortex_m.a(fpu.c.obj)
                              (--whole-archive)
zephyr/arch/arch/arm/core/aarch32/cortex_m/libarch__arm__core__aarch32__cortex_m.a(irq_init.c.obj)
                              (--whole-archive)
zephyr/arch/arch/arm/core/aarch32/cortex_m/libarch__arm__core__aarch32__cortex_m.a(reset.S.obj)
                              (--whole-archive)
zephyr/arch/arch/arm/core/aarch32/cortex_m/libarch__arm__core__aarch32__cortex_m.a(scb.c.obj)
                              (--whole-archive)
zephyr/arch/arch/arm/core/aarch32/cortex_m/libarch__arm__core__aarch32__cortex_m.a(thread_abort.c.obj)
                              (--whole-archive)
[...]
Memory Configuration

Name             Origin             Length             Attributes
BOOT_FLASH       0x0000000010000000 0x0000000000000100 r
FLASH            0x0000000010000100 0x00000000001fff00 xr
SRAM             0x0000000020000000 0x0000000000042000 xw
IDT_LIST         0x00000000fffff7ff 0x0000000000000800 xw
*default*        0x0000000000000000 0xffffffffffffffff

Linker script and memory map

LOAD zephyr/CMakeFiles/zephyr_pre0.dir/misc/empty_file.c.obj
LOAD zephyr/CMakeFiles/offsets.dir/./arch/arm/core/offsets/offsets.c.obj

.boot2          0x0000000010000000      0x100
 *(SORT_BY_ALIGNMENT(.boot2))
 .boot2         0x0000000010000000      0x100 modules/hal_rpi_pico/libmodules__hal_rpi_pico.a(boot_stage2.S.obj)
                0x0000000000000004                _region_min_align = 0x4

.rel.plt        0x0000000010000100        0x0
 *(SORT_BY_ALIGNMENT(.rel.plt))
                [!provide]                        PROVIDE (__rel_iplt_start = .)
 *(SORT_BY_ALIGNMENT(.rel.iplt))
 .rel.iplt      0x0000000010000100        0x0 app/libapp.a(main.c.obj)
                [!provide]                        PROVIDE (__rel_iplt_end = .)

.rela.plt       0x0000000010000100        0x0
 *(SORT_BY_ALIGNMENT(.rela.plt))
                [!provide]                        PROVIDE (__rela_iplt_start = .)
 *(SORT_BY_ALIGNMENT(.rela.iplt))
                [!provide]                        PROVIDE (__rela_iplt_end = .)

.rel.dyn
 *(SORT_BY_ALIGNMENT(.rel.*))

.rela.dyn
 *(SORT_BY_ALIGNMENT(.rela.*))

/DISCARD/
 *(SORT_BY_ALIGNMENT(.plt))
 *(SORT_BY_ALIGNMENT(.iplt))
 *(SORT_BY_ALIGNMENT(.got.plt))
 *(SORT_BY_ALIGNMENT(.igot.plt))
 *(SORT_BY_ALIGNMENT(.got))
 *(SORT_BY_ALIGNMENT(.igot))
 *(SORT_BY_ALIGNMENT(.note.GNU-stack))
                0x0000000010000100                __rom_region_start = 0x10000100

rom_start       0x0000000010000100       0xa8
                0x0000000000000000                . = 0x0
                0x0000000000000000                . = ALIGN (0x4)
                0x0000000000000000                . = ALIGN (0x100)
                0x0000000000000000                . = ALIGN (0x100)
                0x0000000010000100                _vector_start = .
 *(SORT_BY_ALIGNMENT(.exc_vector_table))
 *(SORT_BY_ALIGNMENT(.exc_vector_table.*))
 .exc_vector_table._vector_table_section
                0x0000000010000100       0x40 zephyr/arch/arch/arm/core/aarch32/cortex_m/libarch__arm__core__aarch32__cortex_m.a(vector_table.S.obj)
                0x0000000010000100                _vector_table
 *(SORT_BY_ALIGNMENT(.vectors))
                0x00000000100001a8                _vector_end = .
                0x0000000010000140                . = ALIGN (0x4)
 *(SORT_BY_ALIGNMENT(.gnu.linkonce.irq_vector_table*))
 .gnu.linkonce.irq_vector_table
                0x0000000010000140       0x68 zephyr/arch/common/libisr_tables.a(isr_tables.c.obj)
                0x0000000010000140                _irq_vector_table
                0x00000000100001a8                _vector_end = .

text            0x00000000100001a8     0x5392
                0x00000000100001a8                __text_region_start = .
 *(SORT_BY_ALIGNMENT(.text))
 .text          0x00000000100001a8       0x14 /home/pibs/.local/opt/zephyr-sdk-0.14.1/arm-zephyr-eabi/bin/../lib/gcc/arm-zephyr-eabi/10.3.0/thumb/v6-m/nofp/libgcc.a(_thumb1_case_uqi.o)
                0x00000000100001a8                __gnu_thumb1_case_uqi
 .text          0x00000000100001bc       0x8c /home/pibs/.local/opt/zephyr-sdk-0.14.1/arm-zephyr-eabi/bin/../lib/gcc/arm-zephyr-eabi/10.3.0/thumb/v6-m/nofp/libgcc.a(_udivsi3.o)
                0x00000000100001bc                __udivsi3
                0x00000000100001bc                __aeabi_uidiv
                0x0000000010000234                __aeabi_uidivmod
 .text          0x0000000010000248        0x4 /home/pibs/.local/opt/zephyr-sdk-0.14.1/arm-zephyr-eabi/bin/../lib/gcc/arm-zephyr-eabi/10.3.0/thumb/v6-m/nofp/libgcc.a(_dvmd_tls.o)
                0x0000000010000248                __aeabi_ldiv0
                0x0000000010000248                __aeabi_idiv0
 .text          0x000000001000024c       0x7c /home/pibs/.local/opt/zephyr-sdk-0.14.1/arm-zephyr-eabi/bin/../lib/gcc/arm-zephyr-eabi/10.3.0/thumb/v6-m/nofp/libgcc.a(_arm_cmpdf2.o)
                0x000000001000024c                __aeabi_cdrcmple
                0x000000001000025c                __aeabi_cdcmple
                0x000000001000025c                __aeabi_cdcmpeq
                0x000000001000026c                __aeabi_dcmpeq
                0x0000000010000278                __aeabi_dcmplt
                0x000000001000028c                __aeabi_dcmple
                0x00000000100002a0                __aeabi_dcmpgt
                0x00000000100002b4                __aeabi_dcmpge
 .text          0x00000000100002c8       0x3c /home/pibs/.local/opt/zephyr-sdk-0.14.1/arm-zephyr-eabi/bin/../lib/gcc/arm-zephyr-eabi/10.3.0/thumb/v6-m/nofp/libgcc.a(_clzsi2.o)
                0x00000000100002c8                __clzsi2
 .text          0x0000000010000304       0x40 /home/pibs/.local/opt/zephyr-sdk-0.14.1/arm-zephyr-eabi/bin/../lib/gcc/arm-zephyr-eabi/10.3.0/thumb/v6-m/nofp/libgcc.a(_aeabi_uldivmod.o)
                0x0000000010000304                __aeabi_uldivmod
 .text          0x0000000010000344       0x40 /home/pibs/.local/opt/zephyr-sdk-0.14.1/arm-zephyr-eabi/bin/../lib/gcc/arm-zephyr-eabi/10.3.0/thumb/v6-m/nofp/libgcc.a(_fixunssfdi.o)
                0x0000000010000344                __aeabi_f2ulz
                0x0000000010000344                __fixunssfdi
 .text          0x0000000010000384      0x1cc /home/pibs/.local/opt/zephyr-sdk-0.14.1/arm-zephyr-eabi/bin/../lib/gcc/arm-zephyr-eabi/10.3.0/thumb/v6-m/nofp/libgcc.a(divsf3.o)
                0x0000000010000384                __aeabi_fdiv
 .text          0x0000000010000550       0x74 /home/pibs/.local/opt/zephyr-sdk-0.14.1/arm-zephyr-eabi/bin/../lib/gcc/arm-zephyr-eabi/10.3.0/thumb/v6-m/nofp/libgcc.a(floatunsisf.o)
                0x0000000010000550                __aeabi_ui2f
 .text          0x00000000100005c4      0x5a4 /home/pibs/.local/opt/zephyr-sdk-0.14.1/arm-zephyr-eabi/bin/../lib/gcc/arm-zephyr-eabi/10.3.0/thumb/v6-m/nofp/libgcc.a(adddf3.o)
                0x00000000100005c4                __aeabi_dadd
 .text          0x0000000010000b68       0x74 /home/pibs/.local/opt/zephyr-sdk-0.14.1/arm-zephyr-eabi/bin/../lib/gcc/arm-zephyr-eabi/10.3.0/thumb/v6-m/nofp/libgcc.a(eqdf2.o)
                0x0000000010000b68                __eqdf2
                0x0000000010000b68                __nedf2
 .text          0x0000000010000bdc       0xb8 /home/pibs/.local/opt/zephyr-sdk-0.14.1/arm-zephyr-eabi/bin/../lib/gcc/arm-zephyr-eabi/10.3.0/thumb/v6-m/nofp/libgcc.a(gedf2.o)
                0x0000000010000bdc                __gtdf2
                0x0000000010000bdc                __gedf2
 .text          0x0000000010000c94       0xb8 /home/pibs/.local/opt/zephyr-sdk-0.14.1/arm-zephyr-eabi/bin/../lib/gcc/arm-zephyr-eabi/10.3.0/thumb/v6-m/nofp/libgcc.a(ledf2.o)
                0x0000000010000c94                __ltdf2
                0x0000000010000c94                __ledf2
 .text          0x0000000010000d4c      0x430 /home/pibs/.local/opt/zephyr-sdk-0.14.1/arm-zephyr-eabi/bin/../lib/gcc/arm-zephyr-eabi/10.3.0/thumb/v6-m/nofp/libgcc.a(muldf3.o)
                0x0000000010000d4c                __aeabi_dmul
 .text          0x000000001000117c      0x5ac /home/pibs/.local/opt/zephyr-sdk-0.14.1/arm-zephyr-eabi/bin/../lib/gcc/arm-zephyr-eabi/10.3.0/thumb/v6-m/nofp/libgcc.a(subdf3.o)
                0x000000001000117c                __aeabi_dsub
 .text          0x0000000010001728       0x40 /home/pibs/.local/opt/zephyr-sdk-0.14.1/arm-zephyr-eabi/bin/../lib/gcc/arm-zephyr-eabi/10.3.0/thumb/v6-m/nofp/libgcc.a(floatunsidf.o)
                0x0000000010001728                __aeabi_ui2d
 .text          0x0000000010001768       0x84 /home/pibs/.local/opt/zephyr-sdk-0.14.1/arm-zephyr-eabi/bin/../lib/gcc/arm-zephyr-eabi/10.3.0/thumb/v6-m/nofp/libgcc.a(extendsfdf2.o)
                0x0000000010001768                __aeabi_f2d
 .text          0x00000000100017ec      0x108 /home/pibs/.local/opt/zephyr-sdk-0.14.1/arm-zephyr-eabi/bin/../lib/gcc/arm-zephyr-eabi/10.3.0/thumb/v6-m/nofp/libgcc.a(truncdfsf2.o)
                0x00000000100017ec                __aeabi_d2f
 .text          0x00000000100018f4       0x14 /home/pibs/.local/opt/zephyr-sdk-0.14.1/arm-zephyr-eabi/bin/../lib/gcc/arm-zephyr-eabi/10.3.0/thumb/v6-m/nofp/libgcc.a(_thumb1_case_uhi.o)
                0x00000000100018f4                __gnu_thumb1_case_uhi
 .text          0x0000000010001908       0x18 /home/pibs/.local/opt/zephyr-sdk-0.14.1/arm-zephyr-eabi/bin/../lib/gcc/arm-zephyr-eabi/10.3.0/thumb/v6-m/nofp/libgcc.a(_lshrdi3.o)
                0x0000000010001908                __aeabi_llsr
                0x0000000010001908                __lshrdi3
 .text          0x0000000010001920       0x18 /home/pibs/.local/opt/zephyr-sdk-0.14.1/arm-zephyr-eabi/bin/../lib/gcc/arm-zephyr-eabi/10.3.0/thumb/v6-m/nofp/libgcc.a(_ashldi3.o)
                0x0000000010001920                __ashldi3
                0x0000000010001920                __aeabi_llsl
 .text          0x0000000010001938       0x18 /home/pibs/.local/opt/zephyr-sdk-0.14.1/arm-zephyr-eabi/bin/../lib/gcc/arm-zephyr-eabi/10.3.0/thumb/v6-m/nofp/libgcc.a(_clzdi2.o)
                0x0000000010001938                __clzdi2
 .text          0x0000000010001950       0x38 /home/pibs/.local/opt/zephyr-sdk-0.14.1/arm-zephyr-eabi/bin/../lib/gcc/arm-zephyr-eabi/10.3.0/thumb/v6-m/nofp/libgcc.a(_fixunsdfsi.o)
                0x0000000010001950                __fixunsdfsi
                0x0000000010001950                __aeabi_d2uiz
 .text          0x0000000010001988       0x64 /home/pibs/.local/opt/zephyr-sdk-0.14.1/arm-zephyr-eabi/bin/../lib/gcc/arm-zephyr-eabi/10.3.0/thumb/v6-m/nofp/libgcc.a(fixdfsi.o)
                0x0000000010001988                __aeabi_d2iz
 .text          0x00000000100019ec       0x48 /home/pibs/.local/opt/zephyr-sdk-0.14.1/arm-zephyr-eabi/bin/../lib/gcc/arm-zephyr-eabi/10.3.0/thumb/v6-m/nofp/libgcc.a(_muldi3.o)
                0x00000000100019ec                __aeabi_lmul
                0x00000000100019ec                __muldi3
 .text          0x0000000010001a34       0xde /home/pibs/.local/opt/zephyr-sdk-0.14.1/arm-zephyr-eabi/bin/../lib/gcc/arm-zephyr-eabi/10.3.0/thumb/v6-m/nofp/libgcc.a(_udivmoddi4.o)
                0x0000000010001a34                __udivmoddi4
 *(SORT_BY_ALIGNMENT(.text.*))
 *fill*         0x0000000010001b12        0x2 
 .text.main     0x0000000010001b14      0x134 app/libapp.a(main.c.obj)
                0x0000000010001b14                main
 .text.motor_uSetup
                0x0000000010001c48       0x70 app/libapp.a(motor.c.obj)
                0x0000000010001c48                motor_uSetup
 .text.motor_vToFront
                0x0000000010001cb8       0x24 app/libapp.a(motor.c.obj)
                0x0000000010001cb8                motor_vToFront
 .text.motor_vToBack
                0x0000000010001cdc       0x24 app/libapp.a(motor.c.obj)
                0x0000000010001cdc                motor_vToBack
 .text.motor_vTurnoff
                0x0000000010001d00       0x24 app/libapp.a(motor.c.obj)
                0x0000000010001d00                motor_vTurnoff
 .text.ping_work_handler
                0x0000000010001d24       0x2c app/libapp.a(led.c.obj)
                0x0000000010001d24                ping_work_handler
 .text.led_vSetup
                0x0000000010001d50       0x34 app/libapp.a(led.c.obj)
                0x0000000010001d50                led_vSetup
 .text.led_vPing
                0x0000000010001d84       0x14 app/libapp.a(led.c.obj)
                0x0000000010001d84                led_vPing
 .text.comm_vGetMessage
                0x0000000010001d98       0x1c app/libapp.a(comm.c.obj)
                0x0000000010001d98                comm_vGetMessage
 .text.comm_uSendChar
                0x0000000010001db4       0x20 app/libapp.a(comm.c.obj)
                0x0000000010001db4                comm_uSendChar
 .text.comm_uSendStringLn
                0x0000000010001dd4       0x1c app/libapp.a(comm.c.obj)
                0x0000000010001dd4                comm_uSendStringLn
 .text.comm_vMessageSubmit
                0x0000000010001df0       0x2c app/libapp.a(comm.c.obj)
                0x0000000010001df0                comm_vMessageSubmit
 .text.comm_vCleanMessage
                0x0000000010001e1c       0x28 app/libapp.a(comm.c.obj)
                0x0000000010001e1c                comm_vCleanMessage
 .text.comm_vSetup
                0x0000000010001e44       0x48 app/libapp.a(comm.c.obj)
                0x0000000010001e44                comm_vSetup
 .text.uart_vBuildMessage
                0x0000000010001e8c       0x40 app/libapp.a(comm.c.obj)
                0x0000000010001e8c                uart_vBuildMessage
 .text.gpio_pin_set_dt.constprop.0.isra.0
                0x0000000010001ecc       0x30 app/libapp.a(gprs.c.obj)
 .text.gprs_vSetup
                0x0000000010001efc       0x3c app/libapp.a(gprs.c.obj)
                0x0000000010001efc                gprs_vSetup
 .text.z_arm_cpu_idle_init
                0x0000000010001f38        0xc zephyr/arch/arch/arm/core/aarch32/libarch__arm__core__aarch32.a(cpu_idle.S.obj)
                0x0000000010001f38                z_arm_cpu_idle_init
 .text.arch_cpu_idle
                0x0000000010001f44       0x10 zephyr/arch/arch/arm/core/aarch32/libarch__arm__core__aarch32.a(cpu_idle.S.obj)
                0x0000000010001f44                arch_cpu_idle
 .text.arch_irq_enable
                0x0000000010001f54       0x1c zephyr/arch/arch/arm/core/aarch32/libarch__arm__core__aarch32.a(irq_manage.c.obj)
                0x0000000010001f54                arch_irq_enable
 .text.z_arm_irq_priority_set
                0x0000000010001f70       0x58 zephyr/arch/arch/arm/core/aarch32/libarch__arm__core__aarch32.a(irq_manage.c.obj)
                0x0000000010001f70                z_arm_irq_priority_set
 .text.z_SysNmiOnReset
                0x0000000010001fc8        0x4 zephyr/arch/arch/arm/core/aarch32/libarch__arm__core__aarch32.a(nmi_on_reset.S.obj)
                0x0000000010001fc8                z_SysNmiOnReset
 .text.z_arm_prep_c
                0x0000000010001fcc       0x30 zephyr/arch/arch/arm/core/aarch32/libarch__arm__core__aarch32.a(prep_c.c.obj)
                0x0000000010001fcc                z_arm_prep_c
 .text.arch_swap
                0x0000000010001ffc       0x38 zephyr/arch/arch/arm/core/aarch32/libarch__arm__core__aarch32.a(swap.c.obj)
                0x0000000010001ffc                arch_swap
 .text.z_arm_pendsv
                0x0000000010002034       0x60 zephyr/arch/arch/arm/core/aarch32/libarch__arm__core__aarch32.a(swap_helper.S.obj)
                0x0000000010002034                z_arm_pendsv
 .text.z_arm_svc
                0x0000000010002094       0x24 zephyr/arch/arch/arm/core/aarch32/libarch__arm__core__aarch32.a(swap_helper.S.obj)
                0x0000000010002094                z_arm_svc
 .text.arch_new_thread
                0x00000000100020b8       0x30 zephyr/arch/arch/arm/core/aarch32/libarch__arm__core__aarch32.a(thread.c.obj)
                0x00000000100020b8                arch_new_thread
 .text.arch_switch_to_main_thread
                0x00000000100020e8       0x24 zephyr/arch/arch/arm/core/aarch32/libarch__arm__core__aarch32.a(thread.c.obj)
                0x00000000100020e8                arch_switch_to_main_thread
 .text._isr_wrapper
                0x000000001000210c       0x28 zephyr/arch/arch/arm/core/aarch32/libarch__arm__core__aarch32.a(isr_wrapper.S.obj)
                0x000000001000210c                _isr_wrapper
 .text._HandlerModeExit
                0x0000000010002134       0x28 zephyr/arch/arch/arm/core/aarch32/cortex_m/libarch__arm__core__aarch32__cortex_m.a(exc_exit.S.obj)
                0x0000000010002134                z_arm_exc_exit
                0x0000000010002134                z_arm_int_exit
 .text.z_arm_fault
                0x000000001000215c       0x80 zephyr/arch/arch/arm/core/aarch32/cortex_m/libarch__arm__core__aarch32__cortex_m.a(fault.c.obj)
                0x000000001000215c                z_arm_fault
 .text.__fault  0x00000000100021dc       0x14 zephyr/arch/arch/arm/core/aarch32/cortex_m/libarch__arm__core__aarch32__cortex_m.a(fault_s.S.obj)
                0x00000000100021dc                z_arm_exc_spurious
                0x00000000100021dc                z_arm_hard_fault
 .text.z_arm_interrupt_init
                0x00000000100021f0       0x38 zephyr/arch/arch/arm/core/aarch32/cortex_m/libarch__arm__core__aarch32__cortex_m.a(irq_init.c.obj)
                0x00000000100021f0                z_arm_interrupt_init
 .text._reset_section
                0x0000000010002228       0x28 zephyr/arch/arch/arm/core/aarch32/cortex_m/libarch__arm__core__aarch32__cortex_m.a(reset.S.obj)
                0x0000000010002228                z_arm_reset
                0x0000000010002228                __start
 .text.z_impl_k_thread_abort
                0x0000000010002250       0x3c zephyr/arch/arch/arm/core/aarch32/cortex_m/libarch__arm__core__aarch32__cortex_m.a(thread_abort.c.obj)
                0x0000000010002250                z_impl_k_thread_abort
 .text.__stdout_hook_install
                0x000000001000228c       0x10 zephyr/lib/libc/minimal/liblib__libc__minimal.a(stdout_console.c.obj)
                0x000000001000228c                __stdout_hook_install
 .text.rp2040_init
                0x000000001000229c       0x58 zephyr/soc/arm/rpi_pico/rp2/libsoc__arm__rpi_pico__rp2.a(soc.c.obj)
 .text.uart_console_init
                0x00000000100022f4       0x30 zephyr/drivers/console/libdrivers__console.a(uart_console.c.obj)
 .text.console_out
                0x0000000010002324       0x2c zephyr/drivers/console/libdrivers__console.a(uart_console.c.obj)
 .text.gpio_rpi_isr
                0x0000000010002350       0x68 zephyr/drivers/gpio/libdrivers__gpio.a(gpio_rpi_pico.c.obj)
 .text.i2c_dw_initialize
                0x00000000100023b8       0xd4 zephyr/drivers/i2c/libdrivers__i2c.a(i2c_dw.c.obj)
 .text.i2c_dw_transfer
                0x000000001000248c      0x1b8 zephyr/drivers/i2c/libdrivers__i2c.a(i2c_dw.c.obj)
 .text.pwm_set  0x0000000010002644       0x94 zephyr/drivers/led/libdrivers__led.a(led_pwm.c.obj)
 .text.pwm_rpi_init
                0x00000000100026d8       0xa0 zephyr/drivers/pwm/libdrivers__pwm.a(pwm_rpi_pico.c.obj)
 .text.pwm_rpi_set_cycles
                0x0000000010002778       0xb0 zephyr/drivers/pwm/libdrivers__pwm.a(pwm_rpi_pico.c.obj)
 .text.pwm_rpi_get_cycles_per_sec
                0x0000000010002828       0x6c zephyr/drivers/pwm/libdrivers__pwm.a(pwm_rpi_pico.c.obj)
 .text.uart_rpi_irq_err_disable
                0x0000000010002894       0x18 zephyr/drivers/serial/libdrivers__serial.a(uart_rpi_pico.c.obj)
 .text.elapsed  0x00000000100028ac       0x3c zephyr/drivers/timer/libdrivers__timer.a(cortex_m_systick.c.obj)
 .text.sys_clock_driver_init
                0x00000000100028e8       0x40 zephyr/drivers/timer/libdrivers__timer.a(cortex_m_systick.c.obj)
 .text.sys_clock_isr
                0x0000000010002928       0x48 zephyr/drivers/timer/libdrivers__timer.a(cortex_m_systick.c.obj)
                0x0000000010002928                sys_clock_isr
 .text.sys_clock_set_timeout
                0x0000000010002970      0x108 zephyr/drivers/timer/libdrivers__timer.a(cortex_m_systick.c.obj)
                0x0000000010002970                sys_clock_set_timeout
 .text.sys_clock_elapsed
                0x0000000010002a78       0x3c zephyr/drivers/timer/libdrivers__timer.a(cortex_m_systick.c.obj)
                0x0000000010002a78                sys_clock_elapsed
 .text.pinctrl_lookup_state
                0x0000000010002ab4       0x38 zephyr/drivers/pinctrl/libdrivers__pinctrl.a(common.c.obj)
                0x0000000010002ab4                pinctrl_lookup_state
 .text.clock_configure
                0x0000000010002aec       0xe0 modules/hal_rpi_pico/libmodules__hal_rpi_pico.a(clocks.c.obj)
                0x0000000010002aec                clock_configure
 .text.clocks_init
                0x0000000010002bcc       0xf4 modules/hal_rpi_pico/libmodules__hal_rpi_pico.a(clocks.c.obj)
                0x0000000010002bcc                clocks_init
 .text.clock_get_hz
                0x0000000010002cc0       0x14 modules/hal_rpi_pico/libmodules__hal_rpi_pico.a(clocks.c.obj)
                0x0000000010002cc0                clock_get_hz
 .text.pll_init
                0x0000000010002cd4       0xa0 modules/hal_rpi_pico/libmodules__hal_rpi_pico.a(pll.c.obj)
                0x0000000010002cd4                pll_init
 .text.xosc_init
                0x0000000010002d74       0x2c modules/hal_rpi_pico/libmodules__hal_rpi_pico.a(xosc.c.obj)
                0x0000000010002d74                xosc_init
 .text.watchdog_start_tick
                0x0000000010002da0       0x18 modules/hal_rpi_pico/libmodules__hal_rpi_pico.a(watchdog.c.obj)
                0x0000000010002da0                watchdog_start_tick
 .text.running_on_fpga
                0x0000000010002db8       0x14 modules/hal_rpi_pico/libmodules__hal_rpi_pico.a(platform.c.obj)
                0x0000000010002db8                running_on_fpga
 .text.gpio_set_function
                0x0000000010002dcc       0x30 modules/hal_rpi_pico/libmodules__hal_rpi_pico.a(gpio.c.obj)
                0x0000000010002dcc                gpio_set_function
 .text.gpio_set_pulls
                0x0000000010002dfc       0x30 modules/hal_rpi_pico/libmodules__hal_rpi_pico.a(gpio.c.obj)
                0x0000000010002dfc                gpio_set_pulls
 .text.gpio_set_input_hysteresis_enabled
                0x0000000010002e2c       0x24 modules/hal_rpi_pico/libmodules__hal_rpi_pico.a(gpio.c.obj)
                0x0000000010002e2c                gpio_set_input_hysteresis_enabled
 .text.gpio_set_slew_rate
                0x0000000010002e50       0x24 modules/hal_rpi_pico/libmodules__hal_rpi_pico.a(gpio.c.obj)
                0x0000000010002e50                gpio_set_slew_rate
 .text.gpio_set_drive_strength
                0x0000000010002e74       0x24 modules/hal_rpi_pico/libmodules__hal_rpi_pico.a(gpio.c.obj)
                0x0000000010002e74                gpio_set_drive_strength
 .text.gpio_acknowledge_irq
                0x0000000010002e98       0x20 modules/hal_rpi_pico/libmodules__hal_rpi_pico.a(gpio.c.obj)
                0x0000000010002e98                gpio_acknowledge_irq
 .text.gpio_set_irq_enabled
                0x0000000010002eb8       0x4c modules/hal_rpi_pico/libmodules__hal_rpi_pico.a(gpio.c.obj)
                0x0000000010002eb8                gpio_set_irq_enabled
 .text.gpio_set_input_enabled
                0x0000000010002f04       0x24 modules/hal_rpi_pico/libmodules__hal_rpi_pico.a(gpio.c.obj)
                0x0000000010002f04                gpio_set_input_enabled
 .text.uart_set_baudrate
                0x0000000010002f28       0x60 modules/hal_rpi_pico/libmodules__hal_rpi_pico.a(uart.c.obj)
                0x0000000010002f28                uart_set_baudrate
 .text.uart_init
                0x0000000010002f88       0x98 modules/hal_rpi_pico/libmodules__hal_rpi_pico.a(uart.c.obj)
                0x0000000010002f88                uart_init
 .text.z_sys_init_run_level
                0x0000000010003020       0x50 zephyr/kernel/libkernel.a(device.c.obj)
                0x0000000010003020                z_sys_init_run_level
 .text.bg_thread_main
                0x0000000010003070       0x38 zephyr/kernel/libkernel.a(init.c.obj)
 .text.z_bss_zero
                0x00000000100030a8       0x1c zephyr/kernel/libkernel.a(init.c.obj)
                0x00000000100030a8                z_bss_zero
 .text.z_init_cpu
                0x00000000100030c4       0x68 zephyr/kernel/libkernel.a(init.c.obj)
                0x00000000100030c4                z_init_cpu
 .text.z_cstart
                0x000000001000312c       0xb8 zephyr/kernel/libkernel.a(init.c.obj)
                0x000000001000312c                z_cstart
 .text.z_check_stack_sentinel
                0x00000000100031e4       0x2c zephyr/kernel/libkernel.a(thread.c.obj)
                0x00000000100031e4                z_check_stack_sentinel
 .text.z_setup_new_thread
                0x0000000010003210       0x68 zephyr/kernel/libkernel.a(thread.c.obj)
                0x0000000010003210                z_setup_new_thread
 .text.z_impl_k_thread_create
                0x0000000010003278       0x5c zephyr/kernel/libkernel.a(thread.c.obj)
                0x0000000010003278                z_impl_k_thread_create
 .text.z_init_static_threads
                0x00000000100032d4       0x90 zephyr/kernel/libkernel.a(thread.c.obj)
                0x00000000100032d4                z_init_static_threads
 .text.z_impl_k_msgq_put
                0x0000000010003364       0xa0 zephyr/kernel/libkernel.a(msg_q.c.obj)
                0x0000000010003364                z_impl_k_msgq_put
 .text.z_impl_k_msgq_get
                0x0000000010003404       0xb4 zephyr/kernel/libkernel.a(msg_q.c.obj)
                0x0000000010003404                z_impl_k_msgq_get
 .text.z_impl_k_sem_give
                0x00000000100034b8       0x3c zephyr/kernel/libkernel.a(sem.c.obj)
                0x00000000100034b8                z_impl_k_sem_give
 .text.z_impl_k_sem_take
                0x00000000100034f4       0x58 zephyr/kernel/libkernel.a(sem.c.obj)
                0x00000000100034f4                z_impl_k_sem_take
 .text.work_queue_main
                0x000000001000354c      0x124 zephyr/kernel/libkernel.a(work.c.obj)
 .text.submit_to_queue_locked
                0x0000000010003670       0xb8 zephyr/kernel/libkernel.a(work.c.obj)
 .text.k_work_submit
                0x0000000010003728       0x14 zephyr/kernel/libkernel.a(work.c.obj)
                0x0000000010003728                k_work_submit
 .text.k_work_queue_start
                0x000000001000373c       0x80 zephyr/kernel/libkernel.a(work.c.obj)
                0x000000001000373c                k_work_queue_start
 .text.z_reset_time_slice
                0x00000000100037bc       0x2c zephyr/kernel/libkernel.a(sched.c.obj)
                0x00000000100037bc                z_reset_time_slice
 .text.k_sched_time_slice_set
                0x00000000100037e8       0x48 zephyr/kernel/libkernel.a(sched.c.obj)
                0x00000000100037e8                k_sched_time_slice_set
 .text.z_reschedule
                0x0000000010003830       0x30 zephyr/kernel/libkernel.a(sched.c.obj)
                0x0000000010003830                z_reschedule
 .text.k_sched_lock
                0x0000000010003860       0x28 zephyr/kernel/libkernel.a(sched.c.obj)
                0x0000000010003860                k_sched_lock
 .text.update_cache
                0x0000000010003888       0x48 zephyr/kernel/libkernel.a(sched.c.obj)
 .text.move_thread_to_end_of_prio_q
                0x00000000100038d0       0x7c zephyr/kernel/libkernel.a(sched.c.obj)
 .text.z_time_slice
                0x000000001000394c       0x80 zephyr/kernel/libkernel.a(sched.c.obj)
                0x000000001000394c                z_time_slice
 .text.ready_thread
                0x00000000100039cc       0x70 zephyr/kernel/libkernel.a(sched.c.obj)
 .text.z_sched_start
                0x0000000010003a3c       0x38 zephyr/kernel/libkernel.a(sched.c.obj)
                0x0000000010003a3c                z_sched_start
 .text.unready_thread
                0x0000000010003a74       0x30 zephyr/kernel/libkernel.a(sched.c.obj)
 .text.pend     0x0000000010003aa4       0x44 zephyr/kernel/libkernel.a(sched.c.obj)
 .text.z_pend_curr
                0x0000000010003ae8       0x2c zephyr/kernel/libkernel.a(sched.c.obj)
                0x0000000010003ae8                z_pend_curr
 .text.z_impl_k_thread_suspend
                0x0000000010003b14       0x5c zephyr/kernel/libkernel.a(sched.c.obj)
                0x0000000010003b14                z_impl_k_thread_suspend
 .text.k_sched_unlock
                0x0000000010003b70       0x30 zephyr/kernel/libkernel.a(sched.c.obj)
                0x0000000010003b70                k_sched_unlock
 .text.z_sched_init
                0x0000000010003ba0       0x20 zephyr/kernel/libkernel.a(sched.c.obj)
                0x0000000010003ba0                z_sched_init
 .text.z_impl_k_yield
                0x0000000010003bc0       0x80 zephyr/kernel/libkernel.a(sched.c.obj)
                0x0000000010003bc0                z_impl_k_yield
 .text.z_tick_sleep
                0x0000000010003c40       0x9c zephyr/kernel/libkernel.a(sched.c.obj)
 .text.z_impl_k_sleep
                0x0000000010003cdc       0x34 zephyr/kernel/libkernel.a(sched.c.obj)
                0x0000000010003cdc                z_impl_k_sleep
 .text.z_impl_z_current_get
                0x0000000010003d10       0x10 zephyr/kernel/libkernel.a(sched.c.obj)
                0x0000000010003d10                z_impl_z_current_get
 .text.z_thread_abort
                0x0000000010003d20       0xbc zephyr/kernel/libkernel.a(sched.c.obj)
                0x0000000010003d20                z_thread_abort
 .text.z_sched_wait
                0x0000000010003ddc       0x28 zephyr/kernel/libkernel.a(sched.c.obj)
                0x0000000010003ddc                z_sched_wait
 .text.z_data_copy
                0x0000000010003e04       0x38 zephyr/kernel/libkernel.a(xip.c.obj)
                0x0000000010003e04                z_data_copy
 .text.elapsed  0x0000000010003e3c       0x1c zephyr/kernel/libkernel.a(timeout.c.obj)
 .text.next_timeout
                0x0000000010003e58       0x5c zephyr/kernel/libkernel.a(timeout.c.obj)
 .text.remove_timeout
                0x0000000010003eb4       0x3c zephyr/kernel/libkernel.a(timeout.c.obj)
 .text.z_add_timeout
                0x0000000010003ef0       0xf8 zephyr/kernel/libkernel.a(timeout.c.obj)
                0x0000000010003ef0                z_add_timeout
 .text.sys_clock_announce
                0x0000000010003fe8       0xe8 zephyr/kernel/libkernel.a(timeout.c.obj)
                0x0000000010003fe8                sys_clock_announce
 .text.sys_clock_tick_get
                0x00000000100040d0       0x30 zephyr/kernel/libkernel.a(timeout.c.obj)
                0x00000000100040d0                sys_clock_tick_get
 .text.statics_init
                0x0000000010004100       0x28 zephyr/kernel/libkernel.a(kheap.c.obj)
 .text.k_sys_work_q_init
                0x0000000010004128       0x34 zephyr/kernel/libkernel.a(system_work_q.c.obj)
 .text._OffsetAbsSyms
                0x000000001000415c        0x8 zephyr/CMakeFiles/offsets.dir/./arch/arm/core/offsets/offsets.c.obj
                0x000000001000415c                _OffsetAbsSyms
 .text.gpio_pin_set_dt.isra.0
                0x0000000010004164       0x32 app/libapp.a(motor.c.obj)
 .text.gpio_pin_set.isra.0
                0x0000000010004196       0x2a app/libapp.a(led.c.obj)
 .text.z_impl_uart_irq_rx_enable
                0x00000000100041c0       0x12 app/libapp.a(comm.c.obj)
 .text.uart_irq_callback_user_data_set.constprop.0
                0x00000000100041d2       0x18 app/libapp.a(comm.c.obj)
 .text.comm_uSendString
                0x00000000100041ea       0x24 app/libapp.a(comm.c.obj)
                0x00000000100041ea                comm_uSendString
 .text.uart0_cb
                0x000000001000420e       0x42 app/libapp.a(comm.c.obj)
                0x000000001000420e                uart0_cb
 .text.uart1_cb
                0x0000000010004250       0x42 app/libapp.a(comm.c.obj)
                0x0000000010004250                uart1_cb
 .text.gprs_vDisable
                0x0000000010004292        0xe app/libapp.a(gprs.c.obj)
                0x0000000010004292                gprs_vDisable
 .text.textp_bFindString
                0x00000000100042a0       0x12 app/libapp.a(textProtocol.c.obj)
                0x00000000100042a0                textp_bFindString
 .text.z_thread_entry
                0x00000000100042b2       0x16 zephyr/libzephyr.a(thread_entry.c.obj)
                0x00000000100042b2                z_thread_entry
 .text.chunk_field
                0x00000000100042c8       0x20 zephyr/libzephyr.a(heap.c.obj)
 .text.chunk_set
                0x00000000100042e8       0x20 zephyr/libzephyr.a(heap.c.obj)
 .text.chunk_size
                0x0000000010004308       0x10 zephyr/libzephyr.a(heap.c.obj)
 .text.set_chunk_used
                0x0000000010004318       0x3a zephyr/libzephyr.a(heap.c.obj)
 .text.set_chunk_size
                0x0000000010004352       0x10 zephyr/libzephyr.a(heap.c.obj)
 .text.mem_to_chunkid
                0x0000000010004362       0x1c zephyr/libzephyr.a(heap.c.obj)
 .text.bucket_idx.isra.0
                0x000000001000437e       0x24 zephyr/libzephyr.a(heap.c.obj)
 .text.free_list_remove_bidx
                0x00000000100043a2       0x60 zephyr/libzephyr.a(heap.c.obj)
 .text.free_list_remove
                0x0000000010004402       0x30 zephyr/libzephyr.a(heap.c.obj)
 .text.merge_chunks
                0x0000000010004432       0x3c zephyr/libzephyr.a(heap.c.obj)
 .text.free_list_add
                0x000000001000446e       0x8c zephyr/libzephyr.a(heap.c.obj)
 .text.free_chunk
                0x00000000100044fa       0x8c zephyr/libzephyr.a(heap.c.obj)
 .text.sys_heap_free
                0x0000000010004586       0x28 zephyr/libzephyr.a(heap.c.obj)
                0x0000000010004586                sys_heap_free
 .text.sys_heap_init
                0x00000000100045ae       0xb0 zephyr/libzephyr.a(heap.c.obj)
                0x00000000100045ae                sys_heap_init
 .text._ConfigAbsSyms
                0x000000001000465e        0x8 zephyr/libzephyr.a(configs.c.obj)
                0x000000001000465e                _ConfigAbsSyms
 .text.z_arm_fatal_error
                0x0000000010004666        0xc zephyr/arch/arch/arm/core/aarch32/libarch__arm__core__aarch32.a(fatal.c.obj)
                0x0000000010004666                z_arm_fatal_error
 .text.z_do_kernel_oops
                0x0000000010004672       0x10 zephyr/arch/arch/arm/core/aarch32/libarch__arm__core__aarch32.a(fatal.c.obj)
                0x0000000010004672                z_do_kernel_oops
 .text.z_irq_spurious
                0x0000000010004682       0x10 zephyr/arch/arch/arm/core/aarch32/libarch__arm__core__aarch32.a(irq_manage.c.obj)
                0x0000000010004682                z_irq_spurious
 .text.z_arm_nmi
                0x0000000010004692       0x10 zephyr/arch/arch/arm/core/aarch32/libarch__arm__core__aarch32.a(nmi.c.obj)
                0x0000000010004692                z_arm_nmi
 .text.z_arm_fault_init
                0x00000000100046a2        0x8 zephyr/arch/arch/arm/core/aarch32/cortex_m/libarch__arm__core__aarch32__cortex_m.a(fault.c.obj)
                0x00000000100046a2                z_arm_fault_init
 .text.strstr   0x00000000100046aa       0x44 zephyr/lib/libc/minimal/liblib__libc__minimal.a(strstr.c.obj)
                0x00000000100046aa                strstr
 .text.strlen   0x00000000100046ee       0x16 zephyr/lib/libc/minimal/liblib__libc__minimal.a(string.c.obj)
                0x00000000100046ee                strlen
 .text.strncmp  0x0000000010004704       0x22 zephyr/lib/libc/minimal/liblib__libc__minimal.a(string.c.obj)
                0x0000000010004704                strncmp
 .text.memcpy   0x0000000010004726       0x16 zephyr/lib/libc/minimal/liblib__libc__minimal.a(string.c.obj)
                0x0000000010004726                memcpy
 .text.memset   0x000000001000473c       0x18 zephyr/lib/libc/minimal/liblib__libc__minimal.a(string.c.obj)
                0x000000001000473c                memset
 .text._stdout_hook_default
                0x0000000010004754        0xc zephyr/lib/libc/minimal/liblib__libc__minimal.a(stdout_console.c.obj)
 .text.gpio_rpi_port_get_raw
                0x0000000010004760       0x12 zephyr/drivers/gpio/libdrivers__gpio.a(gpio_rpi_pico.c.obj)
 .text.gpio_rpi_port_set_masked_raw
                0x0000000010004772       0x16 zephyr/drivers/gpio/libdrivers__gpio.a(gpio_rpi_pico.c.obj)
 .text.gpio_rpi_port_set_bits_raw
                0x0000000010004788       0x10 zephyr/drivers/gpio/libdrivers__gpio.a(gpio_rpi_pico.c.obj)
 .text.gpio_rpi_port_clear_bits_raw
                0x0000000010004798       0x10 zephyr/drivers/gpio/libdrivers__gpio.a(gpio_rpi_pico.c.obj)
 .text.gpio_rpi_port_toggle_bits
                0x00000000100047a8       0x10 zephyr/drivers/gpio/libdrivers__gpio.a(gpio_rpi_pico.c.obj)
 .text.gpio_rpi_manage_callback
                0x00000000100047b8       0x60 zephyr/drivers/gpio/libdrivers__gpio.a(gpio_rpi_pico.c.obj)
 .text.gpio_rpi_bank_init
                0x0000000010004818       0x10 zephyr/drivers/gpio/libdrivers__gpio.a(gpio_rpi_pico.c.obj)
 .text.gpio_rpi_pin_interrupt_configure
                0x0000000010004828       0x70 zephyr/drivers/gpio/libdrivers__gpio.a(gpio_rpi_pico.c.obj)
 .text.gpio_rpi_configure
                0x0000000010004898       0x70 zephyr/drivers/gpio/libdrivers__gpio.a(gpio_rpi_pico.c.obj)
 .text.bank_0_config_func
                0x0000000010004908       0x18 zephyr/drivers/gpio/libdrivers__gpio.a(gpio_rpi_pico.c.obj)
 .text.i2c_dw_runtime_configure
                0x0000000010004920       0x9a zephyr/drivers/i2c/libdrivers__i2c.a(i2c_dw.c.obj)
 .text.i2c_config_0
                0x00000000100049ba       0x18 zephyr/drivers/i2c/libdrivers__i2c.a(i2c_dw.c.obj)
 .text.i2c_config_1
                0x00000000100049d2       0x18 zephyr/drivers/i2c/libdrivers__i2c.a(i2c_dw.c.obj)
 .text.i2c_dw_isr
                0x00000000100049ea      0x1fc zephyr/drivers/i2c/libdrivers__i2c.a(i2c_dw.c.obj)
 .text.led_pwm_blink
                0x0000000010004be6       0x7a zephyr/drivers/led/libdrivers__led.a(led_pwm.c.obj)
 .text.led_pwm_set_brightness
                0x0000000010004c60       0x3a zephyr/drivers/led/libdrivers__led.a(led_pwm.c.obj)
 .text.led_pwm_on
                0x0000000010004c9a        0xe zephyr/drivers/led/libdrivers__led.a(led_pwm.c.obj)
 .text.led_pwm_off
                0x0000000010004ca8        0xe zephyr/drivers/led/libdrivers__led.a(led_pwm.c.obj)
 .text.led_pwm_init
                0x0000000010004cb6       0x30 zephyr/drivers/led/libdrivers__led.a(led_pwm.c.obj)
 .text.uart_rpi_poll_in
                0x0000000010004ce6       0x22 zephyr/drivers/serial/libdrivers__serial.a(uart_rpi_pico.c.obj)
 .text.uart_rpi_poll_out
                0x0000000010004d08       0x16 zephyr/drivers/serial/libdrivers__serial.a(uart_rpi_pico.c.obj)
 .text.uart_rpi_err_check
                0x0000000010004d1e       0x2a zephyr/drivers/serial/libdrivers__serial.a(uart_rpi_pico.c.obj)
 .text.uart_rpi_fifo_fill
                0x0000000010004d48       0x24 zephyr/drivers/serial/libdrivers__serial.a(uart_rpi_pico.c.obj)
 .text.uart_rpi_fifo_read
                0x0000000010004d6c       0x24 zephyr/drivers/serial/libdrivers__serial.a(uart_rpi_pico.c.obj)
 .text.uart_rpi_irq_tx_enable
                0x0000000010004d90       0x1c zephyr/drivers/serial/libdrivers__serial.a(uart_rpi_pico.c.obj)
 .text.uart_rpi_irq_tx_disable
                0x0000000010004dac       0x14 zephyr/drivers/serial/libdrivers__serial.a(uart_rpi_pico.c.obj)
 .text.uart_rpi_irq_tx_ready
                0x0000000010004dc0       0x12 zephyr/drivers/serial/libdrivers__serial.a(uart_rpi_pico.c.obj)
 .text.uart_rpi_irq_rx_enable
                0x0000000010004dd2       0x1c zephyr/drivers/serial/libdrivers__serial.a(uart_rpi_pico.c.obj)
 .text.uart_rpi_irq_rx_disable
                0x0000000010004dee       0x14 zephyr/drivers/serial/libdrivers__serial.a(uart_rpi_pico.c.obj)
 .text.uart_rpi_irq_tx_complete
                0x0000000010004e02       0x12 zephyr/drivers/serial/libdrivers__serial.a(uart_rpi_pico.c.obj)
 .text.uart_rpi_irq_rx_ready
                0x0000000010004e14       0x12 zephyr/drivers/serial/libdrivers__serial.a(uart_rpi_pico.c.obj)
 .text.uart_rpi_irq_err_enable
                0x0000000010004e26       0x16 zephyr/drivers/serial/libdrivers__serial.a(uart_rpi_pico.c.obj)
 .text.uart_rpi_irq_update
                0x0000000010004e3c        0xa zephyr/drivers/serial/libdrivers__serial.a(uart_rpi_pico.c.obj)
 .text.uart_rpi_irq_callback_set
                0x0000000010004e46        0xe zephyr/drivers/serial/libdrivers__serial.a(uart_rpi_pico.c.obj)
 .text.uart_rpi_isr
                0x0000000010004e54       0x14 zephyr/drivers/serial/libdrivers__serial.a(uart_rpi_pico.c.obj)
 .text.uart0_rpi_irq_config_func
                0x0000000010004e68       0x18 zephyr/drivers/serial/libdrivers__serial.a(uart_rpi_pico.c.obj)
 .text.uart1_rpi_irq_config_func
                0x0000000010004e80       0x18 zephyr/drivers/serial/libdrivers__serial.a(uart_rpi_pico.c.obj)
 .text.uart_rpi_irq_is_pending
                0x0000000010004e98       0x20 zephyr/drivers/serial/libdrivers__serial.a(uart_rpi_pico.c.obj)
 .text.uart_rpi_init
                0x0000000010004eb8       0x68 zephyr/drivers/serial/libdrivers__serial.a(uart_rpi_pico.c.obj)
 .text.pinctrl_configure_pins
                0x0000000010004f20       0x8c zephyr/drivers/pinctrl/libdrivers__pinctrl.a(pinctrl_rpi_pico.c.obj)
                0x0000000010004f20                pinctrl_configure_pins
 .text.reset_rpi_init
                0x0000000010004fac        0xa zephyr/drivers/reset/libdrivers__reset.a(reset_rpi_pico.c.obj)
 .text.reset_rpi_read_register.isra.0
                0x0000000010004fb6       0x32 zephyr/drivers/reset/libdrivers__reset.a(reset_rpi_pico.c.obj)
 .text.reset_rpi_update.isra.0
                0x0000000010004fe8       0x78 zephyr/drivers/reset/libdrivers__reset.a(reset_rpi_pico.c.obj)
 .text.reset_rpi_line_deassert
                0x0000000010005060       0x10 zephyr/drivers/reset/libdrivers__reset.a(reset_rpi_pico.c.obj)
 .text.reset_rpi_line_assert
                0x0000000010005070       0x10 zephyr/drivers/reset/libdrivers__reset.a(reset_rpi_pico.c.obj)
 .text.reset_rpi_line_toggle
                0x0000000010005080       0x1c zephyr/drivers/reset/libdrivers__reset.a(reset_rpi_pico.c.obj)
 .text.reset_rpi_status
                0x000000001000509c       0x3e zephyr/drivers/reset/libdrivers__reset.a(reset_rpi_pico.c.obj)
 .text.gpio_init
                0x00000000100050da       0x1a modules/hal_rpi_pico/libmodules__hal_rpi_pico.a(gpio.c.obj)
                0x00000000100050da                gpio_init
 .text.z_device_state_init
                0x00000000100050f4        0x8 zephyr/kernel/libkernel.a(device.c.obj)
                0x00000000100050f4                z_device_state_init
 .text.z_device_is_ready
                0x00000000100050fc       0x1e zephyr/kernel/libkernel.a(device.c.obj)
                0x00000000100050fc                z_device_is_ready
 .text.arch_system_halt
                0x000000001000511a        0xc zephyr/kernel/libkernel.a(fatal.c.obj)
                0x000000001000511a                arch_system_halt
 .text.k_sys_fatal_error_handler
                0x0000000010005126        0x8 zephyr/kernel/libkernel.a(fatal.c.obj)
                0x0000000010005126                k_sys_fatal_error_handler
 .text.z_fatal_error
                0x000000001000512e       0x30 zephyr/kernel/libkernel.a(fatal.c.obj)
                0x000000001000512e                z_fatal_error
 .text.z_early_memset
                0x000000001000515e        0xc zephyr/kernel/libkernel.a(init.c.obj)
                0x000000001000515e                z_early_memset
 .text.z_early_memcpy
                0x000000001000516a        0xc zephyr/kernel/libkernel.a(init.c.obj)
                0x000000001000516a                z_early_memcpy
 .text.k_is_in_isr
                0x0000000010005176       0x12 zephyr/kernel/libkernel.a(thread.c.obj)
                0x0000000010005176                k_is_in_isr
 .text.z_impl_k_thread_name_set
                0x0000000010005188        0xc zephyr/kernel/libkernel.a(thread.c.obj)
                0x0000000010005188                z_impl_k_thread_name_set
 .text.z_impl_k_thread_start
                0x0000000010005194        0xc zephyr/kernel/libkernel.a(thread.c.obj)
                0x0000000010005194                z_impl_k_thread_start
 .text.idle     0x00000000100051a0       0x10 zephyr/kernel/libkernel.a(idle.c.obj)
                0x00000000100051a0                idle
 .text.k_msgq_cleanup
                0x00000000100051b0       0x32 zephyr/kernel/libkernel.a(msg_q.c.obj)
                0x00000000100051b0                k_msgq_cleanup
 .text.z_impl_k_sem_init
                0x00000000100051e2       0x20 zephyr/kernel/libkernel.a(sem.c.obj)
                0x00000000100051e2                z_impl_k_sem_init
 .text.flag_test_and_clear
                0x0000000010005202       0x1c zephyr/kernel/libkernel.a(work.c.obj)
 .text.notify_queue_locked.isra.0
                0x000000001000521e       0x16 zephyr/kernel/libkernel.a(work.c.obj)
 .text.z_work_submit_to_queue
                0x0000000010005234       0x22 zephyr/kernel/libkernel.a(work.c.obj)
                0x0000000010005234                z_work_submit_to_queue
 .text.k_work_submit_to_queue
                0x0000000010005256       0x1c zephyr/kernel/libkernel.a(work.c.obj)
                0x0000000010005256                k_work_submit_to_queue
 .text.sys_dlist_remove
                0x0000000010005272       0x16 zephyr/kernel/libkernel.a(sched.c.obj)
 .text.unpend_thread_no_timeout
                0x0000000010005288       0x1a zephyr/kernel/libkernel.a(sched.c.obj)
 .text.z_swap_irqlock
                0x00000000100052a2       0x14 zephyr/kernel/libkernel.a(sched.c.obj)
 .text.z_unpend_thread
                0x00000000100052b6       0x26 zephyr/kernel/libkernel.a(sched.c.obj)
                0x00000000100052b6                z_unpend_thread
 .text.z_reschedule_irqlock
                0x00000000100052dc       0x20 zephyr/kernel/libkernel.a(sched.c.obj)
                0x00000000100052dc                z_reschedule_irqlock
 .text.z_reschedule_unlocked
                0x00000000100052fc       0x12 zephyr/kernel/libkernel.a(sched.c.obj)
 .text.z_priq_dumb_best
                0x000000001000530e       0x12 zephyr/kernel/libkernel.a(sched.c.obj)
                0x000000001000530e                z_priq_dumb_best
 .text.z_ready_thread
                0x0000000010005320       0x1c zephyr/kernel/libkernel.a(sched.c.obj)
                0x0000000010005320                z_ready_thread
 .text.z_thread_timeout
                0x000000001000533c       0x3c zephyr/kernel/libkernel.a(sched.c.obj)
                0x000000001000533c                z_thread_timeout
 .text.add_to_waitq_locked
                0x0000000010005378       0x5c zephyr/kernel/libkernel.a(sched.c.obj)
 .text.z_unpend_first_thread
                0x00000000100053d4       0x2e zephyr/kernel/libkernel.a(sched.c.obj)
                0x00000000100053d4                z_unpend_first_thread
 .text.z_unpend_all
                0x0000000010005402       0x28 zephyr/kernel/libkernel.a(sched.c.obj)
                0x0000000010005402                z_unpend_all
 .text.z_sched_wake
                0x000000001000542a       0x44 zephyr/kernel/libkernel.a(sched.c.obj)
                0x000000001000542a                z_sched_wake
 .text.z_abort_timeout
                0x000000001000546e       0x2a zephyr/kernel/libkernel.a(timeout.c.obj)
                0x000000001000546e                z_abort_timeout
 .text.z_set_timeout_expiry
                0x0000000010005498       0x30 zephyr/kernel/libkernel.a(timeout.c.obj)
                0x0000000010005498                z_set_timeout_expiry
 .text.sys_clock_tick_get_32
                0x00000000100054c8        0xc zephyr/kernel/libkernel.a(timeout.c.obj)
                0x00000000100054c8                sys_clock_tick_get_32
 .text.k_free   0x00000000100054d4       0x14 zephyr/kernel/libkernel.a(mempool.c.obj)
                0x00000000100054d4                k_free
 .text.boot_banner
                0x00000000100054e8        0x8 zephyr/kernel/libkernel.a(banner.c.obj)
                0x00000000100054e8                boot_banner
 .text.k_heap_init
                0x00000000100054f0       0x14 zephyr/kernel/libkernel.a(kheap.c.obj)
                0x00000000100054f0                k_heap_init
 .text.k_heap_free
                0x0000000010005504       0x36 zephyr/kernel/libkernel.a(kheap.c.obj)
                0x0000000010005504                k_heap_free
 *(SORT_BY_ALIGNMENT(.TEXT.*))
 *(SORT_BY_ALIGNMENT(.gnu.linkonce.t.*))
 *(SORT_BY_ALIGNMENT(.glue_7t))
 .glue_7t       0x000000001000553a        0x0 linker stubs
 *(SORT_BY_ALIGNMENT(.glue_7))
 .glue_7        0x000000001000553a        0x0 linker stubs
 *(SORT_BY_ALIGNMENT(.vfp11_veneer))
 .vfp11_veneer  0x000000001000553a        0x0 linker stubs
 *(SORT_BY_ALIGNMENT(.v4_bx))
 .v4_bx         0x000000001000553a        0x0 linker stubs
                0x000000001000553a                __text_region_end = .

.ARM.exidx      0x000000001000553c        0x8
                0x000000001000553c                __exidx_start = .
 *(SORT_BY_ALIGNMENT(.ARM.exidx*) SORT_BY_ALIGNMENT(gnu.linkonce.armexidx.*))
 .ARM.exidx     0x000000001000553c        0x8 /home/pibs/.local/opt/zephyr-sdk-0.14.1/arm-zephyr-eabi/bin/../lib/gcc/arm-zephyr-eabi/10.3.0/thumb/v6-m/nofp/libgcc.a(_udivmoddi4.o)
                0x0000000010005544                __exidx_end = .
                0x0000000010005544                __rodata_region_start = .

initlevel       0x0000000010005544       0x68
                0x0000000010005544                __init_start = .
                0x0000000010005544                __init_PRE_KERNEL_1_start = .
 *(SORT_BY_NAME(SORT_BY_ALIGNMENT(.z_init_PRE_KERNEL_1[0-9]_*)))
 .z_init_PRE_KERNEL_10_
                0x0000000010005544        0x8 zephyr/soc/arm/rpi_pico/rp2/libsoc__arm__rpi_pico__rp2.a(soc.c.obj)
 *(SORT_BY_NAME(SORT_BY_ALIGNMENT(.z_init_PRE_KERNEL_1[1-9][0-9]_*)))
 .z_init_PRE_KERNEL_130_
                0x000000001000554c        0x8 zephyr/kernel/libkernel.a(kheap.c.obj)
 .z_init_PRE_KERNEL_140_
                0x0000000010005554        0x8 zephyr/drivers/reset/libdrivers__reset.a(reset_rpi_pico.c.obj)
 .z_init_PRE_KERNEL_155_
                0x000000001000555c       0x10 zephyr/drivers/serial/libdrivers__serial.a(uart_rpi_pico.c.obj)
                0x000000001000556c                __init_PRE_KERNEL_2_start = .
 *(SORT_BY_NAME(SORT_BY_ALIGNMENT(.z_init_PRE_KERNEL_2[0-9]_*)))
 .z_init_PRE_KERNEL_20_
                0x000000001000556c        0x8 zephyr/drivers/timer/libdrivers__timer.a(cortex_m_systick.c.obj)
 *(SORT_BY_NAME(SORT_BY_ALIGNMENT(.z_init_PRE_KERNEL_2[1-9][0-9]_*)))
                0x0000000010005574                __init_POST_KERNEL_start = .
 *(SORT_BY_NAME(SORT_BY_ALIGNMENT(.z_init_POST_KERNEL[0-9]_*)))
 *(SORT_BY_NAME(SORT_BY_ALIGNMENT(.z_init_POST_KERNEL[1-9][0-9]_*)))
 .z_init_POST_KERNEL40_
                0x0000000010005574        0x8 zephyr/drivers/gpio/libdrivers__gpio.a(gpio_rpi_pico.c.obj)
 .z_init_POST_KERNEL40_
                0x000000001000557c        0x8 zephyr/kernel/libkernel.a(system_work_q.c.obj)
 .z_init_POST_KERNEL50_
                0x0000000010005584       0x10 zephyr/drivers/i2c/libdrivers__i2c.a(i2c_dw.c.obj)
 .z_init_POST_KERNEL50_
                0x0000000010005594        0x8 zephyr/drivers/pwm/libdrivers__pwm.a(pwm_rpi_pico.c.obj)
 .z_init_POST_KERNEL60_
                0x000000001000559c        0x8 zephyr/drivers/console/libdrivers__console.a(uart_console.c.obj)
 .z_init_POST_KERNEL90_
                0x00000000100055a4        0x8 zephyr/drivers/led/libdrivers__led.a(led_pwm.c.obj)
                0x00000000100055ac                __init_APPLICATION_start = .
 *(SORT_BY_NAME(SORT_BY_ALIGNMENT(.z_init_APPLICATION[0-9]_*)))
 *(SORT_BY_NAME(SORT_BY_ALIGNMENT(.z_init_APPLICATION[1-9][0-9]_*)))
                0x00000000100055ac                __init_SMP_start = .
 *(SORT_BY_NAME(SORT_BY_ALIGNMENT(.z_init_SMP[0-9]_*)))
 *(SORT_BY_NAME(SORT_BY_ALIGNMENT(.z_init_SMP[1-9][0-9]_*)))
                0x00000000100055ac                __init_end = .

devices         0x00000000100055ac       0xc0
                0x00000000100055ac                __device_start = .
                0x00000000100055ac                __device_PRE_KERNEL_1_start = .
 *(SORT_BY_NAME(SORT_BY_ALIGNMENT(.z_device_PRE_KERNEL_1[0-9]_*)))
 *(SORT_BY_NAME(SORT_BY_ALIGNMENT(.z_device_PRE_KERNEL_1[1-9][0-9]_*)))
 .z_device_PRE_KERNEL_140_
                0x00000000100055ac       0x18 zephyr/drivers/reset/libdrivers__reset.a(reset_rpi_pico.c.obj)
                0x00000000100055ac                __device_dts_ord_23
 .z_device_PRE_KERNEL_155_
                0x00000000100055c4       0x30 zephyr/drivers/serial/libdrivers__serial.a(uart_rpi_pico.c.obj)
                0x00000000100055c4                __device_dts_ord_39
                0x00000000100055dc                __device_dts_ord_37
                0x00000000100055f4                __device_PRE_KERNEL_2_start = .
 *(SORT_BY_NAME(SORT_BY_ALIGNMENT(.z_device_PRE_KERNEL_2[0-9]_*)))
 *(SORT_BY_NAME(SORT_BY_ALIGNMENT(.z_device_PRE_KERNEL_2[1-9][0-9]_*)))
                0x00000000100055f4                __device_POST_KERNEL_start = .
 *(SORT_BY_NAME(SORT_BY_ALIGNMENT(.z_device_POST_KERNEL[0-9]_*)))
 *(SORT_BY_NAME(SORT_BY_ALIGNMENT(.z_device_POST_KERNEL[1-9][0-9]_*)))
 .z_device_POST_KERNEL40_
                0x00000000100055f4       0x18 zephyr/drivers/gpio/libdrivers__gpio.a(gpio_rpi_pico.c.obj)
                0x00000000100055f4                __device_dts_ord_9
 .z_device_POST_KERNEL50_
                0x000000001000560c       0x30 zephyr/drivers/i2c/libdrivers__i2c.a(i2c_dw.c.obj)
                0x000000001000560c                __device_dts_ord_32
                0x0000000010005624                __device_dts_ord_30
 .z_device_POST_KERNEL50_
                0x000000001000563c       0x18 zephyr/drivers/pwm/libdrivers__pwm.a(pwm_rpi_pico.c.obj)
                0x000000001000563c                __device_dts_ord_27
 .z_device_POST_KERNEL90_
                0x0000000010005654       0x18 zephyr/drivers/led/libdrivers__led.a(led_pwm.c.obj)
                0x0000000010005654                __device_dts_ord_22
                0x000000001000566c                __device_APPLICATION_start = .
 *(SORT_BY_NAME(SORT_BY_ALIGNMENT(.z_device_APPLICATION[0-9]_*)))
 *(SORT_BY_NAME(SORT_BY_ALIGNMENT(.z_device_APPLICATION[1-9][0-9]_*)))
                0x000000001000566c                __device_SMP_start = .
 *(SORT_BY_NAME(SORT_BY_ALIGNMENT(.z_device_SMP[0-9]_*)))
 *(SORT_BY_NAME(SORT_BY_ALIGNMENT(.z_device_SMP[1-9][0-9]_*)))
                0x000000001000566c                __device_end = .

sw_isr_table    0x000000001000566c       0xd0
                0x000000001000566c                . = ALIGN (0x4)
 *(SORT_BY_ALIGNMENT(.gnu.linkonce.sw_isr_table*))
 .gnu.linkonce.sw_isr_table
                0x000000001000566c       0xd0 zephyr/arch/common/libisr_tables.a(isr_tables.c.obj)
                0x000000001000566c                _sw_isr_table

initlevel_error
                0x0000000010005544        0x0
 *(SORT_BY_NAME(SORT_BY_ALIGNMENT(.z_init_[_A-Z0-9]*)))
                0x0000000000000001                ASSERT ((SIZEOF (initlevel_error) == 0x0), Undefined initialization levels used.)

app_shmem_regions
                0x000000001000573c        0x0
                0x000000001000573c                __app_shmem_regions_start = .
 *(SORT_BY_NAME(SORT_BY_ALIGNMENT(.app_regions.*)))
                0x000000001000573c                __app_shmem_regions_end = .

k_p4wq_initparam_area
                0x000000001000573c        0x0
                0x000000001000573c                _k_p4wq_initparam_list_start = .
 *(SORT_BY_NAME(SORT_BY_ALIGNMENT(._k_p4wq_initparam.static.*)))
                0x000000001000573c                _k_p4wq_initparam_list_end = .

device_handles  0x000000001000573c       0x86
                0x000000001000573c                __device_handles_start = .
 *(SORT_BY_NAME(SORT_BY_ALIGNMENT(.__device_handles_pass1*)))
 .__device_handles_pass1
                0x000000001000573c       0x1e zephyr/drivers/gpio/libdrivers__gpio.a(gpio_rpi_pico.c.obj)
                0x000000001000573c                __devicehdl_DT_N_S_soc_S_gpio_40014000
 .__device_handles_pass1
                0x000000001000575a       0x1c zephyr/drivers/i2c/libdrivers__i2c.a(i2c_dw.c.obj)
                0x000000001000575a                __devicehdl_DT_N_S_soc_S_i2c_40048000
                0x0000000010005768                __devicehdl_DT_N_S_soc_S_i2c_40044000
 .__device_handles_pass1
                0x0000000010005776        0xa zephyr/drivers/led/libdrivers__led.a(led_pwm.c.obj)
                0x0000000010005776                __devicehdl_DT_N_S_pwm_leds
 .__device_handles_pass1
                0x0000000010005780       0x12 zephyr/drivers/pwm/libdrivers__pwm.a(pwm_rpi_pico.c.obj)
                0x0000000010005780                __devicehdl_DT_N_S_soc_S_pwm_40050000
 .__device_handles_pass1
                0x0000000010005792       0x20 zephyr/drivers/serial/libdrivers__serial.a(uart_rpi_pico.c.obj)
                0x0000000010005792                __devicehdl_DT_N_S_soc_S_uart_40038000
                0x00000000100057a2                __devicehdl_DT_N_S_soc_S_uart_40034000
 .__device_handles_pass1
                0x00000000100057b2       0x10 zephyr/drivers/reset/libdrivers__reset.a(reset_rpi_pico.c.obj)
                0x00000000100057b2                __devicehdl_DT_N_S_soc_S_reset_controller_4000c000
                0x00000000100057c2                __device_handles_end = .

ztest           0x00000000100057c2        0x0
                0x00000000100057c2                _ztest_suite_node_list_start = .
 *(SORT_BY_NAME(SORT_BY_ALIGNMENT(._ztest_suite_node.static.*)))
                0x00000000100057c2                _ztest_suite_node_list_end = .
                0x00000000100057c2                _ztest_unit_test_list_start = .
 *(SORT_BY_NAME(SORT_BY_ALIGNMENT(._ztest_unit_test.static.*)))
                0x00000000100057c2                _ztest_unit_test_list_end = .
                0x00000000100057c2                _ztest_test_rule_list_start = .
 *(SORT_BY_NAME(SORT_BY_ALIGNMENT(._ztest_test_rule.static.*)))
                0x00000000100057c2                _ztest_test_rule_list_end = .

bt_l2cap_fixed_chan_area
                0x00000000100057c2        0x0
                0x00000000100057c2                _bt_l2cap_fixed_chan_list_start = .
 *(SORT_BY_NAME(SORT_BY_ALIGNMENT(._bt_l2cap_fixed_chan.static.*)))
                0x00000000100057c2                _bt_l2cap_fixed_chan_list_end = .

bt_gatt_service_static_area
                0x00000000100057c2        0x0
                0x00000000100057c2                _bt_gatt_service_static_list_start = .
 *(SORT_BY_NAME(SORT_BY_ALIGNMENT(._bt_gatt_service_static.static.*)))
                0x00000000100057c2                _bt_gatt_service_static_list_end = .

log_strings_sections
                0x00000000100057c2        0x0
                0x00000000100057c2                __log_strings_start = .
 *(SORT_BY_NAME(SORT_BY_ALIGNMENT(.log_strings*)))
                0x00000000100057c2                __log_strings_end = .

log_const_sections
                0x00000000100057c2        0x0
                0x00000000100057c2                __log_const_start = .
 *(SORT_BY_NAME(SORT_BY_ALIGNMENT(.log_const_*)))
                0x00000000100057c2                __log_const_end = .

log_backends_sections
                0x00000000100057c2        0x0
                0x00000000100057c2                __log_backends_start = .
 *(SORT_BY_ALIGNMENT(._log_backend.*))
                0x00000000100057c2                __log_backends_end = .

tracing_backend_area
                0x00000000100057c2        0x0
                0x00000000100057c2                _tracing_backend_list_start = .
 *(SORT_BY_NAME(SORT_BY_ALIGNMENT(._tracing_backend.static.*)))
                0x00000000100057c2                _tracing_backend_list_end = .

zephyr_dbg_info
 *(SORT_BY_ALIGNMENT(.dbg_thread_info))

symbol_to_keep  0x00000000100057c2        0x0
                0x00000000100057c2                __symbol_to_keep_start = .
 *(SORT_BY_NAME(SORT_BY_ALIGNMENT(.symbol_to_keep*)))
                0x00000000100057c2                __symbol_to_keep_end = .

shell_area      0x00000000100057c2        0x0
                0x00000000100057c2                _shell_list_start = .
 *(SORT_BY_NAME(SORT_BY_ALIGNMENT(._shell.static.*)))
                0x00000000100057c2                _shell_list_end = .

shell_root_cmds_sections
                0x00000000100057c2        0x0
                0x00000000100057c2                __shell_root_cmds_start = .
 *(SORT_BY_NAME(SORT_BY_ALIGNMENT(.shell_root_cmd_*)))
                0x00000000100057c2                __shell_root_cmds_end = .

shell_subcmds_sections
                0x00000000100057c2        0x0
                0x00000000100057c2                __shell_subcmds_start = .
 *(SORT_BY_NAME(SORT_BY_ALIGNMENT(.shell_subcmd_*)))
                0x00000000100057c2                __shell_subcmds_end = .

shell_dynamic_subcmds_sections
                0x00000000100057c2        0x0
                0x00000000100057c2                __shell_dynamic_subcmds_start = .
 *(SORT_BY_NAME(SORT_BY_ALIGNMENT(.shell_dynamic_subcmd_*)))
                0x00000000100057c2                __shell_dynamic_subcmds_end = .

font_entry_sections
                0x00000000100057c2        0x0
                0x00000000100057c2                __font_entry_start = .
 *(SORT_BY_NAME(SORT_BY_ALIGNMENT(._cfb_font.*)))
                0x00000000100057c2                __font_entry_end = .

rodata          0x00000000100057c4      0x290
 *(SORT_BY_ALIGNMENT(.rodata))
 *(SORT_BY_ALIGNMENT(.rodata.*))
 .rodata.scxMotors
                0x00000000100057c4       0x40 app/libapp.a(motor.c.obj)
 .rodata.gpio_rpi_0_config
                0x0000000010005804        0x8 zephyr/drivers/gpio/libdrivers__gpio.a(gpio_rpi_pico.c.obj)
 .rodata.gpio_rpi_driver_api
                0x000000001000580c       0x24 zephyr/drivers/gpio/libdrivers__gpio.a(gpio_rpi_pico.c.obj)
 .rodata.__pinctrl_dev_config__device_dts_ord_30
                0x0000000010005830        0x8 zephyr/drivers/i2c/libdrivers__i2c.a(i2c_dw.c.obj)
 .rodata.__pinctrl_dev_config__device_dts_ord_32
                0x0000000010005838        0x8 zephyr/drivers/i2c/libdrivers__i2c.a(i2c_dw.c.obj)
 .rodata.__pinctrl_state_pins_0__device_dts_ord_30
                0x0000000010005840        0x8 zephyr/drivers/i2c/libdrivers__i2c.a(i2c_dw.c.obj)
 .rodata.__pinctrl_state_pins_0__device_dts_ord_32
                0x0000000010005848        0x8 zephyr/drivers/i2c/libdrivers__i2c.a(i2c_dw.c.obj)
 .rodata.__pinctrl_states__device_dts_ord_30
                0x0000000010005850        0x8 zephyr/drivers/i2c/libdrivers__i2c.a(i2c_dw.c.obj)
 .rodata.__pinctrl_states__device_dts_ord_32
                0x0000000010005858        0x8 zephyr/drivers/i2c/libdrivers__i2c.a(i2c_dw.c.obj)
 .rodata.funcs  0x0000000010005860       0x18 zephyr/drivers/i2c/libdrivers__i2c.a(i2c_dw.c.obj)
 .rodata.i2c_config_dw_0
                0x0000000010005878       0x10 zephyr/drivers/i2c/libdrivers__i2c.a(i2c_dw.c.obj)
 .rodata.i2c_config_dw_1
                0x0000000010005888       0x10 zephyr/drivers/i2c/libdrivers__i2c.a(i2c_dw.c.obj)
 .rodata.led_pwm_0
                0x0000000010005898       0x10 zephyr/drivers/led/libdrivers__led.a(led_pwm.c.obj)
 .rodata.led_pwm_api
                0x00000000100058a8       0x1c zephyr/drivers/led/libdrivers__led.a(led_pwm.c.obj)
 .rodata.led_pwm_config_0
                0x00000000100058c4        0x8 zephyr/drivers/led/libdrivers__led.a(led_pwm.c.obj)
 .rodata.__pinctrl_dev_config__device_dts_ord_27
                0x00000000100058cc        0x8 zephyr/drivers/pwm/libdrivers__pwm.a(pwm_rpi_pico.c.obj)
 .rodata.__pinctrl_state_pins_0__device_dts_ord_27
                0x00000000100058d4        0x4 zephyr/drivers/pwm/libdrivers__pwm.a(pwm_rpi_pico.c.obj)
 .rodata.__pinctrl_states__device_dts_ord_27
                0x00000000100058d8        0x8 zephyr/drivers/pwm/libdrivers__pwm.a(pwm_rpi_pico.c.obj)
 .rodata.pwm_rpi_config_0
                0x00000000100058e0       0x28 zephyr/drivers/pwm/libdrivers__pwm.a(pwm_rpi_pico.c.obj)
 .rodata.__pinctrl_dev_config__device_dts_ord_37
                0x0000000010005908        0x8 zephyr/drivers/serial/libdrivers__serial.a(uart_rpi_pico.c.obj)
 .rodata.__pinctrl_dev_config__device_dts_ord_39
                0x0000000010005910        0x8 zephyr/drivers/serial/libdrivers__serial.a(uart_rpi_pico.c.obj)
 .rodata.__pinctrl_state_pins_0__device_dts_ord_37
                0x0000000010005918        0x8 zephyr/drivers/serial/libdrivers__serial.a(uart_rpi_pico.c.obj)
 .rodata.__pinctrl_state_pins_0__device_dts_ord_39
                0x0000000010005920        0x8 zephyr/drivers/serial/libdrivers__serial.a(uart_rpi_pico.c.obj)
 .rodata.__pinctrl_states__device_dts_ord_37
                0x0000000010005928        0x8 zephyr/drivers/serial/libdrivers__serial.a(uart_rpi_pico.c.obj)
 .rodata.__pinctrl_states__device_dts_ord_39
                0x0000000010005930        0x8 zephyr/drivers/serial/libdrivers__serial.a(uart_rpi_pico.c.obj)
 .rodata.uart0_rpi_config
                0x0000000010005938       0x18 zephyr/drivers/serial/libdrivers__serial.a(uart_rpi_pico.c.obj)
 .rodata.uart1_rpi_config
                0x0000000010005950       0x18 zephyr/drivers/serial/libdrivers__serial.a(uart_rpi_pico.c.obj)
 .rodata.uart_rpi_driver_api
                0x0000000010005968       0x4c zephyr/drivers/serial/libdrivers__serial.a(uart_rpi_pico.c.obj)
 .rodata.reset_rpi_config_0
                0x00000000100059b4        0xc zephyr/drivers/reset/libdrivers__reset.a(reset_rpi_pico.c.obj)
 .rodata.reset_rpi_driver_api
                0x00000000100059c0       0x10 zephyr/drivers/reset/libdrivers__reset.a(reset_rpi_pico.c.obj)
 .rodata.levels.0
                0x00000000100059d0       0x14 zephyr/kernel/libkernel.a(device.c.obj)
 .rodata._k_neg_eagain
                0x00000000100059e4        0x4 zephyr/kernel/libkernel.a(errno.c.obj)
                0x00000000100059e4                _k_neg_eagain
 .rodata.main.str1.1
                0x00000000100059e8       0x22 app/libapp.a(main.c.obj)
 .rodata.comm_uSendStringLn.str1.1
                0x0000000010005a0a        0x3 app/libapp.a(comm.c.obj)
 .rodata.str1.1
                0x0000000010005a0d        0x7 zephyr/drivers/gpio/libdrivers__gpio.a(gpio_rpi_pico.c.obj)
 .rodata.str1.1
                0x0000000010005a14        0xc zephyr/drivers/i2c/libdrivers__i2c.a(i2c_dw.c.obj)
 .rodata.str1.1
                0x0000000010005a20        0x9 zephyr/drivers/led/libdrivers__led.a(led_pwm.c.obj)
 .rodata.str1.1
                0x0000000010005a29        0x6 zephyr/drivers/pwm/libdrivers__pwm.a(pwm_rpi_pico.c.obj)
 .rodata.str1.1
                0x0000000010005a2f        0xe zephyr/drivers/serial/libdrivers__serial.a(uart_rpi_pico.c.obj)
 .rodata.str1.1
                0x0000000010005a3d        0x6 zephyr/drivers/reset/libdrivers__reset.a(reset_rpi_pico.c.obj)
 .rodata.z_cstart.str1.1
                0x0000000010005a43        0x5 zephyr/kernel/libkernel.a(init.c.obj)
 .rodata.k_sys_work_q_init.str1.1
                0x0000000010005a48        0x9 zephyr/kernel/libkernel.a(system_work_q.c.obj)
 *(SORT_BY_ALIGNMENT(.gnu.linkonce.r.*))
                0x0000000010005a54                . = ALIGN (0x4)
 *fill*         0x0000000010005a51        0x3 
                0x0000000010005a54                __rodata_region_end = .
                0x0000000010005a54                . = ALIGN (_region_min_align)
                0x0000000010005a54                __rom_region_end = .
                0x0000000020000000                . = 0x20000000
                0x0000000020000000                . = ALIGN (_region_min_align)
                0x0000000020000000                _image_ram_start = .

.ramfunc        0x0000000020000000        0x0 load address 0x0000000010005a54
                0x0000000020000000                . = ALIGN (_region_min_align)
                0x0000000020000000                __ramfunc_start = .
 *(SORT_BY_ALIGNMENT(.ramfunc))
 *(SORT_BY_ALIGNMENT(.ramfunc.*))
                0x0000000020000000                . = ALIGN (_region_min_align)
                0x0000000020000000                __ramfunc_end = .
                0x0000000000000000                __ramfunc_size = (__ramfunc_end - __ramfunc_start)
                0x0000000010005a54                __ramfunc_load_start = LOADADDR (.ramfunc)

datas           0x0000000020000000      0x1ec load address 0x0000000010005a54
                0x0000000020000000                __data_region_start = .
                0x0000000020000000                __data_start = .
 *(SORT_BY_ALIGNMENT(.data))
 *(SORT_BY_ALIGNMENT(.data.*))
 .data.ping_work
                0x0000000020000000       0x10 app/libapp.a(led.c.obj)
                0x0000000020000000                ping_work
 .data.uart_d   0x0000000020000010      0x1b0 app/libapp.a(comm.c.obj)
 .data._stdout_hook
                0x00000000200001c0        0x4 zephyr/lib/libc/minimal/liblib__libc__minimal.a(stdout_console.c.obj)
 .data.pwm_rpi_driver_api
                0x00000000200001c4        0x8 zephyr/drivers/pwm/libdrivers__pwm.a(pwm_rpi_pico.c.obj)
                0x00000000200001c4                pwm_rpi_driver_api
 .data.uart0_rpi_data
                0x00000000200001cc        0xc zephyr/drivers/serial/libdrivers__serial.a(uart_rpi_pico.c.obj)
 .data.uart1_rpi_data
                0x00000000200001d8        0xc zephyr/drivers/serial/libdrivers__serial.a(uart_rpi_pico.c.obj)
 .data.timeout_list
                0x00000000200001e4        0x8 zephyr/kernel/libkernel.a(timeout.c.obj)
 *(SORT_BY_ALIGNMENT(.kernel.*))
                0x00000000200001ec                __data_end = .
                0x00000000000001ec                __data_size = (__data_end - __data_start)
                0x0000000010005a54                __data_load_start = LOADADDR (datas)
                0x0000000010005a54                __data_region_load_start = LOADADDR (datas)

device_states   0x00000000200001ec       0x20 load address 0x0000000010005c40
                0x00000000200001ec                __device_states_start = .
 *(SORT_BY_ALIGNMENT(.z_devstate))
 .z_devstate    0x00000000200001ec        0x4 zephyr/drivers/gpio/libdrivers__gpio.a(gpio_rpi_pico.c.obj)
 .z_devstate    0x00000000200001f0        0x8 zephyr/drivers/i2c/libdrivers__i2c.a(i2c_dw.c.obj)
 .z_devstate    0x00000000200001f8        0x4 zephyr/drivers/led/libdrivers__led.a(led_pwm.c.obj)
 .z_devstate    0x00000000200001fc        0x4 zephyr/drivers/pwm/libdrivers__pwm.a(pwm_rpi_pico.c.obj)
 .z_devstate    0x0000000020000200        0x8 zephyr/drivers/serial/libdrivers__serial.a(uart_rpi_pico.c.obj)
 .z_devstate    0x0000000020000208        0x4 zephyr/drivers/reset/libdrivers__reset.a(reset_rpi_pico.c.obj)
 *(SORT_BY_ALIGNMENT(.z_devstate.*))
                0x000000002000020c                __device_states_end = .

initshell       0x000000002000020c        0x0 load address 0x0000000010005c60
                0x000000002000020c                __shell_module_start = .
 *(SORT_BY_ALIGNMENT(.shell_module_*))
                0x000000002000020c                __shell_module_end = .
                0x000000002000020c                __shell_cmd_start = .
 *(SORT_BY_ALIGNMENT(.shell_cmd_*))
                0x000000002000020c                __shell_cmd_end = .

log_dynamic_sections
                0x000000002000020c        0x0 load address 0x0000000010005c60
                0x000000002000020c                __log_dynamic_start = .
 *(SORT_BY_NAME(SORT_BY_ALIGNMENT(.log_dynamic_*)))
                0x000000002000020c                __log_dynamic_end = .

_static_thread_data_area
                0x000000002000020c        0x0 load address 0x0000000010005c60
                0x000000002000020c                __static_thread_data_list_start = .
 *(SORT_BY_NAME(SORT_BY_ALIGNMENT(.__static_thread_data.static.*)))
                0x000000002000020c                __static_thread_data_list_end = .

k_timer_area    0x000000002000020c        0x0 load address 0x0000000010005c60
                0x000000002000020c                _k_timer_list_start = .
 *(SORT_BY_NAME(SORT_BY_ALIGNMENT(._k_timer.static.*)))
                0x000000002000020c                _k_timer_list_end = .

k_mem_slab_area
                0x000000002000020c        0x0 load address 0x0000000010005c60
                0x000000002000020c                _k_mem_slab_list_start = .
 *(SORT_BY_NAME(SORT_BY_ALIGNMENT(._k_mem_slab.static.*)))
                0x000000002000020c                _k_mem_slab_list_end = .

k_mem_pool_area
                0x000000002000020c        0x0 load address 0x0000000010005c60
                0x000000002000020c                _k_mem_pool_list_start = .
 *(SORT_BY_NAME(SORT_BY_ALIGNMENT(._k_mem_pool.static.*)))
                0x000000002000020c                _k_mem_pool_list_end = .

k_heap_area     0x000000002000020c        0x0 load address 0x0000000010005c60
                0x000000002000020c                _k_heap_list_start = .
 *(SORT_BY_NAME(SORT_BY_ALIGNMENT(._k_heap.static.*)))
                0x000000002000020c                _k_heap_list_end = .

k_mutex_area    0x000000002000020c        0x0 load address 0x0000000010005c60
                0x000000002000020c                _k_mutex_list_start = .
 *(SORT_BY_NAME(SORT_BY_ALIGNMENT(._k_mutex.static.*)))
                0x000000002000020c                _k_mutex_list_end = .

k_stack_area    0x000000002000020c        0x0 load address 0x0000000010005c60
                0x000000002000020c                _k_stack_list_start = .
 *(SORT_BY_NAME(SORT_BY_ALIGNMENT(._k_stack.static.*)))
                0x000000002000020c                _k_stack_list_end = .

k_msgq_area     0x000000002000020c       0x50 load address 0x0000000010005c60
                0x000000002000020c                _k_msgq_list_start = .
 *(SORT_BY_NAME(SORT_BY_ALIGNMENT(._k_msgq.static.*)))
 ._k_msgq.static.uart0_msgq
                0x000000002000020c       0x28 app/libapp.a(comm.c.obj)
                0x000000002000020c                uart0_msgq
 ._k_msgq.static.uart1_msgq
                0x0000000020000234       0x28 app/libapp.a(comm.c.obj)
                0x0000000020000234                uart1_msgq
                0x000000002000025c                _k_msgq_list_end = .

k_mbox_area     0x000000002000025c        0x0 load address 0x0000000010005cb0
                0x000000002000025c                _k_mbox_list_start = .
 *(SORT_BY_NAME(SORT_BY_ALIGNMENT(._k_mbox.static.*)))
                0x000000002000025c                _k_mbox_list_end = .

k_pipe_area     0x000000002000025c        0x0 load address 0x0000000010005cb0
                0x000000002000025c                _k_pipe_list_start = .
 *(SORT_BY_NAME(SORT_BY_ALIGNMENT(._k_pipe.static.*)))
                0x000000002000025c                _k_pipe_list_end = .

k_sem_area      0x000000002000025c        0x0 load address 0x0000000010005cb0
                0x000000002000025c                _k_sem_list_start = .
 *(SORT_BY_NAME(SORT_BY_ALIGNMENT(._k_sem.static.*)))
                0x000000002000025c                _k_sem_list_end = .

k_event_area    0x000000002000025c        0x0 load address 0x0000000010005cb0
                0x000000002000025c                _k_event_list_start = .
 *(SORT_BY_NAME(SORT_BY_ALIGNMENT(._k_event.static.*)))
                0x000000002000025c                _k_event_list_end = .

k_queue_area    0x000000002000025c        0x0 load address 0x0000000010005cb0
                0x000000002000025c                _k_queue_list_start = .
 *(SORT_BY_NAME(SORT_BY_ALIGNMENT(._k_queue.static.*)))
                0x000000002000025c                _k_queue_list_end = .

k_condvar_area  0x000000002000025c        0x0 load address 0x0000000010005cb0
                0x000000002000025c                _k_condvar_list_start = .
 *(SORT_BY_NAME(SORT_BY_ALIGNMENT(._k_condvar.static.*)))
                0x000000002000025c                _k_condvar_list_end = .

_net_buf_pool_area
                0x000000002000025c        0x0 load address 0x0000000010005cb0
                0x000000002000025c                _net_buf_pool_list = .
 *(SORT_BY_NAME(SORT_BY_ALIGNMENT(._net_buf_pool.static.*)))
                0x000000002000025c                __data_region_end = .

bss             0x0000000020000260      0x28d
                0x0000000020000260                . = ALIGN (0x4)
                0x0000000020000260                __bss_start = .
                0x0000000020000260                __kernel_ram_start = .
 *(SORT_BY_ALIGNMENT(.bss))
 *(SORT_BY_ALIGNMENT(.bss.*))
 .bss.z_idle_threads
                0x0000000020000260       0x80 zephyr/kernel/libkernel.a(init.c.obj)
                0x0000000020000260                z_idle_threads
 .bss.z_main_thread
                0x00000000200002e0       0x80 zephyr/kernel/libkernel.a(init.c.obj)
                0x00000000200002e0                z_main_thread
 .bss.curr_tick
                0x0000000020000360        0x8 zephyr/kernel/libkernel.a(timeout.c.obj)
 .bss.k_sys_work_q
                0x0000000020000368       0xa0 zephyr/kernel/libkernel.a(system_work_q.c.obj)
                0x0000000020000368                k_sys_work_q
 .bss.uart_console_dev
                0x0000000020000408        0x4 zephyr/drivers/console/libdrivers__console.a(uart_console.c.obj)
 .bss.gpio_rpi_0_data
                0x000000002000040c       0x10 zephyr/drivers/gpio/libdrivers__gpio.a(gpio_rpi_pico.c.obj)
 .bss.i2c_0_runtime
                0x000000002000041c       0x2c zephyr/drivers/i2c/libdrivers__i2c.a(i2c_dw.c.obj)
 .bss.i2c_1_runtime
                0x0000000020000448       0x2c zephyr/drivers/i2c/libdrivers__i2c.a(i2c_dw.c.obj)
 .bss.announced_cycles
                0x0000000020000474        0x4 zephyr/drivers/timer/libdrivers__timer.a(cortex_m_systick.c.obj)
 .bss.cycle_count
                0x0000000020000478        0x4 zephyr/drivers/timer/libdrivers__timer.a(cortex_m_systick.c.obj)
 .bss.last_load
                0x000000002000047c        0x4 zephyr/drivers/timer/libdrivers__timer.a(cortex_m_systick.c.obj)
 .bss.overflow_cyc
                0x0000000020000480        0x4 zephyr/drivers/timer/libdrivers__timer.a(cortex_m_systick.c.obj)
 .bss.configured_freq
                0x0000000020000484       0x28 modules/hal_rpi_pico/libmodules__hal_rpi_pico.a(clocks.c.obj)
 .bss._kernel   0x00000000200004ac       0x24 zephyr/kernel/libkernel.a(init.c.obj)
                0x00000000200004ac                _kernel
 .bss.pending_cancels
                0x00000000200004d0        0x8 zephyr/kernel/libkernel.a(work.c.obj)
 .bss.pending_current
                0x00000000200004d8        0x4 zephyr/kernel/libkernel.a(sched.c.obj)
 .bss.slice_max_prio
                0x00000000200004dc        0x4 zephyr/kernel/libkernel.a(sched.c.obj)
 .bss.slice_ticks
                0x00000000200004e0        0x4 zephyr/kernel/libkernel.a(sched.c.obj)
 .bss.announce_remaining
                0x00000000200004e4        0x4 zephyr/kernel/libkernel.a(timeout.c.obj)
 .bss.uart_char_to_line_feed
                0x00000000200004e8        0x4 modules/hal_rpi_pico/libmodules__hal_rpi_pico.a(uart.c.obj)
                0x00000000200004e8                uart_char_to_line_feed
 .bss.z_sys_post_kernel
                0x00000000200004ec        0x1 zephyr/kernel/libkernel.a(init.c.obj)
                0x00000000200004ec                z_sys_post_kernel
 .bss.lock      0x00000000200004ed        0x0 zephyr/kernel/libkernel.a(sem.c.obj)
 .bss.lock      0x00000000200004ed        0x0 zephyr/kernel/libkernel.a(work.c.obj)
 .bss.sched_spinlock
                0x00000000200004ed        0x0 zephyr/kernel/libkernel.a(sched.c.obj)
                0x00000000200004ed                sched_spinlock
 *(SORT_BY_ALIGNMENT(COMMON))
 *(SORT_BY_ALIGNMENT(.kernel_bss.*))
                0x00000000200004f0                __bss_end = ALIGN (0x4)

noinit          0x00000000200004f0     0x20f0
 *(SORT_BY_ALIGNMENT(.noinit))
 *(SORT_BY_ALIGNMENT(.noinit.*))
 .noinit."WEST_TOPDIR/zephyr/kernel/init.c".0
                0x00000000200004f0      0x400 zephyr/kernel/libkernel.a(init.c.obj)
                0x00000000200004f0                z_main_stack
 .noinit."WEST_TOPDIR/zephyr/kernel/init.c".1
                0x00000000200008f0      0x100 zephyr/kernel/libkernel.a(init.c.obj)
 .noinit."WEST_TOPDIR/zephyr/kernel/init.c".2
                0x00000000200009f0      0x800 zephyr/kernel/libkernel.a(init.c.obj)
                0x00000000200009f0                z_interrupt_stacks
 .noinit."WEST_TOPDIR/zephyr/kernel/system_work_q.c".0
                0x00000000200011f0      0x400 zephyr/kernel/libkernel.a(system_work_q.c.obj)
 .noinit."CMAKE_SOURCE_DIR/lib/comm/comm.c".0
                0x00000000200015f0      0x7f8 app/libapp.a(comm.c.obj)
 .noinit."CMAKE_SOURCE_DIR/lib/comm/comm.c".1
                0x0000000020001de8      0x7f8 app/libapp.a(comm.c.obj)
 *(SORT_BY_ALIGNMENT(.kernel_noinit.*))
                0x00000000200025e0                _image_ram_end = .
                0x00000000200025e0                _end = .
                0x0000000020042000                __kernel_ram_end = 0x20042000
                0x0000000000041da0                __kernel_ram_size = (__kernel_ram_end - __kernel_ram_start)

.intList        0x00000000fffff800       0x58
 *(SORT_BY_ALIGNMENT(.irq_info*))
 .irq_info      0x00000000fffff800        0x8 zephyr/arch/common/libisr_tables.a(isr_tables.c.obj)
                0x00000000fffff800                _iheader
 *(SORT_BY_ALIGNMENT(.intList*))
 .intList       0x00000000fffff808       0x10 zephyr/drivers/gpio/libdrivers__gpio.a(gpio_rpi_pico.c.obj)
 .intList       0x00000000fffff818       0x20 zephyr/drivers/i2c/libdrivers__i2c.a(i2c_dw.c.obj)
 .intList       0x00000000fffff838       0x20 zephyr/drivers/serial/libdrivers__serial.a(uart_rpi_pico.c.obj)

.stab
 *(SORT_BY_ALIGNMENT(.stab))

.stabstr
 *(SORT_BY_ALIGNMENT(.stabstr))

.stab.excl
 *(SORT_BY_ALIGNMENT(.stab.excl))

.stab.exclstr
 *(SORT_BY_ALIGNMENT(.stab.exclstr))

.stab.index
 *(SORT_BY_ALIGNMENT(.stab.index))

.stab.indexstr
 *(SORT_BY_ALIGNMENT(.stab.indexstr))

.gnu.build.attributes
 *(SORT_BY_ALIGNMENT(.gnu.build.attributes) SORT_BY_ALIGNMENT(.gnu.build.attributes.*))

.comment        0x0000000000000000       0x20
 *(SORT_BY_ALIGNMENT(.comment))
 .comment       0x0000000000000000       0x20 zephyr/CMakeFiles/offsets.dir/./arch/arm/core/offsets/offsets.c.obj
                                         0x21 (size before relaxing)
 .comment       0x0000000000000020       0x21 app/libapp.a(main.c.obj)
 .comment       0x0000000000000020       0x21 app/libapp.a(motor.c.obj)
 .comment       0x0000000000000020       0x21 app/libapp.a(led.c.obj)
 .comment       0x0000000000000020       0x21 app/libapp.a(comm.c.obj)
 .comment       0x0000000000000020       0x21 app/libapp.a(gprs.c.obj)
 .comment       0x0000000000000020       0x21 app/libapp.a(textProtocol.c.obj)
 .comment       0x0000000000000020       0x21 zephyr/libzephyr.a(thread_entry.c.obj)
 .comment       0x0000000000000020       0x21 zephyr/libzephyr.a(heap.c.obj)
 .comment       0x0000000000000020       0x21 zephyr/libzephyr.a(configs.c.obj)
 .comment       0x0000000000000020       0x21 zephyr/arch/arch/arm/core/aarch32/libarch__arm__core__aarch32.a(fatal.c.obj)
 .comment       0x0000000000000020       0x21 zephyr/arch/arch/arm/core/aarch32/libarch__arm__core__aarch32.a(irq_manage.c.obj)
 .comment       0x0000000000000020       0x21 zephyr/arch/arch/arm/core/aarch32/libarch__arm__core__aarch32.a(nmi.c.obj)
 .comment       0x0000000000000020       0x21 zephyr/arch/arch/arm/core/aarch32/libarch__arm__core__aarch32.a(prep_c.c.obj)
 .comment       0x0000000000000020       0x21 zephyr/arch/arch/arm/core/aarch32/libarch__arm__core__aarch32.a(swap.c.obj)
 .comment       0x0000000000000020       0x21 zephyr/arch/arch/arm/core/aarch32/libarch__arm__core__aarch32.a(thread.c.obj)
 .comment       0x0000000000000020       0x21 zephyr/arch/arch/arm/core/aarch32/cortex_m/libarch__arm__core__aarch32__cortex_m.a(fault.c.obj)
 .comment       0x0000000000000020       0x21 zephyr/arch/arch/arm/core/aarch32/cortex_m/libarch__arm__core__aarch32__cortex_m.a(irq_init.c.obj)
 .comment       0x0000000000000020       0x21 zephyr/arch/arch/arm/core/aarch32/cortex_m/libarch__arm__core__aarch32__cortex_m.a(thread_abort.c.obj)
 .comment       0x0000000000000020       0x21 zephyr/lib/libc/minimal/liblib__libc__minimal.a(strstr.c.obj)
 .comment       0x0000000000000020       0x21 zephyr/lib/libc/minimal/liblib__libc__minimal.a(string.c.obj)
 .comment       0x0000000000000020       0x21 zephyr/lib/libc/minimal/liblib__libc__minimal.a(stdout_console.c.obj)
 .comment       0x0000000000000020       0x21 zephyr/soc/arm/rpi_pico/rp2/libsoc__arm__rpi_pico__rp2.a(soc.c.obj)
 .comment       0x0000000000000020       0x21 zephyr/drivers/console/libdrivers__console.a(uart_console.c.obj)
 .comment       0x0000000000000020       0x21 zephyr/drivers/gpio/libdrivers__gpio.a(gpio_rpi_pico.c.obj)
 .comment       0x0000000000000020       0x21 zephyr/drivers/i2c/libdrivers__i2c.a(i2c_dw.c.obj)
 .comment       0x0000000000000020       0x21 zephyr/drivers/led/libdrivers__led.a(led_pwm.c.obj)
 .comment       0x0000000000000020       0x21 zephyr/drivers/pwm/libdrivers__pwm.a(pwm_rpi_pico.c.obj)
 .comment       0x0000000000000020       0x21 zephyr/drivers/serial/libdrivers__serial.a(uart_rpi_pico.c.obj)
 .comment       0x0000000000000020       0x21 zephyr/drivers/timer/libdrivers__timer.a(cortex_m_systick.c.obj)
 .comment       0x0000000000000020       0x21 zephyr/drivers/pinctrl/libdrivers__pinctrl.a(common.c.obj)
 .comment       0x0000000000000020       0x21 zephyr/drivers/pinctrl/libdrivers__pinctrl.a(pinctrl_rpi_pico.c.obj)
 .comment       0x0000000000000020       0x21 zephyr/drivers/reset/libdrivers__reset.a(reset_rpi_pico.c.obj)
 .comment       0x0000000000000020       0x21 modules/hal_rpi_pico/libmodules__hal_rpi_pico.a(clocks.c.obj)
 .comment       0x0000000000000020       0x21 modules/hal_rpi_pico/libmodules__hal_rpi_pico.a(pll.c.obj)
 .comment       0x0000000000000020       0x21 modules/hal_rpi_pico/libmodules__hal_rpi_pico.a(xosc.c.obj)
 .comment       0x0000000000000020       0x21 modules/hal_rpi_pico/libmodules__hal_rpi_pico.a(watchdog.c.obj)
 .comment       0x0000000000000020       0x21 modules/hal_rpi_pico/libmodules__hal_rpi_pico.a(platform.c.obj)
 .comment       0x0000000000000020       0x21 modules/hal_rpi_pico/libmodules__hal_rpi_pico.a(gpio.c.obj)
 .comment       0x0000000000000020       0x21 modules/hal_rpi_pico/libmodules__hal_rpi_pico.a(uart.c.obj)
 .comment       0x0000000000000020       0x21 zephyr/kernel/libkernel.a(device.c.obj)
 .comment       0x0000000000000020       0x21 zephyr/kernel/libkernel.a(errno.c.obj)
 .comment       0x0000000000000020       0x21 zephyr/kernel/libkernel.a(fatal.c.obj)
 .comment       0x0000000000000020       0x21 zephyr/kernel/libkernel.a(init.c.obj)
 .comment       0x0000000000000020       0x21 zephyr/kernel/libkernel.a(thread.c.obj)
 .comment       0x0000000000000020       0x21 zephyr/kernel/libkernel.a(idle.c.obj)
 .comment       0x0000000000000020       0x21 zephyr/kernel/libkernel.a(msg_q.c.obj)
 .comment       0x0000000000000020       0x21 zephyr/kernel/libkernel.a(sem.c.obj)
 .comment       0x0000000000000020       0x21 zephyr/kernel/libkernel.a(work.c.obj)
 .comment       0x0000000000000020       0x21 zephyr/kernel/libkernel.a(sched.c.obj)
 .comment       0x0000000000000020       0x21 zephyr/kernel/libkernel.a(xip.c.obj)
 .comment       0x0000000000000020       0x21 zephyr/kernel/libkernel.a(timeout.c.obj)
 .comment       0x0000000000000020       0x21 zephyr/kernel/libkernel.a(mempool.c.obj)
 .comment       0x0000000000000020       0x21 zephyr/kernel/libkernel.a(banner.c.obj)
 .comment       0x0000000000000020       0x21 zephyr/kernel/libkernel.a(kheap.c.obj)
 .comment       0x0000000000000020       0x21 zephyr/kernel/libkernel.a(system_work_q.c.obj)
 .comment       0x0000000000000020       0x21 zephyr/arch/common/libisr_tables.a(isr_tables.c.obj)

.debug
 *(SORT_BY_ALIGNMENT(.debug))

.line
 *(SORT_BY_ALIGNMENT(.line))

.debug_srcinfo
 *(SORT_BY_ALIGNMENT(.debug_srcinfo))

.debug_sfnames
 *(SORT_BY_ALIGNMENT(.debug_sfnames))

.debug_aranges  0x0000000000000000     0x1300
 *(SORT_BY_ALIGNMENT(.debug_aranges))
 .debug_aranges
                0x0000000000000000       0x30 zephyr/arch/arch/arm/core/aarch32/libarch__arm__core__aarch32.a(cpu_idle.S.obj)
 .debug_aranges
                0x0000000000000030       0x20 zephyr/arch/arch/arm/core/aarch32/libarch__arm__core__aarch32.a(nmi_on_reset.S.obj)
 .debug_aranges
                0x0000000000000050       0x28 zephyr/arch/arch/arm/core/aarch32/libarch__arm__core__aarch32.a(swap_helper.S.obj)
 .debug_aranges
                0x0000000000000078       0x20 zephyr/arch/arch/arm/core/aarch32/libarch__arm__core__aarch32.a(isr_wrapper.S.obj)
 .debug_aranges
                0x0000000000000098       0x20 zephyr/arch/arch/arm/core/aarch32/cortex_m/libarch__arm__core__aarch32__cortex_m.a(exc_exit.S.obj)
 .debug_aranges
                0x00000000000000b8       0x20 zephyr/arch/arch/arm/core/aarch32/cortex_m/libarch__arm__core__aarch32__cortex_m.a(fault_s.S.obj)
 .debug_aranges
                0x00000000000000d8       0x20 zephyr/arch/arch/arm/core/aarch32/cortex_m/libarch__arm__core__aarch32__cortex_m.a(reset.S.obj)
 .debug_aranges
                0x00000000000000f8       0x20 zephyr/CMakeFiles/offsets.dir/./arch/arm/core/offsets/offsets.c.obj
 .debug_aranges
                0x0000000000000118       0x20 app/libapp.a(main.c.obj)
 .debug_aranges
                0x0000000000000138       0x48 app/libapp.a(motor.c.obj)
 .debug_aranges
                0x0000000000000180       0x50 app/libapp.a(led.c.obj)
 .debug_aranges
                0x00000000000001d0       0x78 app/libapp.a(comm.c.obj)
 .debug_aranges
                0x0000000000000248       0x40 app/libapp.a(gprs.c.obj)
 .debug_aranges
                0x0000000000000288       0xa8 app/libapp.a(textProtocol.c.obj)
 .debug_aranges
                0x0000000000000330       0x20 zephyr/libzephyr.a(thread_entry.c.obj)
 .debug_aranges
                0x0000000000000350       0xb8 zephyr/libzephyr.a(heap.c.obj)
 .debug_aranges
                0x0000000000000408       0x20 zephyr/libzephyr.a(configs.c.obj)
 .debug_aranges
                0x0000000000000428       0x30 zephyr/arch/arch/arm/core/aarch32/libarch__arm__core__aarch32.a(fatal.c.obj)
 .debug_aranges
                0x0000000000000458       0x40 zephyr/arch/arch/arm/core/aarch32/libarch__arm__core__aarch32.a(irq_manage.c.obj)
 .debug_aranges
                0x0000000000000498       0x20 zephyr/arch/arch/arm/core/aarch32/libarch__arm__core__aarch32.a(nmi.c.obj)
 .debug_aranges
                0x00000000000004b8       0x20 zephyr/arch/arch/arm/core/aarch32/libarch__arm__core__aarch32.a(prep_c.c.obj)
 .debug_aranges
                0x00000000000004d8       0x20 zephyr/arch/arch/arm/core/aarch32/libarch__arm__core__aarch32.a(swap.c.obj)
 .debug_aranges
                0x00000000000004f8       0x28 zephyr/arch/arch/arm/core/aarch32/libarch__arm__core__aarch32.a(thread.c.obj)
 .debug_aranges
                0x0000000000000520       0x28 zephyr/arch/arch/arm/core/aarch32/cortex_m/libarch__arm__core__aarch32__cortex_m.a(fault.c.obj)
 .debug_aranges
                0x0000000000000548       0x20 zephyr/arch/arch/arm/core/aarch32/cortex_m/libarch__arm__core__aarch32__cortex_m.a(irq_init.c.obj)
 .debug_aranges
                0x0000000000000568       0x20 zephyr/arch/arch/arm/core/aarch32/cortex_m/libarch__arm__core__aarch32__cortex_m.a(thread_abort.c.obj)
 .debug_aranges
                0x0000000000000588       0x20 zephyr/lib/libc/minimal/liblib__libc__minimal.a(strstr.c.obj)
 .debug_aranges
                0x00000000000005a8       0x98 zephyr/lib/libc/minimal/liblib__libc__minimal.a(string.c.obj)
 .debug_aranges
                0x0000000000000640       0x58 zephyr/lib/libc/minimal/liblib__libc__minimal.a(stdout_console.c.obj)
 .debug_aranges
                0x0000000000000698       0x20 zephyr/soc/arm/rpi_pico/rp2/libsoc__arm__rpi_pico__rp2.a(soc.c.obj)
 .debug_aranges
                0x00000000000006b8       0x30 zephyr/drivers/console/libdrivers__console.a(uart_console.c.obj)
 .debug_aranges
                0x00000000000006e8       0x70 zephyr/drivers/gpio/libdrivers__gpio.a(gpio_rpi_pico.c.obj)
 .debug_aranges
                0x0000000000000758       0x48 zephyr/drivers/i2c/libdrivers__i2c.a(i2c_dw.c.obj)
 .debug_aranges
                0x00000000000007a0       0x48 zephyr/drivers/led/libdrivers__led.a(led_pwm.c.obj)
 .debug_aranges
                0x00000000000007e8       0x30 zephyr/drivers/pwm/libdrivers__pwm.a(pwm_rpi_pico.c.obj)
 .debug_aranges
                0x0000000000000818       0xc0 zephyr/drivers/serial/libdrivers__serial.a(uart_rpi_pico.c.obj)
 .debug_aranges
                0x00000000000008d8       0x58 zephyr/drivers/timer/libdrivers__timer.a(cortex_m_systick.c.obj)
 .debug_aranges
                0x0000000000000930       0x20 zephyr/drivers/pinctrl/libdrivers__pinctrl.a(common.c.obj)
 .debug_aranges
                0x0000000000000950       0x20 zephyr/drivers/pinctrl/libdrivers__pinctrl.a(pinctrl_rpi_pico.c.obj)
 .debug_aranges
                0x0000000000000970       0x50 zephyr/drivers/reset/libdrivers__reset.a(reset_rpi_pico.c.obj)
 .debug_aranges
                0x00000000000009c0       0x68 modules/hal_rpi_pico/libmodules__hal_rpi_pico.a(clocks.c.obj)
 .debug_aranges
                0x0000000000000a28       0x28 modules/hal_rpi_pico/libmodules__hal_rpi_pico.a(pll.c.obj)
 .debug_aranges
                0x0000000000000a50       0x30 modules/hal_rpi_pico/libmodules__hal_rpi_pico.a(xosc.c.obj)
 .debug_aranges
                0x0000000000000a80       0x58 modules/hal_rpi_pico/libmodules__hal_rpi_pico.a(watchdog.c.obj)
 .debug_aranges
                0x0000000000000ad8       0x28 modules/hal_rpi_pico/libmodules__hal_rpi_pico.a(platform.c.obj)
 .debug_aranges
                0x0000000000000b00       0xd0 modules/hal_rpi_pico/libmodules__hal_rpi_pico.a(gpio.c.obj)
 .debug_aranges
                0x0000000000000bd0       0x40 modules/hal_rpi_pico/libmodules__hal_rpi_pico.a(uart.c.obj)
 .debug_aranges
                0x0000000000000c10       0x58 zephyr/kernel/libkernel.a(device.c.obj)
 .debug_aranges
                0x0000000000000c68       0x20 zephyr/kernel/libkernel.a(errno.c.obj)
 .debug_aranges