Archive member included to satisfy reference by file (symbol)

app/libapp.a(main.c.obj)      (--whole-archive)
zephyr/libzephyr.a(cbprintf.c.obj)
                              (--whole-archive)
zephyr/libzephyr.a(cbprintf_packaged.c.obj)
                              (--whole-archive)
zephyr/libzephyr.a(crc32c_sw.c.obj)
                              (--whole-archive)
zephyr/libzephyr.a(crc32_sw.c.obj)
                              (--whole-archive)
zephyr/libzephyr.a(crc16_sw.c.obj)
                              (--whole-archive)
zephyr/libzephyr.a(crc8_sw.c.obj)
                              (--whole-archive)
zephyr/libzephyr.a(crc7_sw.c.obj)
                              (--whole-archive)
zephyr/libzephyr.a(dec.c.obj)
                              (--whole-archive)
zephyr/libzephyr.a(fdtable.c.obj)
                              (--whole-archive)
zephyr/libzephyr.a(hex.c.obj)
                              (--whole-archive)
zephyr/libzephyr.a(notify.c.obj)
                              (--whole-archive)
zephyr/libzephyr.a(printk.c.obj)
                              (--whole-archive)
zephyr/libzephyr.a(onoff.c.obj)
                              (--whole-archive)
zephyr/libzephyr.a(rb.c.obj)  (--whole-archive)
zephyr/libzephyr.a(sem.c.obj)
                              (--whole-archive)
zephyr/libzephyr.a(thread_entry.c.obj)
                              (--whole-archive)
zephyr/libzephyr.a(timeutil.c.obj)
                              (--whole-archive)
zephyr/libzephyr.a(heap.c.obj)
                              (--whole-archive)
zephyr/libzephyr.a(heap-validate.c.obj)
                              (--whole-archive)
zephyr/libzephyr.a(bitarray.c.obj)
                              (--whole-archive)
zephyr/libzephyr.a(multi_heap.c.obj)
                              (--whole-archive)
zephyr/libzephyr.a(cbprintf_complete.c.obj)
                              (--whole-archive)
zephyr/libzephyr.a(ring_buffer.c.obj)
                              (--whole-archive)
zephyr/libzephyr.a(assert.c.obj)
                              (--whole-archive)
zephyr/libzephyr.a(configs.c.obj)
                              (--whole-archive)
zephyr/libzephyr.a(soc_nrf_common.S.obj)
                              (--whole-archive)
zephyr/libzephyr.a(validate_base_addresses.c.obj)
                              (--whole-archive)
zephyr/libzephyr.a(validate_enabled_instances.c.obj)
                              (--whole-archive)
zephyr/libzephyr.a(usb_device.c.obj)
                              (--whole-archive)
zephyr/libzephyr.a(usb_descriptor.c.obj)
                              (--whole-archive)
zephyr/libzephyr.a(usb_transfer.c.obj)
                              (--whole-archive)
zephyr/libzephyr.a(cdc_acm.c.obj)
                              (--whole-archive)
zephyr/libzephyr.a(usb_work_q.c.obj)
                              (--whole-archive)
zephyr/libzephyr.a(pm.c.obj)  (--whole-archive)
zephyr/libzephyr.a(policy.c.obj)
                              (--whole-archive)
zephyr/libzephyr.a(state.c.obj)
                              (--whole-archive)
zephyr/libzephyr.a(tracing_none.c.obj)
                              (--whole-archive)
zephyr/arch/common/libarch__common.a(sw_isr_common.c.obj)
                              (--whole-archive)
zephyr/arch/arch/arm/core/aarch32/libarch__arm__core__aarch32.a(cpu_idle.S.obj)
                              (--whole-archive)
zephyr/arch/arch/arm/core/aarch32/libarch__arm__core__aarch32.a(fatal.c.obj)
                              (--whole-archive)
zephyr/arch/arch/arm/core/aarch32/libarch__arm__core__aarch32.a(irq_manage.c.obj)
                              (--whole-archive)
zephyr/arch/arch/arm/core/aarch32/libarch__arm__core__aarch32.a(nmi.c.obj)
                              (--whole-archive)
zephyr/arch/arch/arm/core/aarch32/libarch__arm__core__aarch32.a(nmi_on_reset.S.obj)
                              (--whole-archive)
zephyr/arch/arch/arm/core/aarch32/libarch__arm__core__aarch32.a(prep_c.c.obj)
                              (--whole-archive)
zephyr/arch/arch/arm/core/aarch32/libarch__arm__core__aarch32.a(swap.c.obj)
                              (--whole-archive)
zephyr/arch/arch/arm/core/aarch32/libarch__arm__core__aarch32.a(swap_helper.S.obj)
                              (--whole-archive)
zephyr/arch/arch/arm/core/aarch32/libarch__arm__core__aarch32.a(thread.c.obj)
                              (--whole-archive)
zephyr/arch/arch/arm/core/aarch32/libarch__arm__core__aarch32.a(isr_wrapper.S.obj)
                              (--whole-archive)
zephyr/arch/arch/arm/core/aarch32/cortex_m/libarch__arm__core__aarch32__cortex_m.a(exc_exit.S.obj)
                              (--whole-archive)
zephyr/arch/arch/arm/core/aarch32/cortex_m/libarch__arm__core__aarch32__cortex_m.a(fault.c.obj)
                              (--whole-archive)
zephyr/arch/arch/arm/core/aarch32/cortex_m/libarch__arm__core__aarch32__cortex_m.a(fault_s.S.obj)
                              (--whole-archive)
[...]
Memory Configuration

Name             Origin             Length             Attributes
FLASH            0x0000000000010000 0x00000000000e8000 xr
SRAM             0x0000000020000000 0x0000000000040000 xw
IDT_LIST         0x00000000fffff7ff 0x0000000000000800 xw
*default*        0x0000000000000000 0xffffffffffffffff

Linker script and memory map

LOAD zephyr/CMakeFiles/zephyr_final.dir/misc/empty_file.c.obj
LOAD zephyr/CMakeFiles/zephyr_final.dir/dev_handles.c.obj
LOAD zephyr/CMakeFiles/zephyr_final.dir/isr_tables.c.obj
LOAD zephyr/CMakeFiles/offsets.dir/./arch/arm/core/offsets/offsets.c.obj
                0x0000000000000020                _region_min_align = 0x20

.rel.plt        0x0000000000010000        0x0
 *(SORT_BY_ALIGNMENT(.rel.plt))
                [!provide]                        PROVIDE (__rel_iplt_start = .)
 *(SORT_BY_ALIGNMENT(.rel.iplt))
 .rel.iplt      0x0000000000010000        0x0 zephyr/CMakeFiles/zephyr_final.dir/isr_tables.c.obj
                [!provide]                        PROVIDE (__rel_iplt_end = .)

.rela.plt       0x0000000000000000        0x0
 *(SORT_BY_ALIGNMENT(.rela.plt))
                [!provide]                        PROVIDE (__rela_iplt_start = .)
 *(SORT_BY_ALIGNMENT(.rela.iplt))
                [!provide]                        PROVIDE (__rela_iplt_end = .)

.rel.dyn
 *(SORT_BY_ALIGNMENT(.rel.*))

.rela.dyn
 *(SORT_BY_ALIGNMENT(.rela.*))

/DISCARD/
 *(SORT_BY_ALIGNMENT(.plt))
 *(SORT_BY_ALIGNMENT(.iplt))
 *(SORT_BY_ALIGNMENT(.got.plt))
 *(SORT_BY_ALIGNMENT(.igot.plt))
 *(SORT_BY_ALIGNMENT(.got))
 *(SORT_BY_ALIGNMENT(.igot))
 *(SORT_BY_ALIGNMENT(.irq_info*))
 *(SORT_BY_ALIGNMENT(.intList*))
 *(SORT_BY_ALIGNMENT(.note.GNU-stack))
                0x0000000000010000                __rom_region_start = 0x10000

rom_start       0x0000000000010000      0x100
                0x0000000000000000                . = 0x0
                0x0000000000000000                . = ALIGN (0x4)
                0x0000000000000000                . = ALIGN (0x80)
                0x0000000000000000                . = ALIGN (0x100)
                0x0000000000010000                _vector_start = .
 *(SORT_BY_ALIGNMENT(.exc_vector_table))
 *(SORT_BY_ALIGNMENT(.exc_vector_table.*))
 .exc_vector_table._vector_table_section
                0x0000000000010000       0x40 zephyr/arch/arch/arm/core/aarch32/cortex_m/libarch__arm__core__aarch32__cortex_m.a(vector_table.S.obj)
                0x0000000000010000                _vector_table
 *(SORT_BY_ALIGNMENT(.gnu.linkonce.irq_vector_table*))
 .gnu.linkonce.irq_vector_table
                0x0000000000010040       0xc0 zephyr/CMakeFiles/zephyr_final.dir/isr_tables.c.obj
                0x0000000000010040                _irq_vector_table
 *(SORT_BY_ALIGNMENT(.vectors))
                0x0000000000010100                _vector_end = .

text            0x0000000000010100     0xd310
                0x0000000000010100                __text_region_start = .
 *(SORT_BY_ALIGNMENT(.text))
 .text          0x0000000000010100      0x378 /home/pibs/.local/opt/zephyr-sdk-0.14.1/arm-zephyr-eabi/bin/../lib/gcc/arm-zephyr-eabi/10.3.0/thumb/v7e-m/nofp/libgcc.a(_arm_addsubdf3.o)
                0x0000000000010100                __aeabi_drsub
                0x0000000000010108                __aeabi_dsub
                0x0000000000010108                __subdf3
                0x000000000001010c                __adddf3
                0x000000000001010c                __aeabi_dadd
                0x0000000000010384                __aeabi_ui2d
                0x0000000000010384                __floatunsidf
                0x00000000000103a4                __floatsidf
                0x00000000000103a4                __aeabi_i2d
                0x00000000000103c8                __extendsfdf2
                0x00000000000103c8                __aeabi_f2d
                0x000000000001040c                __aeabi_ul2d
                0x000000000001040c                __floatundidf
                0x000000000001041c                __floatdidf
                0x000000000001041c                __aeabi_l2d
 .text          0x0000000000010478      0x424 /home/pibs/.local/opt/zephyr-sdk-0.14.1/arm-zephyr-eabi/bin/../lib/gcc/arm-zephyr-eabi/10.3.0/thumb/v7e-m/nofp/libgcc.a(_arm_muldivdf3.o)
                0x0000000000010478                __aeabi_dmul
                0x0000000000010478                __muldf3
                0x00000000000106cc                __aeabi_ddiv
                0x00000000000106cc                __divdf3
 .text          0x000000000001089c       0x30 /home/pibs/.local/opt/zephyr-sdk-0.14.1/arm-zephyr-eabi/bin/../lib/gcc/arm-zephyr-eabi/10.3.0/thumb/v7e-m/nofp/libgcc.a(_aeabi_uldivmod.o)
                0x000000000001089c                __aeabi_uldivmod
 .text          0x00000000000108cc        0x4 /home/pibs/.local/opt/zephyr-sdk-0.14.1/arm-zephyr-eabi/bin/../lib/gcc/arm-zephyr-eabi/10.3.0/thumb/v7e-m/nofp/libgcc.a(_dvmd_tls.o)
                0x00000000000108cc                __aeabi_ldiv0
                0x00000000000108cc                __aeabi_idiv0
 .text          0x00000000000108d0      0x2a6 /home/pibs/.local/opt/zephyr-sdk-0.14.1/arm-zephyr-eabi/bin/../lib/gcc/arm-zephyr-eabi/10.3.0/thumb/v7e-m/nofp/libgcc.a(_udivmoddi4.o)
                0x00000000000108d0                __udivmoddi4
 *(SORT_BY_ALIGNMENT(.text.*))
 *fill*         0x0000000000010b76        0x2 
 .text.vl53l0x  0x0000000000010b78       0xbc app/libapp.a(main.c.obj)
                0x0000000000010b78                vl53l0x
 .text.gpio_pin_toggle_dt.constprop.0.isra.0
                0x0000000000010c34       0x10 app/libapp.a(main.c.obj)
 .text.usb_setup
                0x0000000000010c44       0x34 app/libapp.a(main.c.obj)
                0x0000000000010c44                usb_setup
 .text.main     0x0000000000010c78       0x5c app/libapp.a(main.c.obj)
                0x0000000000010c78                main
 .text.char_out
                0x0000000000010cd4       0x10 zephyr/libzephyr.a(printk.c.obj)
 .text.__printk_hook_install
                0x0000000000010ce4        0xc zephyr/libzephyr.a(printk.c.obj)
                0x0000000000010ce4                __printk_hook_install
 .text.vprintk  0x0000000000010cf0       0x1c zephyr/libzephyr.a(printk.c.obj)
                0x0000000000010cf0                vprintk
 .text.process_event
                0x0000000000010d0c      0x1c0 zephyr/libzephyr.a(onoff.c.obj)
 .text.cbvprintf
                0x0000000000010ecc      0x784 zephyr/libzephyr.a(cbprintf_complete.c.obj)
                0x0000000000010ecc                cbvprintf
 .text.class_handler
                0x0000000000011650       0x40 zephyr/libzephyr.a(usb_device.c.obj)
 .text.custom_handler
                0x0000000000011690       0x60 zephyr/libzephyr.a(usb_device.c.obj)
 .text.vendor_handler
                0x00000000000116f0       0x3c zephyr/libzephyr.a(usb_device.c.obj)
 .text.set_endpoint
                0x000000000001172c       0x54 zephyr/libzephyr.a(usb_device.c.obj)
 .text.usb_reset_alt_setting
                0x0000000000011780       0x10 zephyr/libzephyr.a(usb_device.c.obj)
 .text.is_ep_valid.part.0
                0x0000000000011790       0x38 zephyr/libzephyr.a(usb_device.c.obj)
 .text.usb_handle_request.constprop.0
                0x00000000000117c8       0x2c zephyr/libzephyr.a(usb_device.c.obj)
 .text.forward_status_cb
                0x00000000000117f4       0x9c zephyr/libzephyr.a(usb_device.c.obj)
 .text.usb_halt_endpoint_req.isra.0
                0x0000000000011890       0x58 zephyr/libzephyr.a(usb_device.c.obj)
 .text.usb_handle_standard_request
                0x00000000000118e8      0x308 zephyr/libzephyr.a(usb_device.c.obj)
 .text.usb_data_to_host
                0x0000000000011bf0       0x54 zephyr/libzephyr.a(usb_device.c.obj)
 .text.usb_handle_control_transfer
                0x0000000000011c44       0xe8 zephyr/libzephyr.a(usb_device.c.obj)
 .text.usb_set_config
                0x0000000000011d2c       0x2c zephyr/libzephyr.a(usb_device.c.obj)
                0x0000000000011d2c                usb_set_config
 .text.usb_device_init
                0x0000000000011d58       0x28 zephyr/libzephyr.a(usb_device.c.obj)
 .text.usb_enable
                0x0000000000011d80       0xf4 zephyr/libzephyr.a(usb_device.c.obj)
                0x0000000000011d80                usb_enable
 .text.usb_update_sn_string_descriptor
                0x0000000000011e74       0x88 zephyr/libzephyr.a(usb_descriptor.c.obj)
                0x0000000000011e74                usb_update_sn_string_descriptor
 .text.usb_fix_descriptor
                0x0000000000011efc      0x1b0 zephyr/libzephyr.a(usb_descriptor.c.obj)
 .text.usb_get_device_descriptor
                0x00000000000120ac       0x18 zephyr/libzephyr.a(usb_descriptor.c.obj)
                0x00000000000120ac                usb_get_device_descriptor
 .text.usb_ep_get_transfer
                0x00000000000120c4       0x2c zephyr/libzephyr.a(usb_transfer.c.obj)
 .text.usb_transfer_work
                0x00000000000120f0      0x110 zephyr/libzephyr.a(usb_transfer.c.obj)
 .text.usb_transfer_ep_callback
                0x0000000000012200       0x5c zephyr/libzephyr.a(usb_transfer.c.obj)
                0x0000000000012200                usb_transfer_ep_callback
 .text.usb_transfer
                0x000000000001225c       0xe4 zephyr/libzephyr.a(usb_transfer.c.obj)
                0x000000000001225c                usb_transfer
 .text.usb_cancel_transfer
                0x0000000000012340       0x3c zephyr/libzephyr.a(usb_transfer.c.obj)
                0x0000000000012340                usb_cancel_transfer
 .text.usb_cancel_transfers
                0x000000000001237c       0x50 zephyr/libzephyr.a(usb_transfer.c.obj)
                0x000000000001237c                usb_cancel_transfers
 .text.usb_transfer_init
                0x00000000000123cc       0x34 zephyr/libzephyr.a(usb_transfer.c.obj)
                0x00000000000123cc                usb_transfer_init
 .text.cdc_acm_class_handle_req
                0x0000000000012400       0x70 zephyr/libzephyr.a(cdc_acm.c.obj)
                0x0000000000012400                cdc_acm_class_handle_req
 .text.cdc_acm_irq_rx_enable
                0x0000000000012470       0x20 zephyr/libzephyr.a(cdc_acm.c.obj)
 .text.cdc_acm_irq_tx_enable
                0x0000000000012490       0x20 zephyr/libzephyr.a(cdc_acm.c.obj)
 .text.cdc_acm_write_cb
                0x00000000000124b0       0x3c zephyr/libzephyr.a(cdc_acm.c.obj)
 .text.cdc_acm_fifo_fill
                0x00000000000124ec       0x34 zephyr/libzephyr.a(cdc_acm.c.obj)
 .text.cdc_acm_poll_out
                0x0000000000012520       0x58 zephyr/libzephyr.a(cdc_acm.c.obj)
 .text.cdc_acm_int_in
                0x0000000000012578       0x18 zephyr/libzephyr.a(cdc_acm.c.obj)
 .text.cdc_acm_reset_port
                0x0000000000012590       0x34 zephyr/libzephyr.a(cdc_acm.c.obj)
 .text.cdc_acm_read_cb
                0x00000000000125c4       0x50 zephyr/libzephyr.a(cdc_acm.c.obj)
 .text.tx_work_handler
                0x0000000000012614       0x54 zephyr/libzephyr.a(cdc_acm.c.obj)
 .text.cdc_acm_dev_status_cb
                0x0000000000012668       0xa0 zephyr/libzephyr.a(cdc_acm.c.obj)
 .text.cdc_acm_init
                0x0000000000012708       0x48 zephyr/libzephyr.a(cdc_acm.c.obj)
 .text.cdc_acm_send_notification.isra.0
                0x0000000000012750       0x54 zephyr/libzephyr.a(cdc_acm.c.obj)
 .text.z_usb_work_q_init
                0x00000000000127a4       0x34 zephyr/libzephyr.a(usb_work_q.c.obj)
 .text.pm_state_notify
                0x00000000000127d8       0x5c zephyr/libzephyr.a(pm.c.obj)
 .text.atomic_clear_bit.constprop.0
                0x0000000000012834       0x30 zephyr/libzephyr.a(pm.c.obj)
 .text.pm_system_resume
                0x0000000000012864       0x7c zephyr/libzephyr.a(pm.c.obj)
                0x0000000000012864                pm_system_resume
 .text.pm_system_suspend
                0x00000000000128e0       0xec zephyr/libzephyr.a(pm.c.obj)
                0x00000000000128e0                pm_system_suspend
 .text.pm_policy_next_state
                0x00000000000129cc       0x90 zephyr/libzephyr.a(policy.c.obj)
                0x00000000000129cc                pm_policy_next_state
 .text.pm_state_cpu_get_all
                0x0000000000012a5c       0x10 zephyr/libzephyr.a(state.c.obj)
                0x0000000000012a5c                pm_state_cpu_get_all
 .text.z_arm_cpu_idle_init
                0x0000000000012a6c        0xc zephyr/arch/arch/arm/core/aarch32/libarch__arm__core__aarch32.a(cpu_idle.S.obj)
                0x0000000000012a6c                z_arm_cpu_idle_init
 .text.arch_cpu_idle
                0x0000000000012a78       0x1c zephyr/arch/arch/arm/core/aarch32/libarch__arm__core__aarch32.a(cpu_idle.S.obj)
                0x0000000000012a78                arch_cpu_idle
 .text.arch_cpu_atomic_idle
                0x0000000000012a94       0x14 zephyr/arch/arch/arm/core/aarch32/libarch__arm__core__aarch32.a(cpu_idle.S.obj)
                0x0000000000012a94                arch_cpu_atomic_idle
 .text.arch_irq_enable
                0x0000000000012aa8       0x20 zephyr/arch/arch/arm/core/aarch32/libarch__arm__core__aarch32.a(irq_manage.c.obj)
                0x0000000000012aa8                arch_irq_enable
 .text.arch_irq_disable
                0x0000000000012ac8       0x28 zephyr/arch/arch/arm/core/aarch32/libarch__arm__core__aarch32.a(irq_manage.c.obj)
                0x0000000000012ac8                arch_irq_disable
 .text.arch_irq_is_enabled
                0x0000000000012af0       0x1c zephyr/arch/arch/arm/core/aarch32/libarch__arm__core__aarch32.a(irq_manage.c.obj)
                0x0000000000012af0                arch_irq_is_enabled
 .text.z_arm_irq_priority_set
                0x0000000000012b0c       0x30 zephyr/arch/arch/arm/core/aarch32/libarch__arm__core__aarch32.a(irq_manage.c.obj)
                0x0000000000012b0c                z_arm_irq_priority_set
 .text.z_SysNmiOnReset
                0x0000000000012b3c        0x8 zephyr/arch/arch/arm/core/aarch32/libarch__arm__core__aarch32.a(nmi_on_reset.S.obj)
                0x0000000000012b3c                z_SysNmiOnReset
 .text.z_arm_prep_c
                0x0000000000012b44       0x48 zephyr/arch/arch/arm/core/aarch32/libarch__arm__core__aarch32.a(prep_c.c.obj)
                0x0000000000012b44                z_arm_prep_c
 .text.arch_swap
                0x0000000000012b8c       0x34 zephyr/arch/arch/arm/core/aarch32/libarch__arm__core__aarch32.a(swap.c.obj)
                0x0000000000012b8c                arch_swap
 .text.z_arm_pendsv
                0x0000000000012bc0       0x54 zephyr/arch/arch/arm/core/aarch32/libarch__arm__core__aarch32.a(swap_helper.S.obj)
                0x0000000000012bc0                z_arm_pendsv
 .text.z_arm_svc
                0x0000000000012c14       0x20 zephyr/arch/arch/arm/core/aarch32/libarch__arm__core__aarch32.a(swap_helper.S.obj)
                0x0000000000012c14                z_arm_svc
 .text.arch_new_thread
                0x0000000000012c34       0x38 zephyr/arch/arch/arm/core/aarch32/libarch__arm__core__aarch32.a(thread.c.obj)
                0x0000000000012c34                arch_new_thread
 .text.z_check_thread_stack_fail
                0x0000000000012c6c       0x2c zephyr/arch/arch/arm/core/aarch32/libarch__arm__core__aarch32.a(thread.c.obj)
                0x0000000000012c6c                z_check_thread_stack_fail
 .text.arch_switch_to_main_thread
                0x0000000000012c98       0x2c zephyr/arch/arch/arm/core/aarch32/libarch__arm__core__aarch32.a(thread.c.obj)
                0x0000000000012c98                arch_switch_to_main_thread
 .text._isr_wrapper
                0x0000000000012cc4       0x40 zephyr/arch/arch/arm/core/aarch32/libarch__arm__core__aarch32.a(isr_wrapper.S.obj)
                0x0000000000012cc4                _isr_wrapper
 .text._HandlerModeExit
                0x0000000000012d04       0x1c zephyr/arch/arch/arm/core/aarch32/cortex_m/libarch__arm__core__aarch32__cortex_m.a(exc_exit.S.obj)
                0x0000000000012d04                z_arm_exc_exit
                0x0000000000012d04                z_arm_int_exit
 .text.mem_manage_fault
                0x0000000000012d20       0x78 zephyr/arch/arch/arm/core/aarch32/cortex_m/libarch__arm__core__aarch32__cortex_m.a(fault.c.obj)
 .text.bus_fault.constprop.0
                0x0000000000012d98       0x3c zephyr/arch/arch/arm/core/aarch32/cortex_m/libarch__arm__core__aarch32__cortex_m.a(fault.c.obj)
 .text.z_arm_fault
                0x0000000000012dd4      0x128 zephyr/arch/arch/arm/core/aarch32/cortex_m/libarch__arm__core__aarch32__cortex_m.a(fault.c.obj)
                0x0000000000012dd4                z_arm_fault
 .text.z_arm_fault_init
                0x0000000000012efc       0x10 zephyr/arch/arch/arm/core/aarch32/cortex_m/libarch__arm__core__aarch32__cortex_m.a(fault.c.obj)
                0x0000000000012efc                z_arm_fault_init
 .text.__fault  0x0000000000012f0c       0x14 zephyr/arch/arch/arm/core/aarch32/cortex_m/libarch__arm__core__aarch32__cortex_m.a(fault_s.S.obj)
                0x0000000000012f0c                z_arm_bus_fault
                0x0000000000012f0c                z_arm_usage_fault
                0x0000000000012f0c                z_arm_mpu_fault
                0x0000000000012f0c                z_arm_exc_spurious
                0x0000000000012f0c                z_arm_debug_monitor
                0x0000000000012f0c                z_arm_hard_fault
 .text.z_arm_interrupt_init
                0x0000000000012f20       0x18 zephyr/arch/arch/arm/core/aarch32/cortex_m/libarch__arm__core__aarch32__cortex_m.a(irq_init.c.obj)
                0x0000000000012f20                z_arm_interrupt_init
 .text._reset_section
                0x0000000000012f38       0x30 zephyr/arch/arch/arm/core/aarch32/cortex_m/libarch__arm__core__aarch32__cortex_m.a(reset.S.obj)
                0x0000000000012f38                z_arm_reset
                0x0000000000012f38                __start
 .text.z_impl_k_thread_abort
                0x0000000000012f68       0x2c zephyr/arch/arch/arm/core/aarch32/cortex_m/libarch__arm__core__aarch32__cortex_m.a(thread_abort.c.obj)
                0x0000000000012f68                z_impl_k_thread_abort
 .text.z_arm_configure_static_mpu_regions
                0x0000000000012f94       0x18 zephyr/arch/arch/arm/core/aarch32/mpu/libarch__arm__core__aarch32__mpu.a(arm_core_mpu.c.obj)
                0x0000000000012f94                z_arm_configure_static_mpu_regions
 .text.z_arm_configure_dynamic_mpu_regions
                0x0000000000012fac       0x20 zephyr/arch/arch/arm/core/aarch32/mpu/libarch__arm__core__aarch32__mpu.a(arm_core_mpu.c.obj)
                0x0000000000012fac                z_arm_configure_dynamic_mpu_regions
 .text.mpu_configure_regions
                0x0000000000012fcc       0x84 zephyr/arch/arch/arm/core/aarch32/mpu/libarch__arm__core__aarch32__mpu.a(arm_mpu.c.obj)
 .text.arm_core_mpu_enable
                0x0000000000013050       0x18 zephyr/arch/arch/arm/core/aarch32/mpu/libarch__arm__core__aarch32__mpu.a(arm_mpu.c.obj)
                0x0000000000013050                arm_core_mpu_enable
 .text.arm_core_mpu_disable
                0x0000000000013068       0x14 zephyr/arch/arch/arm/core/aarch32/mpu/libarch__arm__core__aarch32__mpu.a(arm_mpu.c.obj)
                0x0000000000013068                arm_core_mpu_disable
 .text.arm_core_mpu_configure_static_mpu_regions
                0x000000000001307c       0x14 zephyr/arch/arch/arm/core/aarch32/mpu/libarch__arm__core__aarch32__mpu.a(arm_mpu.c.obj)
                0x000000000001307c                arm_core_mpu_configure_static_mpu_regions
 .text.arm_core_mpu_configure_dynamic_mpu_regions
                0x0000000000013090       0x30 zephyr/arch/arch/arm/core/aarch32/mpu/libarch__arm__core__aarch32__mpu.a(arm_mpu.c.obj)
                0x0000000000013090                arm_core_mpu_configure_dynamic_mpu_regions
 .text.z_arm_mpu_init
                0x00000000000130c0       0x60 zephyr/arch/arch/arm/core/aarch32/mpu/libarch__arm__core__aarch32__mpu.a(arm_mpu.c.obj)
                0x00000000000130c0                z_arm_mpu_init
 .text.__stdout_hook_install
                0x0000000000013120        0xc zephyr/lib/libc/minimal/liblib__libc__minimal.a(stdout_console.c.obj)
                0x0000000000013120                __stdout_hook_install
 .text.nordicsemi_nrf52_init
                0x000000000001312c       0x28 zephyr/soc/arm/nordic_nrf/nrf52/libsoc__arm__nordic_nrf__nrf52.a(soc.c.obj)
 .text.arch_busy_wait
                0x0000000000013154       0x14 zephyr/soc/arm/nordic_nrf/nrf52/libsoc__arm__nordic_nrf__nrf52.a(soc.c.obj)
                0x0000000000013154                arch_busy_wait
 .text.board_init
                0x0000000000013168       0x34 zephyr/boards/arm/arduino_nano_33_ble/libboards__arm__arduino_nano_33_ble.a(board.c.obj)
 .text.endpoint_ctx
                0x000000000001319c       0x50 zephyr/drivers/usb/device/libdrivers__usb__device.a(usb_dc_nrfx.c.obj)
 .text.usbd_evt_put
                0x00000000000131ec        0xc zephyr/drivers/usb/device/libdrivers__usb__device.a(usb_dc_nrfx.c.obj)
 .text.usbd_work_schedule
                0x00000000000131f8       0x10 zephyr/drivers/usb/device/libdrivers__usb__device.a(usb_dc_nrfx.c.obj)
 .text.usb_init
                0x0000000000013208       0x48 zephyr/drivers/usb/device/libdrivers__usb__device.a(usb_dc_nrfx.c.obj)
 .text.usbd_evt_get
                0x0000000000013250       0x10 zephyr/drivers/usb/device/libdrivers__usb__device.a(usb_dc_nrfx.c.obj)
 .text.usbd_evt_flush
                0x0000000000013260       0x1c zephyr/drivers/usb/device/libdrivers__usb__device.a(usb_dc_nrfx.c.obj)
 .text.usbd_evt_alloc
                0x000000000001327c       0x44 zephyr/drivers/usb/device/libdrivers__usb__device.a(usb_dc_nrfx.c.obj)
 .text.usbd_event_transfer_data
                0x00000000000132c0       0xa8 zephyr/drivers/usb/device/libdrivers__usb__device.a(usb_dc_nrfx.c.obj)
 .text.usb_dc_power_event_handler
                0x0000000000013368       0x34 zephyr/drivers/usb/device/libdrivers__usb__device.a(usb_dc_nrfx.c.obj)
 .text.hfxo_stop.constprop.0.isra.0
                0x000000000001339c       0x44 zephyr/drivers/usb/device/libdrivers__usb__device.a(usb_dc_nrfx.c.obj)
 .text.usbd_event_handler
                0x00000000000133e0      0x11c zephyr/drivers/usb/device/libdrivers__usb__device.a(usb_dc_nrfx.c.obj)
 .text.eps_ctx_init
                0x00000000000134fc       0x68 zephyr/drivers/usb/device/libdrivers__usb__device.a(usb_dc_nrfx.c.obj)
 .text.usbd_work_handler
                0x0000000000013564      0x2e8 zephyr/drivers/usb/device/libdrivers__usb__device.a(usb_dc_nrfx.c.obj)
 .text.usb_dc_attach
                0x000000000001384c       0x7c zephyr/drivers/usb/device/libdrivers__usb__device.a(usb_dc_nrfx.c.obj)
                0x000000000001384c                usb_dc_attach
 .text.usb_dc_set_address
                0x00000000000138c8       0x24 zephyr/drivers/usb/device/libdrivers__usb__device.a(usb_dc_nrfx.c.obj)
                0x00000000000138c8                usb_dc_set_address
 .text.usb_dc_ep_configure
                0x00000000000138ec       0x44 zephyr/drivers/usb/device/libdrivers__usb__device.a(usb_dc_nrfx.c.obj)
                0x00000000000138ec                usb_dc_ep_configure
 .text.usb_dc_ep_set_stall
                0x0000000000013930       0x50 zephyr/drivers/usb/device/libdrivers__usb__device.a(usb_dc_nrfx.c.obj)
                0x0000000000013930                usb_dc_ep_set_stall
 .text.usb_dc_ep_clear_stall
                0x0000000000013980       0x40 zephyr/drivers/usb/device/libdrivers__usb__device.a(usb_dc_nrfx.c.obj)
                0x0000000000013980                usb_dc_ep_clear_stall
 .text.usb_dc_ep_is_stalled
                0x00000000000139c0       0x38 zephyr/drivers/usb/device/libdrivers__usb__device.a(usb_dc_nrfx.c.obj)
                0x00000000000139c0                usb_dc_ep_is_stalled
 .text.usb_dc_ep_enable
                0x00000000000139f8       0x54 zephyr/drivers/usb/device/libdrivers__usb__device.a(usb_dc_nrfx.c.obj)
                0x00000000000139f8                usb_dc_ep_enable
 .text.usb_dc_ep_disable
                0x0000000000013a4c       0x4c zephyr/drivers/usb/device/libdrivers__usb__device.a(usb_dc_nrfx.c.obj)
                0x0000000000013a4c                usb_dc_ep_disable
 .text.usb_dc_ep_write
                0x0000000000013a98       0xf0 zephyr/drivers/usb/device/libdrivers__usb__device.a(usb_dc_nrfx.c.obj)
                0x0000000000013a98                usb_dc_ep_write
 .text.usb_dc_ep_read_wait
                0x0000000000013b88       0x90 zephyr/drivers/usb/device/libdrivers__usb__device.a(usb_dc_nrfx.c.obj)
                0x0000000000013b88                usb_dc_ep_read_wait
 .text.usb_dc_ep_read_continue
                0x0000000000013c18       0x84 zephyr/drivers/usb/device/libdrivers__usb__device.a(usb_dc_nrfx.c.obj)
                0x0000000000013c18                usb_dc_ep_read_continue
 .text.usb_dc_ep_set_callback
                0x0000000000013c9c       0x28 zephyr/drivers/usb/device/libdrivers__usb__device.a(usb_dc_nrfx.c.obj)
                0x0000000000013c9c                usb_dc_ep_set_callback
 .text.usb_dc_set_status_callback
                0x0000000000013cc4        0xc zephyr/drivers/usb/device/libdrivers__usb__device.a(usb_dc_nrfx.c.obj)
                0x0000000000013cc4                usb_dc_set_status_callback
 .text.usb_dc_ep_mps
                0x0000000000013cd0       0x24 zephyr/drivers/usb/device/libdrivers__usb__device.a(usb_dc_nrfx.c.obj)
                0x0000000000013cd0                usb_dc_ep_mps
 .text.onoff_stop
                0x0000000000013cf4       0x30 zephyr/drivers/clock_control/libdrivers__clock_control.a(clock_control_nrf.c.obj)
 .text.onoff_start
                0x0000000000013d24       0x44 zephyr/drivers/clock_control/libdrivers__clock_control.a(clock_control_nrf.c.obj)
 .text.clk_init
                0x0000000000013d68       0x58 zephyr/drivers/clock_control/libdrivers__clock_control.a(clock_control_nrf.c.obj)
 .text.clkstarted_handle.constprop.0
                0x0000000000013dc0       0x34 zephyr/drivers/clock_control/libdrivers__clock_control.a(clock_control_nrf.c.obj)
 .text.clock_event_handler
                0x0000000000013df4       0x1c zephyr/drivers/clock_control/libdrivers__clock_control.a(clock_control_nrf.c.obj)
 .text.generic_hfclk_start
                0x0000000000013e10       0x64 zephyr/drivers/clock_control/libdrivers__clock_control.a(clock_control_nrf.c.obj)
 .text.api_blocking_start
                0x0000000000013e74       0x34 zephyr/drivers/clock_control/libdrivers__clock_control.a(clock_control_nrf.c.obj)
 .text.generic_hfclk_stop
                0x0000000000013ea8       0x2c zephyr/drivers/clock_control/libdrivers__clock_control.a(clock_control_nrf.c.obj)
 .text.z_nrf_clock_control_get_onoff
                0x0000000000013ed4       0x10 zephyr/drivers/clock_control/libdrivers__clock_control.a(clock_control_nrf.c.obj)
                0x0000000000013ed4                z_nrf_clock_control_get_onoff
 .text.z_nrf_clock_control_lf_on
                0x0000000000013ee4      0x100 zephyr/drivers/clock_control/libdrivers__clock_control.a(clock_control_nrf.c.obj)
                0x0000000000013ee4                z_nrf_clock_control_lf_on
 .text.uart_console_init
                0x0000000000013fe4       0x30 zephyr/drivers/console/libdrivers__console.a(uart_console.c.obj)
 .text.console_out
                0x0000000000014014       0x28 zephyr/drivers/console/libdrivers__console.a(uart_console.c.obj)
 .text.gpio_nrfx_pin_interrupt_configure
                0x000000000001403c       0xd4 zephyr/drivers/gpio/libdrivers__gpio.a(gpio_nrfx.c.obj)
 .text.gpio_nrfx_init
                0x0000000000014110       0x38 zephyr/drivers/gpio/libdrivers__gpio.a(gpio_nrfx.c.obj)
 .text.nrfx_gpio_handler
                0x0000000000014148       0x44 zephyr/drivers/gpio/libdrivers__gpio.a(gpio_nrfx.c.obj)
 .text.gpio_nrfx_pin_configure
                0x000000000001418c      0x158 zephyr/drivers/gpio/libdrivers__gpio.a(gpio_nrfx.c.obj)
 .text.i2c_nrfx_twim_recover_bus
                0x00000000000142e4       0x20 zephyr/drivers/i2c/libdrivers__i2c.a(i2c_nrfx_twim.c.obj)
 .text.init_twim
                0x0000000000014304       0x30 zephyr/drivers/i2c/libdrivers__i2c.a(i2c_nrfx_twim.c.obj)
 .text.event_handler
                0x0000000000014334       0x34 zephyr/drivers/i2c/libdrivers__i2c.a(i2c_nrfx_twim.c.obj)
 .text.i2c_nrfx_twim_transfer
                0x0000000000014368      0x1b0 zephyr/drivers/i2c/libdrivers__i2c.a(i2c_nrfx_twim.c.obj)
 .text.transfer_next_chunk
                0x0000000000014518       0xa4 zephyr/drivers/spi/libdrivers__spi.a(spi_nrfx_spim.c.obj)
 .text.spi_nrfx_transceive
                0x00000000000145bc      0x284 zephyr/drivers/spi/libdrivers__spi.a(spi_nrfx_spim.c.obj)
 .text.regulator_fixed_init_onoff
                0x0000000000014840       0x30 zephyr/drivers/regulator/libdrivers__regulator.a(regulator_fixed.c.obj)
 .text.finalize_transition
                0x0000000000014870       0x78 zephyr/drivers/regulator/libdrivers__regulator.a(regulator_fixed.c.obj)
 .text.event_txdrdy_check
                0x00000000000148e8       0x20 zephyr/drivers/serial/libdrivers__serial.a(uart_nrfx_uart.c.obj)
 .text.uart_nrfx_poll_in
                0x0000000000014908       0x24 zephyr/drivers/serial/libdrivers__serial.a(uart_nrfx_uart.c.obj)
 .text.uart_nrfx_err_check
                0x000000000001492c       0x10 zephyr/drivers/serial/libdrivers__serial.a(uart_nrfx_uart.c.obj)
 .text.uart_nrfx_fifo_read
                0x000000000001493c       0x30 zephyr/drivers/serial/libdrivers__serial.a(uart_nrfx_uart.c.obj)
 .text.uart_nrfx_irq_tx_enable
                0x000000000001496c       0x4c zephyr/drivers/serial/libdrivers__serial.a(uart_nrfx_uart.c.obj)
 .text.uart_nrfx_irq_tx_disable
                0x00000000000149b8        0xc zephyr/drivers/serial/libdrivers__serial.a(uart_nrfx_uart.c.obj)
 .text.uart_nrfx_irq_rx_enable
                0x00000000000149c4       0x10 zephyr/drivers/serial/libdrivers__serial.a(uart_nrfx_uart.c.obj)
 .text.uart_nrfx_irq_rx_disable
                0x00000000000149d4       0x10 zephyr/drivers/serial/libdrivers__serial.a(uart_nrfx_uart.c.obj)
 .text.uart_nrfx_irq_rx_ready
                0x00000000000149e4       0x14 zephyr/drivers/serial/libdrivers__serial.a(uart_nrfx_uart.c.obj)
 .text.uart_nrfx_irq_err_enable
                0x00000000000149f8       0x10 zephyr/drivers/serial/libdrivers__serial.a(uart_nrfx_uart.c.obj)
 .text.uart_nrfx_irq_err_disable
                0x0000000000014a08       0x10 zephyr/drivers/serial/libdrivers__serial.a(uart_nrfx_uart.c.obj)
 .text.uart_nrfx_irq_callback_set
                0x0000000000014a18       0x14 zephyr/drivers/serial/libdrivers__serial.a(uart_nrfx_uart.c.obj)
 .text.uart_nrfx_irq_tx_ready_complete
                0x0000000000014a2c       0x28 zephyr/drivers/serial/libdrivers__serial.a(uart_nrfx_uart.c.obj)
 .text.uart_nrfx_irq_is_pending
                0x0000000000014a54       0x34 zephyr/drivers/serial/libdrivers__serial.a(uart_nrfx_uart.c.obj)
 .text.uart_nrfx_isr
                0x0000000000014a88       0x4c zephyr/drivers/serial/libdrivers__serial.a(uart_nrfx_uart.c.obj)
 .text.uart_nrfx_configure
                0x0000000000014ad4      0x168 zephyr/drivers/serial/libdrivers__serial.a(uart_nrfx_uart.c.obj)
 .text.uart_nrfx_init
                0x0000000000014c3c       0x74 zephyr/drivers/serial/libdrivers__serial.a(uart_nrfx_uart.c.obj)
 .text.uart_nrfx_poll_out
                0x0000000000014cb0       0x84 zephyr/drivers/serial/libdrivers__serial.a(uart_nrfx_uart.c.obj)
 .text.uart_nrfx_fifo_fill
                0x0000000000014d34       0x40 zephyr/drivers/serial/libdrivers__serial.a(uart_nrfx_uart.c.obj)
 .text.compare_int_lock
                0x0000000000014d74       0x50 zephyr/drivers/timer/libdrivers__timer.a(nrf_rtc_timer.c.obj)
 .text.sys_clock_timeout_handler
                0x0000000000014dc4       0x78 zephyr/drivers/timer/libdrivers__timer.a(nrf_rtc_timer.c.obj)
 .text.compare_int_unlock
                0x0000000000014e3c       0x5c zephyr/drivers/timer/libdrivers__timer.a(nrf_rtc_timer.c.obj)
 .text.z_nrf_rtc_timer_read
                0x0000000000014e98       0x44 zephyr/drivers/timer/libdrivers__timer.a(nrf_rtc_timer.c.obj)
                0x0000000000014e98                z_nrf_rtc_timer_read
 .text.compare_set
                0x0000000000014edc      0x148 zephyr/drivers/timer/libdrivers__timer.a(nrf_rtc_timer.c.obj)
 .text.sys_clock_driver_init
                0x0000000000015024       0x80 zephyr/drivers/timer/libdrivers__timer.a(nrf_rtc_timer.c.obj)
 .text.rtc_nrf_isr
                0x00000000000150a4       0xec zephyr/drivers/timer/libdrivers__timer.a(nrf_rtc_timer.c.obj)
                0x00000000000150a4                rtc_nrf_isr
 .text.sys_clock_set_timeout
                0x0000000000015190       0x64 zephyr/drivers/timer/libdrivers__timer.a(nrf_rtc_timer.c.obj)
                0x0000000000015190                sys_clock_set_timeout
 .text.sys_clock_elapsed
                0x00000000000151f4       0x14 zephyr/drivers/timer/libdrivers__timer.a(nrf_rtc_timer.c.obj)
                0x00000000000151f4                sys_clock_elapsed
 .text.nrf_gpio_pin_clear
                0x0000000000015208       0x20 zephyr/drivers/pinctrl/libdrivers__pinctrl.a(pinctrl_nrf.c.obj)
 .text.nrf_pin_configure
                0x0000000000015228       0x44 zephyr/drivers/pinctrl/libdrivers__pinctrl.a(pinctrl_nrf.c.obj)
 .text.nrf_gpio_pin_set
                0x000000000001526c       0x20 zephyr/drivers/pinctrl/libdrivers__pinctrl.a(pinctrl_nrf.c.obj)
 .text.nrf52_errata_98
                0x000000000001528c       0x24 modules/hal_nordic/nrfx/libmodules__hal_nordic__nrfx.a(system_nrf52840.c.obj)
 .text.nvmc_wait
                0x00000000000152b0       0x10 modules/hal_nordic/nrfx/libmodules__hal_nordic__nrfx.a(system_nrf52840.c.obj)
                0x00000000000152b0                nvmc_wait
 .text.SystemInit
                0x00000000000152c0      0x1d4 modules/hal_nordic/nrfx/libmodules__hal_nordic__nrfx.a(system_nrf52840.c.obj)
                0x00000000000152c0                SystemInit
 .text.nrfx_flag32_alloc
                0x0000000000015494       0x4c modules/hal_nordic/nrfx/libmodules__hal_nordic__nrfx.a(nrfx_flag32_allocator.c.obj)
                0x0000000000015494                nrfx_flag32_alloc
 .text.nrfx_flag32_free
                0x00000000000154e0       0x44 modules/hal_nordic/nrfx/libmodules__hal_nordic__nrfx.a(nrfx_flag32_allocator.c.obj)
                0x00000000000154e0                nrfx_flag32_free
 .text.clock_stop
                0x0000000000015524       0xa8 modules/hal_nordic/nrfx/libmodules__hal_nordic__nrfx.a(nrfx_clock.c.obj)
 .text.nrfx_clock_init
                0x00000000000155cc       0x20 modules/hal_nordic/nrfx/libmodules__hal_nordic__nrfx.a(nrfx_clock.c.obj)
                0x00000000000155cc                nrfx_clock_init
 .text.nrfx_clock_enable
                0x00000000000155ec       0x24 modules/hal_nordic/nrfx/libmodules__hal_nordic__nrfx.a(nrfx_clock.c.obj)
                0x00000000000155ec                nrfx_clock_enable
 .text.nrfx_clock_irq_handler
                0x0000000000015610       0x68 modules/hal_nordic/nrfx/libmodules__hal_nordic__nrfx.a(nrfx_clock.c.obj)
                0x0000000000015610                nrfx_clock_irq_handler
 .text.nrf_gpio_pin_port_decode
                0x0000000000015678       0x1c modules/hal_nordic/nrfx/libmodules__hal_nordic__nrfx.a(nrfx_gpiote.c.obj)
 .text.pin_in_use_by_te
                0x0000000000015694       0x14 modules/hal_nordic/nrfx/libmodules__hal_nordic__nrfx.a(nrfx_gpiote.c.obj)
 .text.call_handler
                0x00000000000156a8       0x3c modules/hal_nordic/nrfx/libmodules__hal_nordic__nrfx.a(nrfx_gpiote.c.obj)
 .text.release_handler
                0x00000000000156e4       0x54 modules/hal_nordic/nrfx/libmodules__hal_nordic__nrfx.a(nrfx_gpiote.c.obj)
 .text.pin_handler_trigger_uninit
                0x0000000000015738       0x38 modules/hal_nordic/nrfx/libmodules__hal_nordic__nrfx.a(nrfx_gpiote.c.obj)
 .text.nrfx_gpiote_input_configure
                0x0000000000015770      0x15c modules/hal_nordic/nrfx/libmodules__hal_nordic__nrfx.a(nrfx_gpiote.c.obj)
                0x0000000000015770                nrfx_gpiote_input_configure
 .text.nrfx_gpiote_output_configure
                0x00000000000158cc       0xe4 modules/hal_nordic/nrfx/libmodules__hal_nordic__nrfx.a(nrfx_gpiote.c.obj)
                0x00000000000158cc                nrfx_gpiote_output_configure
 .text.nrfx_gpiote_global_callback_set
                0x00000000000159b0        0xc modules/hal_nordic/nrfx/libmodules__hal_nordic__nrfx.a(nrfx_gpiote.c.obj)
                0x00000000000159b0                nrfx_gpiote_global_callback_set
 .text.nrfx_gpiote_channel_get
                0x00000000000159bc       0x2c modules/hal_nordic/nrfx/libmodules__hal_nordic__nrfx.a(nrfx_gpiote.c.obj)
                0x00000000000159bc                nrfx_gpiote_channel_get
 .text.nrfx_gpiote_init
                0x00000000000159e8       0x50 modules/hal_nordic/nrfx/libmodules__hal_nordic__nrfx.a(nrfx_gpiote.c.obj)
                0x00000000000159e8                nrfx_gpiote_init
 .text.nrfx_gpiote_is_init
                0x0000000000015a38       0x14 modules/hal_nordic/nrfx/libmodules__hal_nordic__nrfx.a(nrfx_gpiote.c.obj)
                0x0000000000015a38                nrfx_gpiote_is_init
 .text.nrfx_gpiote_channel_free
                0x0000000000015a4c        0xc modules/hal_nordic/nrfx/libmodules__hal_nordic__nrfx.a(nrfx_gpiote.c.obj)
                0x0000000000015a4c                nrfx_gpiote_channel_free
 .text.nrfx_gpiote_channel_alloc
                0x0000000000015a58        0xc modules/hal_nordic/nrfx/libmodules__hal_nordic__nrfx.a(nrfx_gpiote.c.obj)
                0x0000000000015a58                nrfx_gpiote_channel_alloc
 .text.nrfx_gpiote_trigger_enable
                0x0000000000015a64       0x90 modules/hal_nordic/nrfx/libmodules__hal_nordic__nrfx.a(nrfx_gpiote.c.obj)
                0x0000000000015a64                nrfx_gpiote_trigger_enable
 .text.nrfx_gpiote_trigger_disable
                0x0000000000015af4       0x50 modules/hal_nordic/nrfx/libmodules__hal_nordic__nrfx.a(nrfx_gpiote.c.obj)
                0x0000000000015af4                nrfx_gpiote_trigger_disable
 .text.nrfx_gpiote_pin_uninit
                0x0000000000015b44       0x48 modules/hal_nordic/nrfx/libmodules__hal_nordic__nrfx.a(nrfx_gpiote.c.obj)
                0x0000000000015b44                nrfx_gpiote_pin_uninit
 .text.nrfx_gpiote_irq_handler
                0x0000000000015b8c      0x1ac modules/hal_nordic/nrfx/libmodules__hal_nordic__nrfx.a(nrfx_gpiote.c.obj)
                0x0000000000015b8c                nrfx_gpiote_irq_handler
 .text.nrfx_power_init
                0x0000000000015d38       0x74 modules/hal_nordic/nrfx/libmodules__hal_nordic__nrfx.a(nrfx_power.c.obj)
                0x0000000000015d38                nrfx_power_init
 .text.nrfx_power_usbevt_uninit
                0x0000000000015dac       0x18 modules/hal_nordic/nrfx/libmodules__hal_nordic__nrfx.a(nrfx_power.c.obj)
                0x0000000000015dac                nrfx_power_usbevt_uninit
 .text.nrfx_power_usbevt_init
                0x0000000000015dc4       0x14 modules/hal_nordic/nrfx/libmodules__hal_nordic__nrfx.a(nrfx_power.c.obj)
                0x0000000000015dc4                nrfx_power_usbevt_init
 .text.nrfx_power_irq_handler
                0x0000000000015dd8       0xa0 modules/hal_nordic/nrfx/libmodules__hal_nordic__nrfx.a(nrfx_power.c.obj)
                0x0000000000015dd8                nrfx_power_irq_handler
 .text.nrf_gpio_pin_port_decode
                0x0000000000015e78       0x1c modules/hal_nordic/nrfx/libmodules__hal_nordic__nrfx.a(nrfx_spim.c.obj)
 .text.nrfx_spim_init
                0x0000000000015e94      0x184 modules/hal_nordic/nrfx/libmodules__hal_nordic__nrfx.a(nrfx_spim.c.obj)
                0x0000000000015e94                nrfx_spim_init
 .text.nrfx_spim_uninit
                0x0000000000016018       0x90 modules/hal_nordic/nrfx/libmodules__hal_nordic__nrfx.a(nrfx_spim.c.obj)
                0x0000000000016018                nrfx_spim_uninit
 .text.nrfx_spim_xfer
                0x00000000000160a8       0xf0 modules/hal_nordic/nrfx/libmodules__hal_nordic__nrfx.a(nrfx_spim.c.obj)
                0x00000000000160a8                nrfx_spim_xfer
 .text.nrfx_spim_2_irq_handler
                0x0000000000016198       0x3c modules/hal_nordic/nrfx/libmodules__hal_nordic__nrfx.a(nrfx_spim.c.obj)
                0x0000000000016198                nrfx_spim_2_irq_handler
 .text.twim_irq_handler
                0x00000000000161d4      0x17c modules/hal_nordic/nrfx/libmodules__hal_nordic__nrfx.a(nrfx_twim.c.obj)
 .text.nrfx_twim_init
                0x0000000000016350       0xc4 modules/hal_nordic/nrfx/libmodules__hal_nordic__nrfx.a(nrfx_twim.c.obj)
                0x0000000000016350                nrfx_twim_init
 .text.nrfx_twim_enable
                0x0000000000016414       0x20 modules/hal_nordic/nrfx/libmodules__hal_nordic__nrfx.a(nrfx_twim.c.obj)
                0x0000000000016414                nrfx_twim_enable
 .text.nrfx_twim_disable
                0x0000000000016434       0x3c modules/hal_nordic/nrfx/libmodules__hal_nordic__nrfx.a(nrfx_twim.c.obj)
                0x0000000000016434                nrfx_twim_disable
 .text.nrfx_twim_uninit
                0x0000000000016470       0x88 modules/hal_nordic/nrfx/libmodules__hal_nordic__nrfx.a(nrfx_twim.c.obj)
                0x0000000000016470                nrfx_twim_uninit
 .text.nrfx_twim_xfer
                0x00000000000164f8      0x2fc modules/hal_nordic/nrfx/libmodules__hal_nordic__nrfx.a(nrfx_twim.c.obj)
                0x00000000000164f8                nrfx_twim_xfer
 .text.nrfx_twim_0_irq_handler
                0x00000000000167f4       0x10 modules/hal_nordic/nrfx/libmodules__hal_nordic__nrfx.a(nrfx_twim.c.obj)
                0x00000000000167f4                nrfx_twim_0_irq_handler
 .text.nrfx_twim_1_irq_handler
                0x0000000000016804       0x10 modules/hal_nordic/nrfx/libmodules__hal_nordic__nrfx.a(nrfx_twim.c.obj)
                0x0000000000016804                nrfx_twim_1_irq_handler
 .text.nrf52_errata_187
                0x0000000000016814       0x28 modules/hal_nordic/nrfx/libmodules__hal_nordic__nrfx.a(nrfx_usbd.c.obj)
 .text.ep_state_access
                0x000000000001683c       0x1c modules/hal_nordic/nrfx/libmodules__hal_nordic__nrfx.a(nrfx_usbd.c.obj)
 .text.usbd_dma_pending_clear
                0x0000000000016858       0x20 modules/hal_nordic/nrfx/libmodules__hal_nordic__nrfx.a(nrfx_usbd.c.obj)
 .text.ev_usbreset_handler
                0x0000000000016878       0x34 modules/hal_nordic/nrfx/libmodules__hal_nordic__nrfx.a(nrfx_usbd.c.obj)
 .text.ev_usbevent_handler
                0x00000000000168ac       0x94 modules/hal_nordic/nrfx/libmodules__hal_nordic__nrfx.a(nrfx_usbd.c.obj)
 .text.usbd_errata_187_211_begin
                0x0000000000016940       0x40 modules/hal_nordic/nrfx/libmodules__hal_nordic__nrfx.a(nrfx_usbd.c.obj)
 .text.usbd_errata_187_211_end
                0x0000000000016980       0x40 modules/hal_nordic/nrfx/libmodules__hal_nordic__nrfx.a(nrfx_usbd.c.obj)
 .text.nrfx_usbd_feeder_flash
                0x00000000000169c0       0x38 modules/hal_nordic/nrfx/libmodules__hal_nordic__nrfx.a(nrfx_usbd.c.obj)
                0x00000000000169c0                nrfx_usbd_feeder_flash
 .text.nrfx_usbd_feeder_flash_zlp
                0x00000000000169f8       0x3c modules/hal_nordic/nrfx/libmodules__hal_nordic__nrfx.a(nrfx_usbd.c.obj)
                0x00000000000169f8                nrfx_usbd_feeder_flash_zlp
 .text.ev_sof_handler
                0x0000000000016a34       0x44 modules/hal_nordic/nrfx/libmodules__hal_nordic__nrfx.a(nrfx_usbd.c.obj)
 .text.atomic_and.constprop.0.isra.0
                0x0000000000016a78       0x20 modules/hal_nordic/nrfx/libmodules__hal_nordic__nrfx.a(nrfx_usbd.c.obj)
 .text.nrf_usbd_ep0in_dma_handler
                0x0000000000016a98       0x2c modules/hal_nordic/nrfx/libmodules__hal_nordic__nrfx.a(nrfx_usbd.c.obj)
 .text.usbd_ep_data_handler
                0x0000000000016ac4       0x8c modules/hal_nordic/nrfx/libmodules__hal_nordic__nrfx.a(nrfx_usbd.c.obj)
 .text.ev_setup_data_handler
                0x0000000000016b50       0x1c modules/hal_nordic/nrfx/libmodules__hal_nordic__nrfx.a(nrfx_usbd.c.obj)
 .text.ev_dma_epout8_handler
                0x0000000000016b6c       0x40 modules/hal_nordic/nrfx/libmodules__hal_nordic__nrfx.a(nrfx_usbd.c.obj)
 .text.ev_dma_epin8_handler
                0x0000000000016bac       0x50 modules/hal_nordic/nrfx/libmodules__hal_nordic__nrfx.a(nrfx_usbd.c.obj)
 .text.nrfx_usbd_uninit
                0x0000000000016bfc       0x14 modules/hal_nordic/nrfx/libmodules__hal_nordic__nrfx.a(nrfx_usbd.c.obj)
                0x0000000000016bfc                nrfx_usbd_uninit
 .text.nrfx_usbd_enable
                0x0000000000016c10      0x13c modules/hal_nordic/nrfx/libmodules__hal_nordic__nrfx.a(nrfx_usbd.c.obj)
                0x0000000000016c10                nrfx_usbd_enable
 .text.nrfx_usbd_start
                0x0000000000016d4c       0x3c modules/hal_nordic/nrfx/libmodules__hal_nordic__nrfx.a(nrfx_usbd.c.obj)
                0x0000000000016d4c                nrfx_usbd_start
 .text.nrfx_usbd_is_enabled
                0x0000000000016d88       0x14 modules/hal_nordic/nrfx/libmodules__hal_nordic__nrfx.a(nrfx_usbd.c.obj)
                0x0000000000016d88                nrfx_usbd_is_enabled
 .text.nrfx_usbd_init
                0x0000000000016d9c       0x8c modules/hal_nordic/nrfx/libmodules__hal_nordic__nrfx.a(nrfx_usbd.c.obj)
                0x0000000000016d9c                nrfx_usbd_init
 .text.nrfx_usbd_ep_transfer
                0x0000000000016e28       0xf4 modules/hal_nordic/nrfx/libmodules__hal_nordic__nrfx.a(nrfx_usbd.c.obj)
                0x0000000000016e28                nrfx_usbd_ep_transfer
 .text.nrfx_usbd_epout_size_get
                0x0000000000016f1c       0x28 modules/hal_nordic/nrfx/libmodules__hal_nordic__nrfx.a(nrfx_usbd.c.obj)
                0x0000000000016f1c                nrfx_usbd_epout_size_get
 .text.usbd_dmareq_process
                0x0000000000016f44      0x180 modules/hal_nordic/nrfx/libmodules__hal_nordic__nrfx.a(nrfx_usbd.c.obj)
 .text.ev_epdata_handler
                0x00000000000170c4       0x44 modules/hal_nordic/nrfx/libmodules__hal_nordic__nrfx.a(nrfx_usbd.c.obj)
 .text.nrf_usbd_epout_dma_handler
                0x0000000000017108       0x64 modules/hal_nordic/nrfx/libmodules__hal_nordic__nrfx.a(nrfx_usbd.c.obj)
 .text.nrfx_usbd_ep_stall
                0x000000000001716c       0x10 modules/hal_nordic/nrfx/libmodules__hal_nordic__nrfx.a(nrfx_usbd.c.obj)
                0x000000000001716c                nrfx_usbd_ep_stall
 .text.nrfx_usbd_ep_stall_check
                0x000000000001717c       0x34 modules/hal_nordic/nrfx/libmodules__hal_nordic__nrfx.a(nrfx_usbd.c.obj)
                0x000000000001717c                nrfx_usbd_ep_stall_check
 .text.nrfx_usbd_ep_dtoggle_clear
                0x00000000000171b0       0x18 modules/hal_nordic/nrfx/libmodules__hal_nordic__nrfx.a(nrfx_usbd.c.obj)
                0x00000000000171b0                nrfx_usbd_ep_dtoggle_clear
 .text.nrfx_usbd_setup_get
                0x00000000000171c8       0x4c modules/hal_nordic/nrfx/libmodules__hal_nordic__nrfx.a(nrfx_usbd.c.obj)
                0x00000000000171c8                nrfx_usbd_setup_get
 .text.nrfx_usbd_setup_data_clear
                0x0000000000017214       0x10 modules/hal_nordic/nrfx/libmodules__hal_nordic__nrfx.a(nrfx_usbd.c.obj)
                0x0000000000017214                nrfx_usbd_setup_data_clear
 .text.ev_dma_epout0_handler
                0x0000000000017224       0x50 modules/hal_nordic/nrfx/libmodules__hal_nordic__nrfx.a(nrfx_usbd.c.obj)
 .text.nrfx_usbd_setup_clear
                0x0000000000017274       0x10 modules/hal_nordic/nrfx/libmodules__hal_nordic__nrfx.a(nrfx_usbd.c.obj)
                0x0000000000017274                nrfx_usbd_setup_clear
 .text.nrfx_usbd_setup_stall
                0x0000000000017284       0x10 modules/hal_nordic/nrfx/libmodules__hal_nordic__nrfx.a(nrfx_usbd.c.obj)
                0x0000000000017284                nrfx_usbd_setup_stall
 .text.nrfx_usbd_last_setup_dir_get
                0x0000000000017294        0xc modules/hal_nordic/nrfx/libmodules__hal_nordic__nrfx.a(nrfx_usbd.c.obj)
                0x0000000000017294                nrfx_usbd_last_setup_dir_get
 .text.nrfx_usbd_transfer_out_drop
                0x00000000000172a0       0x54 modules/hal_nordic/nrfx/libmodules__hal_nordic__nrfx.a(nrfx_usbd.c.obj)
                0x00000000000172a0                nrfx_usbd_transfer_out_drop
 .text.usbd_ep_abort
                0x00000000000172f4       0xf4 modules/hal_nordic/nrfx/libmodules__hal_nordic__nrfx.a(nrfx_usbd.c.obj)
 .text.ev_setup_handler
                0x00000000000173e8       0x74 modules/hal_nordic/nrfx/libmodules__hal_nordic__nrfx.a(nrfx_usbd.c.obj)
 .text.nrfx_usbd_irq_handler
                0x000000000001745c       0x7c modules/hal_nordic/nrfx/libmodules__hal_nordic__nrfx.a(nrfx_usbd.c.obj)
                0x000000000001745c                nrfx_usbd_irq_handler
 .text.usbd_ep_abort_all
                0x00000000000174d8       0x50 modules/hal_nordic/nrfx/libmodules__hal_nordic__nrfx.a(nrfx_usbd.c.obj)
 .text.nrfx_usbd_stop
                0x0000000000017528       0x3c modules/hal_nordic/nrfx/libmodules__hal_nordic__nrfx.a(nrfx_usbd.c.obj)
                0x0000000000017528                nrfx_usbd_stop
 .text.nrfx_usbd_disable
                0x0000000000017564       0x30 modules/hal_nordic/nrfx/libmodules__hal_nordic__nrfx.a(nrfx_usbd.c.obj)
                0x0000000000017564                nrfx_usbd_disable
 .text.nrfx_usbd_suspend
                0x0000000000017594       0x60 modules/hal_nordic/nrfx/libmodules__hal_nordic__nrfx.a(nrfx_usbd.c.obj)
                0x0000000000017594                nrfx_usbd_suspend
 .text.nrfx_usbd_ep_disable
                0x00000000000175f4       0x58 modules/hal_nordic/nrfx/libmodules__hal_nordic__nrfx.a(nrfx_usbd.c.obj)
                0x00000000000175f4                nrfx_usbd_ep_disable
 .text.nrfx_usbd_ep_enable
                0x000000000001764c       0xa4 modules/hal_nordic/nrfx/libmodules__hal_nordic__nrfx.a(nrfx_usbd.c.obj)
                0x000000000001764c                nrfx_usbd_ep_enable
 .text.nrfx_usbd_ep_stall_clear
                0x00000000000176f0       0x20 modules/hal_nordic/nrfx/libmodules__hal_nordic__nrfx.a(nrfx_usbd.c.obj)
                0x00000000000176f0                nrfx_usbd_ep_stall_clear
 .text.nrf_gpio_pin_port_decode
                0x0000000000017710       0x1c modules/hal_nordic/nrfx/libmodules__hal_nordic__nrfx.a(nrfx_twi_twim.c.obj)
 .text.nrfx_twi_twim_bus_recover
                0x000000000001772c       0xc8 modules/hal_nordic/nrfx/libmodules__hal_nordic__nrfx.a(nrfx_twi_twim.c.obj)
                0x000000000001772c                nrfx_twi_twim_bus_recover
 .text.VL53L0X_SetDeviceMode
                0x00000000000177f4       0x20 modules/st/lib..__modules__hal__st.a(vl53l0x_api.c.obj)
                0x00000000000177f4                VL53L0X_SetDeviceMode
 .text.VL53L0X_DataInit
                0x0000000000017814      0x15c modules/st/lib..__modules__hal__st.a(vl53l0x_api.c.obj)
                0x0000000000017814                VL53L0X_DataInit
 .text.VL53L0X_GetInterruptThresholds
                0x0000000000017970       0x40 modules/st/lib..__modules__hal__st.a(vl53l0x_api.c.obj)
                0x0000000000017970                VL53L0X_GetInterruptThresholds
 .text.VL53L0X_CheckAndLoadInterruptSettings
                0x00000000000179b0       0x80 modules/st/lib..__modules__hal__st.a(vl53l0x_api.c.obj)
                0x00000000000179b0                VL53L0X_CheckAndLoadInterruptSettings
 .text.VL53L0X_StaticInit
                0x0000000000017a30      0x1a8 modules/st/lib..__modules__hal__st.a(vl53l0x_api.c.obj)
                0x0000000000017a30                VL53L0X_StaticInit
 .text.is_aperture
                0x0000000000017bd8       0x14 modules/st/lib..__modules__hal__st.a(vl53l0x_api_calibration.c.obj)
                0x0000000000017bd8                is_aperture
 .text.VL53L0X_calc_timeout_mclks
                0x0000000000017bec       0x28 modules/st/lib..__modules__hal__st.a(vl53l0x_api_core.c.obj)
                0x0000000000017bec                VL53L0X_calc_timeout_mclks
 .text.VL53L0X_calc_timeout_us
                0x0000000000017c14       0x20 modules/st/lib..__modules__hal__st.a(vl53l0x_api_core.c.obj)
                0x0000000000017c14                VL53L0X_calc_timeout_us
 .text.VL53L0X_calc_dmax
                0x0000000000017c34       0xdc modules/st/lib..__modules__hal__st.a(vl53l0x_api_core.c.obj)
                0x0000000000017c34                VL53L0X_calc_dmax
 .text.VL53L0X_calc_sigma_estimate
                0x0000000000017d10      0x220 modules/st/lib..__modules__hal__st.a(vl53l0x_api_core.c.obj)
                0x0000000000017d10                VL53L0X_calc_sigma_estimate
 .text.VL53L0X_check_part_used
                0x0000000000017f30       0x38 modules/st/lib..__modules__hal__st.a(vl53l0x_api_strings.c.obj)
                0x0000000000017f30                VL53L0X_check_part_used
 .text.VL53L0X_get_device_info
                0x0000000000017f68       0x84 modules/st/lib..__modules__hal__st.a(vl53l0x_api_strings.c.obj)
                0x0000000000017f68                VL53L0X_get_device_info
 .text.z_sys_init_run_level
                0x0000000000017fec       0x40 zephyr/kernel/libkernel.a(device.c.obj)
                0x0000000000017fec                z_sys_init_run_level
 .text.z_impl_device_get_binding
                0x000000000001802c       0x54 zephyr/kernel/libkernel.a(device.c.obj)
                0x000000000001802c                z_impl_device_get_binding
 .text.bg_thread_main
                0x0000000000018080       0x34 zephyr/kernel/libkernel.a(init.c.obj)
 .text.z_bss_zero
                0x00000000000180b4       0x18 zephyr/kernel/libkernel.a(init.c.obj)
                0x00000000000180b4                z_bss_zero
 .text.z_init_cpu
                0x00000000000180cc       0x70 zephyr/kernel/libkernel.a(init.c.obj)
                0x00000000000180cc                z_init_cpu
 .text.z_cstart
                0x000000000001813c       0xd4 zephyr/kernel/libkernel.a(init.c.obj)
                0x000000000001813c                z_cstart
 .text.init_mem_slab_module
                0x0000000000018210       0x44 zephyr/kernel/libkernel.a(mem_slab.c.obj)
 .text.k_mem_slab_alloc
                0x0000000000018254       0x5c zephyr/kernel/libkernel.a(mem_slab.c.obj)
                0x0000000000018254                k_mem_slab_alloc
 .text.z_setup_new_thread
                0x00000000000182b0       0x64 zephyr/kernel/libkernel.a(thread.c.obj)
                0x00000000000182b0                z_setup_new_thread
 .text.z_impl_k_thread_create
                0x0000000000018314       0x58 zephyr/kernel/libkernel.a(thread.c.obj)
                0x0000000000018314                z_impl_k_thread_create
 .text.z_init_static_threads
                0x000000000001836c       0xb8 zephyr/kernel/libkernel.a(thread.c.obj)
                0x000000000001836c                z_init_static_threads
 .text.idle     0x0000000000018424       0x38 zephyr/kernel/libkernel.a(idle.c.obj)
                0x0000000000018424                idle
 .text.z_impl_k_mutex_lock
                0x000000000001845c       0xf0 zephyr/kernel/libkernel.a(mutex.c.obj)
                0x000000000001845c                z_impl_k_mutex_lock
 .text.z_impl_k_mutex_unlock
                0x000000000001854c       0x78 zephyr/kernel/libkernel.a(mutex.c.obj)
                0x000000000001854c                z_impl_k_mutex_unlock
 .text.z_impl_k_queue_get
                0x00000000000185c4       0x68 zephyr/kernel/libkernel.a(queue.c.obj)
                0x00000000000185c4                z_impl_k_queue_get
 .text.z_impl_k_sem_give
                0x000000000001862c       0x40 zephyr/kernel/libkernel.a(sem.c.obj)
                0x000000000001862c                z_impl_k_sem_give
 .text.z_impl_k_sem_take
                0x000000000001866c       0x50 zephyr/kernel/libkernel.a(sem.c.obj)
                0x000000000001866c                z_impl_k_sem_take
 .text.work_queue_main
                0x00000000000186bc      0x12c zephyr/kernel/libkernel.a(work.c.obj)
 .text.submit_to_queue_locked
                0x00000000000187e8       0xa0 zephyr/kernel/libkernel.a(work.c.obj)
 .text.k_work_queue_start
                0x0000000000018888       0x70 zephyr/kernel/libkernel.a(work.c.obj)
                0x0000000000018888                k_work_queue_start
 .text.k_work_schedule_for_queue
                0x00000000000188f8       0x54 zephyr/kernel/libkernel.a(work.c.obj)
                0x00000000000188f8                k_work_schedule_for_queue
 .text.k_work_schedule
                0x000000000001894c        0xc zephyr/kernel/libkernel.a(work.c.obj)
                0x000000000001894c                k_work_schedule
 .text.z_reset_time_slice
                0x0000000000018958       0x28 zephyr/kernel/libkernel.a(sched.c.obj)
                0x0000000000018958                z_reset_time_slice
 .text.k_sched_time_slice_set
                0x0000000000018980       0x64 zephyr/kernel/libkernel.a(sched.c.obj)
                0x0000000000018980                k_sched_time_slice_set
 .text.z_reschedule
                0x00000000000189e4       0x24 zephyr/kernel/libkernel.a(sched.c.obj)
                0x00000000000189e4                z_reschedule
 .text.k_sched_lock
                0x0000000000018a08       0x28 zephyr/kernel/libkernel.a(sched.c.obj)
                0x0000000000018a08                k_sched_lock
 .text.update_cache
                0x0000000000018a30       0x40 zephyr/kernel/libkernel.a(sched.c.obj)
 .text.move_thread_to_end_of_prio_q
                0x0000000000018a70       0x74 zephyr/kernel/libkernel.a(sched.c.obj)
 .text.z_time_slice
                0x0000000000018ae4       0x84 zephyr/kernel/libkernel.a(sched.c.obj)
                0x0000000000018ae4                z_time_slice
 .text.ready_thread
                0x0000000000018b68       0x6c zephyr/kernel/libkernel.a(sched.c.obj)
 .text.z_sched_start
                0x0000000000018bd4       0x3c zephyr/kernel/libkernel.a(sched.c.obj)
                0x0000000000018bd4                z_sched_start
 .text.unready_thread
                0x0000000000018c10       0x30 zephyr/kernel/libkernel.a(sched.c.obj)
 .text.pend     0x0000000000018c40       0x4c zephyr/kernel/libkernel.a(sched.c.obj)
 .text.z_pend_curr
                0x0000000000018c8c       0x28 zephyr/kernel/libkernel.a(sched.c.obj)
                0x0000000000018c8c                z_pend_curr
 .text.z_set_prio
                0x0000000000018cb4       0x90 zephyr/kernel/libkernel.a(sched.c.obj)
                0x0000000000018cb4                z_set_prio
 .text.z_impl_k_thread_suspend
                0x0000000000018d44       0x64 zephyr/kernel/libkernel.a(sched.c.obj)
                0x0000000000018d44                z_impl_k_thread_suspend
 .text.k_sched_unlock
                0x0000000000018da8       0x38 zephyr/kernel/libkernel.a(sched.c.obj)
                0x0000000000018da8                k_sched_unlock
 .text.z_sched_init
                0x0000000000018de0       0x18 zephyr/kernel/libkernel.a(sched.c.obj)
                0x0000000000018de0                z_sched_init
 .text.z_impl_k_yield
                0x0000000000018df8       0x80 zephyr/kernel/libkernel.a(sched.c.obj)
                0x0000000000018df8                z_impl_k_yield
 .text.z_tick_sleep
                0x0000000000018e78       0x90 zephyr/kernel/libkernel.a(sched.c.obj)
 .text.z_impl_k_sleep
                0x0000000000018f08       0x34 zephyr/kernel/libkernel.a(sched.c.obj)
                0x0000000000018f08                z_impl_k_sleep
 .text.z_impl_z_current_get
                0x0000000000018f3c        0xc zephyr/kernel/libkernel.a(sched.c.obj)
                0x0000000000018f3c                z_impl_z_current_get
 .text.z_thread_abort
                0x0000000000018f48       0xa4 zephyr/kernel/libkernel.a(sched.c.obj)
                0x0000000000018f48                z_thread_abort
 .text.z_sched_wait
                0x0000000000018fec       0x24 zephyr/kernel/libkernel.a(sched.c.obj)
                0x0000000000018fec                z_sched_wait
 .text.z_data_copy
                0x0000000000019010       0x34 zephyr/kernel/libkernel.a(xip.c.obj)
                0x0000000000019010                z_data_copy
 .text.elapsed  0x0000000000019044       0x14 zephyr/kernel/libkernel.a(timeout.c.obj)
 .text.next_timeout
                0x0000000000019058       0x4c zephyr/kernel/libkernel.a(timeout.c.obj)
 .text.remove_timeout
                0x00000000000190a4       0x34 zephyr/kernel/libkernel.a(timeout.c.obj)
 .text.z_add_timeout
                0x00000000000190d8       0xf4 zephyr/kernel/libkernel.a(timeout.c.obj)
                0x00000000000190d8                z_add_timeout
 .text.sys_clock_announce
                0x00000000000191cc       0xb8 zephyr/kernel/libkernel.a(timeout.c.obj)
                0x00000000000191cc                sys_clock_announce
 .text.sys_clock_tick_get
                0x0000000000019284       0x30 zephyr/kernel/libkernel.a(timeout.c.obj)
                0x0000000000019284                sys_clock_tick_get
 .text.z_timer_expiration_handler
                0x00000000000192b4       0x8c zephyr/kernel/libkernel.a(timer.c.obj)
                0x00000000000192b4                z_timer_expiration_handler
 .text.z_impl_k_timer_start
                0x0000000000019340       0xa4 zephyr/kernel/libkernel.a(timer.c.obj)
                0x0000000000019340                z_impl_k_timer_start
 .text.z_thread_aligned_alloc
                0x00000000000193e4       0x40 zephyr/kernel/libkernel.a(mempool.c.obj)
                0x00000000000193e4                z_thread_aligned_alloc
 .text.boot_banner
                0x0000000000019424       0x18 zephyr/kernel/libkernel.a(banner.c.obj)
                0x0000000000019424                boot_banner
 .text.statics_init
                0x000000000001943c       0x24 zephyr/kernel/libkernel.a(kheap.c.obj)
 .text.k_sys_work_q_init
                0x0000000000019460       0x34 zephyr/kernel/libkernel.a(system_work_q.c.obj)
 .text._OffsetAbsSyms
                0x0000000000019494        0x2 zephyr/CMakeFiles/offsets.dir/./arch/arm/core/offsets/offsets.c.obj
                0x0000000000019494                _OffsetAbsSyms
 .text.timer_handler
                0x0000000000019496        0x4 app/libapp.a(main.c.obj)
                0x0000000000019496                timer_handler
 .text.sys_notify_validate
                0x000000000001949a       0x22 zephyr/libzephyr.a(notify.c.obj)
                0x000000000001949a                sys_notify_validate
 .text.sys_notify_finalize
                0x00000000000194bc       0x1a zephyr/libzephyr.a(notify.c.obj)
                0x00000000000194bc                sys_notify_finalize
 .text.arch_printk_char_out
                0x00000000000194d6        0x4 zephyr/libzephyr.a(printk.c.obj)
                0x00000000000194d6                arch_printk_char_out
 .text.printk   0x00000000000194da       0x1a zephyr/libzephyr.a(printk.c.obj)
                0x00000000000194da                printk
 .text.sys_slist_find_and_remove
                0x00000000000194f4       0x34 zephyr/libzephyr.a(onoff.c.obj)
 .text.process_recheck
                0x0000000000019528       0x38 zephyr/libzephyr.a(onoff.c.obj)
 .text.notify_one
                0x0000000000019560       0x2c zephyr/libzephyr.a(onoff.c.obj)
 .text.transition_complete
                0x000000000001958c       0x1c zephyr/libzephyr.a(onoff.c.obj)
 .text.validate_args
                0x00000000000195a8       0x1e zephyr/libzephyr.a(onoff.c.obj)
 .text.onoff_manager_init
                0x00000000000195c6       0x26 zephyr/libzephyr.a(onoff.c.obj)
                0x00000000000195c6                onoff_manager_init
 .text.onoff_request
                0x00000000000195ec       0x92 zephyr/libzephyr.a(onoff.c.obj)
                0x00000000000195ec                onoff_request
 .text.onoff_release
                0x000000000001967e       0x4a zephyr/libzephyr.a(onoff.c.obj)
                0x000000000001967e                onoff_release
 .text.onoff_cancel
                0x00000000000196c8       0x38 zephyr/libzephyr.a(onoff.c.obj)
                0x00000000000196c8                onoff_cancel
 .text.onoff_sync_lock
                0x0000000000019700       0x16 zephyr/libzephyr.a(onoff.c.obj)
                0x0000000000019700                onoff_sync_lock
 .text.onoff_sync_finalize
                0x0000000000019716       0x42 zephyr/libzephyr.a(onoff.c.obj)
                0x0000000000019716                onoff_sync_finalize
 .text.z_thread_entry
                0x0000000000019758       0x14 zephyr/libzephyr.a(thread_entry.c.obj)
                0x0000000000019758                z_thread_entry
 .text.chunk_size
                0x000000000001976c        0xa zephyr/libzephyr.a(heap.c.obj)
 .text.free_list_add
                0x0000000000019776       0x4e zephyr/libzephyr.a(heap.c.obj)
 .text.free_list_remove_bidx
                0x00000000000197c4       0x3a zephyr/libzephyr.a(heap.c.obj)
 .text.free_list_remove
                0x00000000000197fe       0x1a zephyr/libzephyr.a(heap.c.obj)
 .text.alloc_chunk
                0x0000000000019818       0x6c zephyr/libzephyr.a(heap.c.obj)
 .text.merge_chunks
                0x0000000000019884       0x2c zephyr/libzephyr.a(heap.c.obj)
 .text.split_chunks
                0x00000000000198b0       0x34 zephyr/libzephyr.a(heap.c.obj)
 .text.free_chunk
                0x00000000000198e4       0x62 zephyr/libzephyr.a(heap.c.obj)
 .text.sys_heap_free
                0x0000000000019946       0x1e zephyr/libzephyr.a(heap.c.obj)
                0x0000000000019946                sys_heap_free
 .text.sys_heap_alloc
                0x0000000000019964       0x52 zephyr/libzephyr.a(heap.c.obj)
                0x0000000000019964                sys_heap_alloc
 .text.sys_heap_aligned_alloc
                0x00000000000199b6       0xd0 zephyr/libzephyr.a(heap.c.obj)
                0x00000000000199b6                sys_heap_aligned_alloc
 .text.sys_heap_init
                0x0000000000019a86       0x72 zephyr/libzephyr.a(heap.c.obj)
                0x0000000000019a86                sys_heap_init
 .text.encode_uint
                0x0000000000019af8       0x8c zephyr/libzephyr.a(cbprintf_complete.c.obj)
 .text.outs     0x0000000000019b84       0x2c zephyr/libzephyr.a(cbprintf_complete.c.obj)
 .text.ring_buf_put_claim
                0x0000000000019bb0       0x3e zephyr/libzephyr.a(ring_buffer.c.obj)
                0x0000000000019bb0                ring_buf_put_claim
 .text.ring_buf_put_finish
                0x0000000000019bee       0x28 zephyr/libzephyr.a(ring_buffer.c.obj)
                0x0000000000019bee                ring_buf_put_finish
 .text.ring_buf_put
                0x0000000000019c16       0x3e zephyr/libzephyr.a(ring_buffer.c.obj)
                0x0000000000019c16                ring_buf_put
 .text.ring_buf_get_claim
                0x0000000000019c54       0x3e zephyr/libzephyr.a(ring_buffer.c.obj)
                0x0000000000019c54                ring_buf_get_claim
 .text.ring_buf_get_finish
                0x0000000000019c92       0x28 zephyr/libzephyr.a(ring_buffer.c.obj)
                0x0000000000019c92                ring_buf_get_finish
 .text.ring_buf_get
                0x0000000000019cba       0x40 zephyr/libzephyr.a(ring_buffer.c.obj)
                0x0000000000019cba                ring_buf_get
 .text._ConfigAbsSyms
                0x0000000000019cfa        0x2 zephyr/libzephyr.a(configs.c.obj)
                0x0000000000019cfa                _ConfigAbsSyms
 .text.usb_write
                0x0000000000019cfc       0x30 zephyr/libzephyr.a(usb_device.c.obj)
                0x0000000000019cfc                usb_write
 .text.usb_get_dev_data_by_cfg
                0x0000000000019d2c       0x18 zephyr/libzephyr.a(usb_descriptor.c.obj)
                0x0000000000019d2c                usb_get_dev_data_by_cfg
 .text.usb_get_dev_data_by_iface
                0x0000000000019d44       0x1c zephyr/libzephyr.a(usb_descriptor.c.obj)
                0x0000000000019d44                usb_get_dev_data_by_iface
 .text.usb_get_dev_data_by_ep
                0x0000000000019d60       0x2c zephyr/libzephyr.a(usb_descriptor.c.obj)
                0x0000000000019d60                usb_get_dev_data_by_ep
 .text.usb_transfer_is_busy
                0x0000000000019d8c       0x16 zephyr/libzephyr.a(usb_transfer.c.obj)
                0x0000000000019d8c                usb_transfer_is_busy
 .text.cdc_interface_config
                0x0000000000019da2       0x14 zephyr/libzephyr.a(cdc_acm.c.obj)
 .text.cdc_acm_irq_callback_work_handler
                0x0000000000019db6        0x8 zephyr/libzephyr.a(cdc_acm.c.obj)
 .text.cdc_acm_irq_tx_disable
                0x0000000000019dbe        0xa zephyr/libzephyr.a(cdc_acm.c.obj)
 .text.cdc_acm_irq_tx_ready
                0x0000000000019dc8        0xe zephyr/libzephyr.a(cdc_acm.c.obj)
 .text.cdc_acm_irq_rx_disable
                0x0000000000019dd6        0xa zephyr/libzephyr.a(cdc_acm.c.obj)
 .text.cdc_acm_irq_rx_ready
                0x0000000000019de0        0x8 zephyr/libzephyr.a(cdc_acm.c.obj)
 .text.cdc_acm_irq_is_pending
                0x0000000000019de8       0x1e zephyr/libzephyr.a(cdc_acm.c.obj)
 .text.cdc_acm_irq_update
                0x0000000000019e06        0x4 zephyr/libzephyr.a(cdc_acm.c.obj)
 .text.cdc_acm_irq_callback_set
                0x0000000000019e0a        0x8 zephyr/libzephyr.a(cdc_acm.c.obj)
 .text.cdc_acm_line_ctrl_get
                0x0000000000019e12       0x30 zephyr/libzephyr.a(cdc_acm.c.obj)
 .text.cdc_acm_fifo_read
                0x0000000000019e42       0x1c zephyr/libzephyr.a(cdc_acm.c.obj)
 .text.cdc_acm_poll_in
                0x0000000000019e5e       0x12 zephyr/libzephyr.a(cdc_acm.c.obj)
 .text.cdc_acm_line_ctrl_set
                0x0000000000019e70       0xc4 zephyr/libzephyr.a(cdc_acm.c.obj)
 .text.z_arm_fatal_error
                0x0000000000019f34        0x4 zephyr/arch/arch/arm/core/aarch32/libarch__arm__core__aarch32.a(fatal.c.obj)
                0x0000000000019f34                z_arm_fatal_error
 .text.z_do_kernel_oops
                0x0000000000019f38        0x8 zephyr/arch/arch/arm/core/aarch32/libarch__arm__core__aarch32.a(fatal.c.obj)
                0x0000000000019f38                z_do_kernel_oops
 .text.z_irq_spurious
                0x0000000000019f40        0x8 zephyr/arch/arch/arm/core/aarch32/libarch__arm__core__aarch32.a(irq_manage.c.obj)
                0x0000000000019f40                z_irq_spurious
 .text.z_arm_nmi
                0x0000000000019f48        0xe zephyr/arch/arch/arm/core/aarch32/libarch__arm__core__aarch32.a(nmi.c.obj)
                0x0000000000019f48                z_arm_nmi
 .text.strcpy   0x0000000000019f56       0x14 zephyr/lib/libc/minimal/liblib__libc__minimal.a(string.c.obj)
                0x0000000000019f56                strcpy
 .text.strlen   0x0000000000019f6a        0xe zephyr/lib/libc/minimal/liblib__libc__minimal.a(string.c.obj)
                0x0000000000019f6a                strlen
 .text.strnlen  0x0000000000019f78       0x12 zephyr/lib/libc/minimal/liblib__libc__minimal.a(string.c.obj)
                0x0000000000019f78                strnlen
 .text.strcmp   0x0000000000019f8a       0x18 zephyr/lib/libc/minimal/liblib__libc__minimal.a(string.c.obj)
                0x0000000000019f8a                strcmp
 .text.memcpy   0x0000000000019fa2       0x16 zephyr/lib/libc/minimal/liblib__libc__minimal.a(string.c.obj)
                0x0000000000019fa2                memcpy
 .text.memset   0x0000000000019fb8       0x12 zephyr/lib/libc/minimal/liblib__libc__minimal.a(string.c.obj)
                0x0000000000019fb8                memset
 .text._stdout_hook_default
                0x0000000000019fca        0x6 zephyr/lib/libc/minimal/liblib__libc__minimal.a(stdout_console.c.obj)
 .text.pm_state_set
                0x0000000000019fd0       0x18 zephyr/soc/arm/nordic_nrf/nrf52/libsoc__arm__nordic_nrf__nrf52.a(power.c.obj)
                0x0000000000019fd0                pm_state_set
 .text.pm_state_exit_post_ops
                0x0000000000019fe8        0xc zephyr/soc/arm/nordic_nrf/nrf52/libsoc__arm__nordic_nrf__nrf52.a(power.c.obj)
                0x0000000000019fe8                pm_state_exit_post_ops
 .text.ep_ctx_reset
                0x0000000000019ff4       0x26 zephyr/drivers/usb/device/libdrivers__usb__device.a(usb_dc_nrfx.c.obj)
 .text.k_mutex_lock.constprop.0.isra.0
                0x000000000001a01a        0x4 zephyr/drivers/usb/device/libdrivers__usb__device.a(usb_dc_nrfx.c.obj)
 .text.k_mutex_unlock.isra.0
                0x000000000001a01e        0x4 zephyr/drivers/usb/device/libdrivers__usb__device.a(usb_dc_nrfx.c.obj)
 .text.usb_dc_ep_check_cap
                0x000000000001a022       0x30 zephyr/drivers/usb/device/libdrivers__usb__device.a(usb_dc_nrfx.c.obj)
                0x000000000001a022                usb_dc_ep_check_cap
 .text.usb_dc_ep_read
                0x000000000001a052       0x1e zephyr/drivers/usb/device/libdrivers__usb__device.a(usb_dc_nrfx.c.obj)
                0x000000000001a052                usb_dc_ep_read
 .text.get_status
                0x000000000001a070       0x12 zephyr/drivers/clock_control/libdrivers__clock_control.a(clock_control_nrf.c.obj)
 .text.set_on_state
                0x000000000001a082       0x26 zephyr/drivers/clock_control/libdrivers__clock_control.a(clock_control_nrf.c.obj)
 .text.stop     0x000000000001a0a8       0x52 zephyr/drivers/clock_control/libdrivers__clock_control.a(clock_control_nrf.c.obj)
 .text.api_stop
                0x000000000001a0fa        0x6 zephyr/drivers/clock_control/libdrivers__clock_control.a(clock_control_nrf.c.obj)
 .text.async_start
                0x000000000001a100       0x62 zephyr/drivers/clock_control/libdrivers__clock_control.a(clock_control_nrf.c.obj)
 .text.api_start
                0x000000000001a162        0xe zephyr/drivers/clock_control/libdrivers__clock_control.a(clock_control_nrf.c.obj)
 .text.onoff_started_callback
                0x000000000001a170       0x12 zephyr/drivers/clock_control/libdrivers__clock_control.a(clock_control_nrf.c.obj)
 .text.lfclk_start
                0x000000000001a182        0x6 zephyr/drivers/clock_control/libdrivers__clock_control.a(clock_control_nrf.c.obj)
 .text.lfclk_stop
                0x000000000001a188        0x6 zephyr/drivers/clock_control/libdrivers__clock_control.a(clock_control_nrf.c.obj)
 .text.blocking_start_callback
                0x000000000001a18e        0x6 zephyr/drivers/clock_control/libdrivers__clock_control.a(clock_control_nrf.c.obj)
 .text.gpio_nrfx_port_get_raw
                0x000000000001a194        0xe zephyr/drivers/gpio/libdrivers__gpio.a(gpio_nrfx.c.obj)
 .text.gpio_nrfx_port_set_masked_raw
                0x000000000001a1a2       0x16 zephyr/drivers/gpio/libdrivers__gpio.a(gpio_nrfx.c.obj)
 .text.gpio_nrfx_port_set_bits_raw
                0x000000000001a1b8        0xc zephyr/drivers/gpio/libdrivers__gpio.a(gpio_nrfx.c.obj)
 .text.gpio_nrfx_port_clear_bits_raw
                0x000000000001a1c4        0xc zephyr/drivers/gpio/libdrivers__gpio.a(gpio_nrfx.c.obj)
 .text.gpio_nrfx_port_toggle_bits
                0x000000000001a1d0       0x12 zephyr/drivers/gpio/libdrivers__gpio.a(gpio_nrfx.c.obj)
 .text.gpio_nrfx_manage_callback
                0x000000000001a1e2       0x54 zephyr/drivers/gpio/libdrivers__gpio.a(gpio_nrfx.c.obj)
 .text.i2c_nrfx_twim_configure
                0x000000000001a236       0x4e zephyr/drivers/i2c/libdrivers__i2c.a(i2c_nrfx_twim.c.obj)
 .text.pinctrl_apply_state.constprop.0
                0x000000000001a284       0x20 zephyr/drivers/i2c/libdrivers__i2c.a(i2c_nrfx_twim.c.obj)
 .text.twim_1_init
                0x000000000001a2a4       0x26 zephyr/drivers/i2c/libdrivers__i2c.a(i2c_nrfx_twim.c.obj)
 .text.twim_0_init
                0x000000000001a2ca       0x26 zephyr/drivers/i2c/libdrivers__i2c.a(i2c_nrfx_twim.c.obj)
 .text.vl53l0x_channel_get
                0x000000000001a2f0       0x40 zephyr/drivers/sensor/vl53l0x/libdrivers__sensor__vl53l0x.a(vl53l0x.c.obj)
 .text.vl53l0x_start
                0x000000000001a330      0x11c zephyr/drivers/sensor/vl53l0x/libdrivers__sensor__vl53l0x.a(vl53l0x.c.obj)
 .text.vl53l0x_sample_fetch
                0x000000000001a44c       0x28 zephyr/drivers/sensor/vl53l0x/libdrivers__sensor__vl53l0x.a(vl53l0x.c.obj)
 .text.vl53l0x_init
                0x000000000001a474       0x56 zephyr/drivers/sensor/vl53l0x/libdrivers__sensor__vl53l0x.a(vl53l0x.c.obj)
 .text.i2c_burst_read
                0x000000000001a4ca       0x34 zephyr/drivers/sensor/vl53l0x/libdrivers__sensor__vl53l0x.a(vl53l0x_platform.c.obj)
 .text.i2c_write
                0x000000000001a4fe       0x1a zephyr/drivers/sensor/vl53l0x/libdrivers__sensor__vl53l0x.a(vl53l0x_platform.c.obj)
 .text.VL53L0X_WriteMulti
                0x000000000001a518       0x40 zephyr/drivers/sensor/vl53l0x/libdrivers__sensor__vl53l0x.a(vl53l0x_platform.c.obj)
                0x000000000001a518                VL53L0X_WriteMulti
 .text.VL53L0X_ReadMulti
                0x000000000001a558       0x24 zephyr/drivers/sensor/vl53l0x/libdrivers__sensor__vl53l0x.a(vl53l0x_platform.c.obj)
                0x000000000001a558                VL53L0X_ReadMulti
 .text.VL53L0X_WrByte
                0x000000000001a57c       0x2a zephyr/drivers/sensor/vl53l0x/libdrivers__sensor__vl53l0x.a(vl53l0x_platform.c.obj)
                0x000000000001a57c                VL53L0X_WrByte
 .text.VL53L0X_WrWord
                0x000000000001a5a6       0x30 zephyr/drivers/sensor/vl53l0x/libdrivers__sensor__vl53l0x.a(vl53l0x_platform.c.obj)
                0x000000000001a5a6                VL53L0X_WrWord
 .text.VL53L0X_RdByte
                0x000000000001a5d6       0x44 zephyr/drivers/sensor/vl53l0x/libdrivers__sensor__vl53l0x.a(vl53l0x_platform.c.obj)
                0x000000000001a5d6                VL53L0X_RdByte
 .text.VL53L0X_UpdateByte
                0x000000000001a61a       0x34 zephyr/drivers/sensor/vl53l0x/libdrivers__sensor__vl53l0x.a(vl53l0x_platform.c.obj)
                0x000000000001a61a                VL53L0X_UpdateByte
 .text.VL53L0X_RdWord
                0x000000000001a64e       0x36 zephyr/drivers/sensor/vl53l0x/libdrivers__sensor__vl53l0x.a(vl53l0x_platform.c.obj)
                0x000000000001a64e                VL53L0X_RdWord
 .text.VL53L0X_RdDWord
                0x000000000001a684       0x46 zephyr/drivers/sensor/vl53l0x/libdrivers__sensor__vl53l0x.a(vl53l0x_platform.c.obj)
                0x000000000001a684                VL53L0X_RdDWord
 .text.VL53L0X_PollingDelay
                0x000000000001a6ca        0xe zephyr/drivers/sensor/vl53l0x/libdrivers__sensor__vl53l0x.a(vl53l0x_platform.c.obj)
                0x000000000001a6ca                VL53L0X_PollingDelay
 .text.spi_context_get_next_buf.constprop.0
                0x000000000001a6d8       0x22 zephyr/drivers/spi/libdrivers__spi.a(spi_nrfx_spim.c.obj)
 .text.gpio_pin_set_dt.isra.0
                0x000000000001a6fa       0x28 zephyr/drivers/spi/libdrivers__spi.a(spi_nrfx_spim.c.obj)
 .text._spi_context_cs_control
                0x000000000001a722       0x44 zephyr/drivers/spi/libdrivers__spi.a(spi_nrfx_spim.c.obj)
 .text.spi_context_unlock_unconditionally
                0x000000000001a766       0x20 zephyr/drivers/spi/libdrivers__spi.a(spi_nrfx_spim.c.obj)
 .text.spi_nrfx_release
                0x000000000001a786       0x24 zephyr/drivers/spi/libdrivers__spi.a(spi_nrfx_spim.c.obj)
 .text.spi_2_init
                0x000000000001a7aa       0xb4 zephyr/drivers/spi/libdrivers__spi.a(spi_nrfx_spim.c.obj)
 .text.event_handler
                0x000000000001a85e       0x88 zephyr/drivers/spi/libdrivers__spi.a(spi_nrfx_spim.c.obj)
 .text.z_impl_hwinfo_get_device_id
                0x000000000001a8e6       0x28 zephyr/drivers/hwinfo/libdrivers__hwinfo.a(hwinfo_nrf.c.obj)
                0x000000000001a8e6                z_impl_hwinfo_get_device_id
 .text.gpio_pin_set_dt
                0x000000000001a90e       0x28 zephyr/drivers/regulator/libdrivers__regulator.a(regulator_fixed.c.obj)
 .text.disable_onoff
                0x000000000001a936        0x8 zephyr/drivers/regulator/libdrivers__regulator.a(regulator_fixed.c.obj)
 .text.enable_onoff
                0x000000000001a93e        0x8 zephyr/drivers/regulator/libdrivers__regulator.a(regulator_fixed.c.obj)
 .text.disable_sync
                0x000000000001a946       0x48 zephyr/drivers/regulator/libdrivers__regulator.a(regulator_fixed.c.obj)
 .text.enable_sync
                0x000000000001a98e       0x38 zephyr/drivers/regulator/libdrivers__regulator.a(regulator_fixed.c.obj)
 .text.common_init.isra.0
                0x000000000001a9c6       0x64 zephyr/drivers/regulator/libdrivers__regulator.a(regulator_fixed.c.obj)
 .text.regulator_fixed_init_sync
                0x000000000001aa2a        0x6 zephyr/drivers/regulator/libdrivers__regulator.a(regulator_fixed.c.obj)
 .text.onoff_worker
                0x000000000001aa30       0x54 zephyr/drivers/regulator/libdrivers__regulator.a(regulator_fixed.c.obj)
 .text.stop     0x000000000001aa84       0x52 zephyr/drivers/regulator/libdrivers__regulator.a(regulator_fixed.c.obj)
 .text.start    0x000000000001aad6       0x52 zephyr/drivers/regulator/libdrivers__regulator.a(regulator_fixed.c.obj)
 .text.uart_nrfx_config_get
                0x000000000001ab28       0x10 zephyr/drivers/serial/libdrivers__serial.a(uart_nrfx_uart.c.obj)
 .text.uart_nrfx_irq_update
                0x000000000001ab38        0x4 zephyr/drivers/serial/libdrivers__serial.a(uart_nrfx_uart.c.obj)
 .text.sys_clock_idle_exit
                0x000000000001ab3c        0x2 zephyr/drivers/timer/libdrivers__timer.a(sys_clock_init.c.obj)
                0x000000000001ab3c                sys_clock_idle_exit
 .text.pinctrl_lookup_state
                0x000000000001ab3e       0x30 zephyr/drivers/pinctrl/libdrivers__pinctrl.a(common.c.obj)
                0x000000000001ab3e                pinctrl_lookup_state
 .text.nrf_gpio_pin_write
                0x000000000001ab6e        0xa zephyr/drivers/pinctrl/libdrivers__pinctrl.a(pinctrl_nrf.c.obj)
 .text.pinctrl_configure_pins
                0x000000000001ab78      0x108 zephyr/drivers/pinctrl/libdrivers__pinctrl.a(pinctrl_nrf.c.obj)
                0x000000000001ab78                pinctrl_configure_pins
 .text.nrf52_errata_36
                0x000000000001ac80       0x12 modules/hal_nordic/nrfx/libmodules__hal_nordic__nrfx.a(system_nrf52840.c.obj)
 .text.nrfx_isr
                0x000000000001ac92        0x2 modules/hal_nordic/nrfx/libmodules__hal_nordic__nrfx.a(nrfx_glue.c.obj)
                0x000000000001ac92                nrfx_isr
 .text.nrfx_busy_wait
                0x000000000001ac94        0x4 modules/hal_nordic/nrfx/libmodules__hal_nordic__nrfx.a(nrfx_glue.c.obj)
                0x000000000001ac94                nrfx_busy_wait
 .text.nrfx_clock_start
                0x000000000001ac98       0x7a modules/hal_nordic/nrfx/libmodules__hal_nordic__nrfx.a(nrfx_clock.c.obj)
                0x000000000001ac98                nrfx_clock_start
 .text.nrfx_clock_stop
                0x000000000001ad12        0x4 modules/hal_nordic/nrfx/libmodules__hal_nordic__nrfx.a(nrfx_clock.c.obj)
                0x000000000001ad12                nrfx_clock_stop
 .text.nrf_gpio_reconfigure
                0x000000000001ad16       0x8e modules/hal_nordic/nrfx/libmodules__hal_nordic__nrfx.a(nrfx_gpiote.c.obj)
 .text.nrf_gpio_cfg_sense_set
                0x000000000001ada4       0x1e modules/hal_nordic/nrfx/libmodules__hal_nordic__nrfx.a(nrfx_gpiote.c.obj)
 .text.nrf_power_event_get_and_clear.constprop.0
                0x000000000001adc2       0x18 modules/hal_nordic/nrfx/libmodules__hal_nordic__nrfx.a(nrfx_power.c.obj)
 .text.nrfx_power_usbevt_enable
                0x000000000001adda        0xe modules/hal_nordic/nrfx/libmodules__hal_nordic__nrfx.a(nrfx_power.c.obj)
                0x000000000001adda                nrfx_power_usbevt_enable
 .text.nrfx_power_usbevt_disable
                0x000000000001ade8        0xe modules/hal_nordic/nrfx/libmodules__hal_nordic__nrfx.a(nrfx_power.c.obj)
                0x000000000001ade8                nrfx_power_usbevt_disable
 .text.nrfx_power_clock_irq_handler
                0x000000000001adf6        0xe modules/hal_nordic/nrfx/libmodules__hal_nordic__nrfx.a(nrfx_power.c.obj)
                0x000000000001adf6                nrfx_power_clock_irq_handler
 .text.nrf_gpio_cfg_default
                0x000000000001ae04       0x1c modules/hal_nordic/nrfx/libmodules__hal_nordic__nrfx.a(nrfx_spim.c.obj)
 .text.nrf_gpio_pin_write
                0x000000000001ae20       0x2c modules/hal_nordic/nrfx/libmodules__hal_nordic__nrfx.a(nrfx_spim.c.obj)
 .text.set_ss_pin_state
                0x000000000001ae4c       0x18 modules/hal_nordic/nrfx/libmodules__hal_nordic__nrfx.a(nrfx_spim.c.obj)
 .text.xfer_completeness_check
                0x000000000001ae64       0x60 modules/hal_nordic/nrfx/libmodules__hal_nordic__nrfx.a(nrfx_twim.c.obj)
 .text.nrf52_errata_166
                0x000000000001aec4       0x12 modules/hal_nordic/nrfx/libmodules__hal_nordic__nrfx.a(nrfx_usbd.c.obj)
 .text.nrfx_usbd_consumer
                0x000000000001aed6       0x2e modules/hal_nordic/nrfx/libmodules__hal_nordic__nrfx.a(nrfx_usbd.c.obj)
                0x000000000001aed6                nrfx_usbd_consumer
 .text.nrfx_usbd_feeder_ram
                0x000000000001af04       0x22 modules/hal_nordic/nrfx/libmodules__hal_nordic__nrfx.a(nrfx_usbd.c.obj)
                0x000000000001af04                nrfx_usbd_feeder_ram
 .text.nrfx_usbd_feeder_ram_zlp
                0x000000000001af26       0x2a modules/hal_nordic/nrfx/libmodules__hal_nordic__nrfx.a(nrfx_usbd.c.obj)
                0x000000000001af26                nrfx_usbd_feeder_ram_zlp
 .text.ep2bit   0x000000000001af50       0x12 modules/hal_nordic/nrfx/libmodules__hal_nordic__nrfx.a(nrfx_usbd.c.obj)
 .text.ev_started_handler
                0x000000000001af62        0x2 modules/hal_nordic/nrfx/libmodules__hal_nordic__nrfx.a(nrfx_usbd.c.obj)
 .text.nrf_usbd_epin_dma_handler
                0x000000000001af64       0x32 modules/hal_nordic/nrfx/libmodules__hal_nordic__nrfx.a(nrfx_usbd.c.obj)
 .text.ev_dma_epin7_handler
                0x000000000001af96        0x6 modules/hal_nordic/nrfx/libmodules__hal_nordic__nrfx.a(nrfx_usbd.c.obj)
 .text.ev_dma_epin6_handler
                0x000000000001af9c        0x6 modules/hal_nordic/nrfx/libmodules__hal_nordic__nrfx.a(nrfx_usbd.c.obj)
 .text.ev_dma_epin5_handler
                0x000000000001afa2        0x6 modules/hal_nordic/nrfx/libmodules__hal_nordic__nrfx.a(nrfx_usbd.c.obj)
 .text.ev_dma_epin4_handler
                0x000000000001afa8        0x6 modules/hal_nordic/nrfx/libmodules__hal_nordic__nrfx.a(nrfx_usbd.c.obj)
 .text.ev_dma_epin3_handler
                0x000000000001afae        0x6 modules/hal_nordic/nrfx/libmodules__hal_nordic__nrfx.a(nrfx_usbd.c.obj)
 .text.ev_dma_epin2_handler
                0x000000000001afb4        0x6 modules/hal_nordic/nrfx/libmodules__hal_nordic__nrfx.a(nrfx_usbd.c.obj)
 .text.ev_dma_epin1_handler
                0x000000000001afba        0x6 modules/hal_nordic/nrfx/libmodules__hal_nordic__nrfx.a(nrfx_usbd.c.obj)
 .text.ev_dma_epin0_handler
                0x000000000001afc0        0x4 modules/hal_nordic/nrfx/libmodules__hal_nordic__nrfx.a(nrfx_usbd.c.obj)
 .text.nrfx_usbd_ep_max_packet_size_set
                0x000000000001afc4        0xa modules/hal_nordic/nrfx/libmodules__hal_nordic__nrfx.a(nrfx_usbd.c.obj)
                0x000000000001afc4                nrfx_usbd_ep_max_packet_size_set
 .text.nrfx_usbd_ep_status_get
                0x000000000001afce       0x2e modules/hal_nordic/nrfx/libmodules__hal_nordic__nrfx.a(nrfx_usbd.c.obj)
                0x000000000001afce                nrfx_usbd_ep_status_get
 .text.ev_dma_epout7_handler
                0x000000000001affc        0x6 modules/hal_nordic/nrfx/libmodules__hal_nordic__nrfx.a(nrfx_usbd.c.obj)
 .text.ev_dma_epout6_handler
                0x000000000001b002        0x6 modules/hal_nordic/nrfx/libmodules__hal_nordic__nrfx.a(nrfx_usbd.c.obj)
 .text.ev_dma_epout5_handler
                0x000000000001b008        0x6 modules/hal_nordic/nrfx/libmodules__hal_nordic__nrfx.a(nrfx_usbd.c.obj)
 .text.ev_dma_epout4_handler
                0x000000000001b00e        0x6 modules/hal_nordic/nrfx/libmodules__hal_nordic__nrfx.a(nrfx_usbd.c.obj)
 .text.ev_dma_epout3_handler
                0x000000000001b014        0x6 modules/hal_nordic/nrfx/libmodules__hal_nordic__nrfx.a(nrfx_usbd.c.obj)
 .text.ev_dma_epout2_handler
                0x000000000001b01a        0x6 modules/hal_nordic/nrfx/libmodules__hal_nordic__nrfx.a(nrfx_usbd.c.obj)
 .text.ev_dma_epout1_handler
                0x000000000001b020        0x6 modules/hal_nordic/nrfx/libmodules__hal_nordic__nrfx.a(nrfx_usbd.c.obj)
 .text.nrfx_usbd_ep_abort
                0x000000000001b026        0x4 modules/hal_nordic/nrfx/libmodules__hal_nordic__nrfx.a(nrfx_usbd.c.obj)
                0x000000000001b026                nrfx_usbd_ep_abort
 .text.nrf_gpio_pin_set
                0x000000000001b02a       0x1a modules/hal_nordic/nrfx/libmodules__hal_nordic__nrfx.a(nrfx_twi_twim.c.obj)
 .text.VL53L0X_GetDeviceInfo
                0x000000000001b044        0x4 modules/st/lib..__modules__hal__st.a(vl53l0x_api.c.obj)
                0x000000000001b044                VL53L0X_GetDeviceInfo
 .text.VL53L0X_GetFractionEnable
                0x000000000001b048       0x18 modules/st/lib..__modules__hal__st.a(vl53l0x_api.c.obj)
                0x000000000001b048                VL53L0X_GetFractionEnable
 .text.VL53L0X_SetMeasurementTimingBudgetMicroSeconds
                0x000000000001b060        0x4 modules/st/lib..__modules__hal__st.a(vl53l0x_api.c.obj)
                0x000000000001b060                VL53L0X_SetMeasurementTimingBudgetMicroSeconds
 .text.VL53L0X_SetVcselPulsePeriod
                0x000000000001b064        0x4 modules/st/lib..__modules__hal__st.a(vl53l0x_api.c.obj)
                0x000000000001b064                VL53L0X_SetVcselPulsePeriod
 .text.VL53L0X_GetVcselPulsePeriod
                0x000000000001b068        0x4 modules/st/lib..__modules__hal__st.a(vl53l0x_api.c.obj)
                0x000000000001b068                VL53L0X_GetVcselPulsePeriod
 .text.VL53L0X_SetSequenceStepEnable
                0x000000000001b06c       0xa4 modules/st/lib..__modules__hal__st.a(vl53l0x_api.c.obj)
                0x000000000001b06c                VL53L0X_SetSequenceStepEnable
 .text.VL53L0X_GetSequenceStepEnables
                0x000000000001b110       0x3a modules/st/lib..__modules__hal__st.a(vl53l0x_api.c.obj)
                0x000000000001b110                VL53L0X_GetSequenceStepEnables
 .text.VL53L0X_GetInterMeasurementPeriodMilliSeconds
                0x000000000001b14a       0x34 modules/st/lib..__modules__hal__st.a(vl53l0x_api.c.obj)
                0x000000000001b14a                VL53L0X_GetInterMeasurementPeriodMilliSeconds
 .text.VL53L0X_GetXTalkCompensationEnable
                0x000000000001b17e        0x8 modules/st/lib..__modules__hal__st.a(vl53l0x_api.c.obj)
                0x000000000001b17e                VL53L0X_GetXTalkCompensationEnable
 .text.VL53L0X_GetXTalkCompensationRateMegaCps
                0x000000000001b186       0x2e modules/st/lib..__modules__hal__st.a(vl53l0x_api.c.obj)
                0x000000000001b186                VL53L0X_GetXTalkCompensationRateMegaCps
 .text.VL53L0X_SetLimitCheckEnable
                0x000000000001b1b4       0x7e modules/st/lib..__modules__hal__st.a(vl53l0x_api.c.obj)
                0x000000000001b1b4                VL53L0X_SetLimitCheckEnable
 .text.VL53L0X_GetLimitCheckEnable
                0x000000000001b232       0x18 modules/st/lib..__modules__hal__st.a(vl53l0x_api.c.obj)
                0x000000000001b232                VL53L0X_GetLimitCheckEnable
 .text.VL53L0X_SetLimitCheckValue
                0x000000000001b24a       0x5a modules/st/lib..__modules__hal__st.a(vl53l0x_api.c.obj)
                0x000000000001b24a                VL53L0X_SetLimitCheckValue
 .text.VL53L0X_GetLimitCheckValue
                0x000000000001b2a4       0x6a modules/st/lib..__modules__hal__st.a(vl53l0x_api.c.obj)
                0x000000000001b2a4                VL53L0X_GetLimitCheckValue
 .text.VL53L0X_GetWrapAroundCheckEnable
                0x000000000001b30e       0x26 modules/st/lib..__modules__hal__st.a(vl53l0x_api.c.obj)
                0x000000000001b30e                VL53L0X_GetWrapAroundCheckEnable
 .text.VL53L0X_GetDeviceParameters
                0x000000000001b334       0x76 modules/st/lib..__modules__hal__st.a(vl53l0x_api.c.obj)
                0x000000000001b334                VL53L0X_GetDeviceParameters
 .text.VL53L0X_PerformRefCalibration
                0x000000000001b3aa        0x6 modules/st/lib..__modules__hal__st.a(vl53l0x_api.c.obj)
                0x000000000001b3aa                VL53L0X_PerformRefCalibration
 .text.VL53L0X_GetRangingMeasurementData
                0x000000000001b3b0      0x130 modules/st/lib..__modules__hal__st.a(vl53l0x_api.c.obj)
                0x000000000001b3b0                VL53L0X_GetRangingMeasurementData
 .text.VL53L0X_StartMeasurement
                0x000000000001b4e0       0xd8 modules/st/lib..__modules__hal__st.a(vl53l0x_api.c.obj)
                0x000000000001b4e0                VL53L0X_StartMeasurement
 .text.VL53L0X_PerformSingleMeasurement
                0x000000000001b5b8       0x28 modules/st/lib..__modules__hal__st.a(vl53l0x_api.c.obj)
                0x000000000001b5b8                VL53L0X_PerformSingleMeasurement
 .text.VL53L0X_ClearInterruptMask